Archive member included to satisfy reference by file (symbol)

C:/Users/Matt/.pico-sdk/toolchain/14_2_Rel1/bin/../lib/gcc/arm-none-eabi/14.2.1/thumb/v8-m.main+fp/softfp\libm.a(libm_a-wf_sqrt.o)
                              CMakeFiles/picow_tcpip_server_background.dir/C_/Users/Matt/.pico-sdk/sdk/2.2.0/src/rp2_common/pico_float/float_math.c.obj (sqrtf)
C:/Users/Matt/.pico-sdk/toolchain/14_2_Rel1/bin/../lib/gcc/arm-none-eabi/14.2.1/thumb/v8-m.main+fp/softfp\libm.a(libm_a-ef_sqrt.o)
                              C:/Users/Matt/.pico-sdk/toolchain/14_2_Rel1/bin/../lib/gcc/arm-none-eabi/14.2.1/thumb/v8-m.main+fp/softfp\libm.a(libm_a-wf_sqrt.o) (__ieee754_sqrtf)
C:/Users/Matt/.pico-sdk/toolchain/14_2_Rel1/bin/../lib/gcc/arm-none-eabi/14.2.1/thumb/v8-m.main+fp/softfp\libgcc.a(_arm_addsubdf3.o)
                              CMakeFiles/picow_tcpip_server_background.dir/C_/Users/Matt/.pico-sdk/sdk/2.2.0/src/rp2_common/pico_float/float_math.c.obj (__aeabi_f2d)
C:/Users/Matt/.pico-sdk/toolchain/14_2_Rel1/bin/../lib/gcc/arm-none-eabi/14.2.1/thumb/v8-m.main+fp/softfp\libgcc.a(_aeabi_ldivmod.o)
                              CMakeFiles/picow_tcpip_server_background.dir/C_/Users/Matt/.pico-sdk/sdk/2.2.0/src/common/pico_time/time.c.obj (__aeabi_ldivmod)
C:/Users/Matt/.pico-sdk/toolchain/14_2_Rel1/bin/../lib/gcc/arm-none-eabi/14.2.1/thumb/v8-m.main+fp/softfp\libgcc.a(_aeabi_uldivmod.o)
                              CMakeFiles/picow_tcpip_server_background.dir/C_/Users/Matt/.pico-sdk/sdk/2.2.0/src/rp2_common/pico_lwip/lwip_nosys.c.obj (__aeabi_uldivmod)
C:/Users/Matt/.pico-sdk/toolchain/14_2_Rel1/bin/../lib/gcc/arm-none-eabi/14.2.1/thumb/v8-m.main+fp/softfp\libgcc.a(_udivmoddi4.o)
                              C:/Users/Matt/.pico-sdk/toolchain/14_2_Rel1/bin/../lib/gcc/arm-none-eabi/14.2.1/thumb/v8-m.main+fp/softfp\libgcc.a(_aeabi_ldivmod.o) (__udivmoddi4)
C:/Users/Matt/.pico-sdk/toolchain/14_2_Rel1/bin/../lib/gcc/arm-none-eabi/14.2.1/thumb/v8-m.main+fp/softfp\libgcc.a(_dvmd_tls.o)
                              C:/Users/Matt/.pico-sdk/toolchain/14_2_Rel1/bin/../lib/gcc/arm-none-eabi/14.2.1/thumb/v8-m.main+fp/softfp\libgcc.a(_aeabi_ldivmod.o) (__aeabi_ldiv0)
C:/Users/Matt/.pico-sdk/toolchain/14_2_Rel1/bin/../lib/gcc/arm-none-eabi/14.2.1/thumb/v8-m.main+fp/softfp\libg.a(libc_a-atoi.o)
                              CMakeFiles/picow_tcpip_server_background.dir/C_/Users/Matt/.pico-sdk/sdk/2.2.0/lib/lwip/src/core/netif.c.obj (atoi)
C:/Users/Matt/.pico-sdk/toolchain/14_2_Rel1/bin/../lib/gcc/arm-none-eabi/14.2.1/thumb/v8-m.main+fp/softfp\libg.a(libc_a-calloc.o)
                              CMakeFiles/picow_tcpip_server_background.dir/C_/Users/Matt/.pico-sdk/sdk/2.2.0/src/rp2_common/pico_malloc/malloc.c.obj (calloc)
C:/Users/Matt/.pico-sdk/toolchain/14_2_Rel1/bin/../lib/gcc/arm-none-eabi/14.2.1/thumb/v8-m.main+fp/softfp\libg.a(libc_a-callocr.o)
                              C:/Users/Matt/.pico-sdk/toolchain/14_2_Rel1/bin/../lib/gcc/arm-none-eabi/14.2.1/thumb/v8-m.main+fp/softfp\libg.a(libc_a-calloc.o) (_calloc_r)
C:/Users/Matt/.pico-sdk/toolchain/14_2_Rel1/bin/../lib/gcc/arm-none-eabi/14.2.1/thumb/v8-m.main+fp/softfp\libg.a(libc_a-malloc.o)
                              CMakeFiles/picow_tcpip_server_background.dir/C_/Users/Matt/.pico-sdk/sdk/2.2.0/src/rp2_common/pico_malloc/malloc.c.obj (malloc)
C:/Users/Matt/.pico-sdk/toolchain/14_2_Rel1/bin/../lib/gcc/arm-none-eabi/14.2.1/thumb/v8-m.main+fp/softfp\libg.a(libc_a-mallocr.o)
                              C:/Users/Matt/.pico-sdk/toolchain/14_2_Rel1/bin/../lib/gcc/arm-none-eabi/14.2.1/thumb/v8-m.main+fp/softfp\libg.a(libc_a-callocr.o) (_malloc_r)
C:/Users/Matt/.pico-sdk/toolchain/14_2_Rel1/bin/../lib/gcc/arm-none-eabi/14.2.1/thumb/v8-m.main+fp/softfp\libg.a(libc_a-mlock.o)
                              C:/Users/Matt/.pico-sdk/toolchain/14_2_Rel1/bin/../lib/gcc/arm-none-eabi/14.2.1/thumb/v8-m.main+fp/softfp\libg.a(libc_a-mallocr.o) (__malloc_lock)
C:/Users/Matt/.pico-sdk/toolchain/14_2_Rel1/bin/../lib/gcc/arm-none-eabi/14.2.1/thumb/v8-m.main+fp/softfp\libg.a(libc_a-realloc.o)
                              CMakeFiles/picow_tcpip_server_background.dir/C_/Users/Matt/.pico-sdk/sdk/2.2.0/src/rp2_common/pico_malloc/malloc.c.obj (realloc)
C:/Users/Matt/.pico-sdk/toolchain/14_2_Rel1/bin/../lib/gcc/arm-none-eabi/14.2.1/thumb/v8-m.main+fp/softfp\libg.a(libc_a-reallocr.o)
                              C:/Users/Matt/.pico-sdk/toolchain/14_2_Rel1/bin/../lib/gcc/arm-none-eabi/14.2.1/thumb/v8-m.main+fp/softfp\libg.a(libc_a-realloc.o) (_realloc_r)
C:/Users/Matt/.pico-sdk/toolchain/14_2_Rel1/bin/../lib/gcc/arm-none-eabi/14.2.1/thumb/v8-m.main+fp/softfp\libg.a(libc_a-strtol.o)
                              C:/Users/Matt/.pico-sdk/toolchain/14_2_Rel1/bin/../lib/gcc/arm-none-eabi/14.2.1/thumb/v8-m.main+fp/softfp\libg.a(libc_a-atoi.o) (_strtol_r)
C:/Users/Matt/.pico-sdk/toolchain/14_2_Rel1/bin/../lib/gcc/arm-none-eabi/14.2.1/thumb/v8-m.main+fp/softfp\libg.a(libc_a-ctype_.o)
[...]
Memory Configuration

Name             Origin             Length             Attributes
FLASH            0x10000000         0x00400000         xr
RAM              0x20000000         0x00080000         xrw
SCRATCH_X        0x20080000         0x00001000         xrw
SCRATCH_Y        0x20081000         0x00001000         xrw
*default*        0x00000000         0xffffffff

Linker script and memory map

LOAD C:/Users/Matt/.pico-sdk/toolchain/14_2_Rel1/bin/../lib/gcc/arm-none-eabi/14.2.1/thumb/v8-m.main+fp/softfp/crti.o
LOAD C:/Users/Matt/.pico-sdk/toolchain/14_2_Rel1/bin/../lib/gcc/arm-none-eabi/14.2.1/thumb/v8-m.main+fp/softfp/crtbegin.o
LOAD C:/Users/Matt/.pico-sdk/toolchain/14_2_Rel1/bin/../lib/gcc/arm-none-eabi/14.2.1/thumb/v8-m.main+fp/softfp/crt0.o

.flash_begin    0x10000000        0x0
                0x10000000                        __flash_binary_start = .

.text           0x10000000    0x11cc0
                0x10000000                        __logical_binary_start = .
 *(.vectors)
 .vectors       0x10000000      0x124 CMakeFiles/picow_tcpip_server_background.dir/C_/Users/Matt/.pico-sdk/sdk/2.2.0/src/rp2_common/pico_crt0/crt0.S.obj
                0x10000000                __VECTOR_TABLE
                0x10000000                __vectors
                0x10000110                __unhandled_user_irq
                0x10000110                isr_irq49
                0x10000110                isr_irq13
                0x10000110                isr_irq43
                0x10000110                isr_irq45
                0x10000110                isr_irq27
                0x10000110                isr_irq32
                0x10000110                isr_irq31
                0x10000110                isr_irq12
                0x10000110                isr_irq5
                0x10000110                isr_irq11
                0x10000110                isr_irq3
                0x10000110                isr_irq23
                0x10000110                isr_usagefault
                0x10000110                isr_irq48
                0x10000110                isr_irq30
                0x10000110                isr_irq18
                0x10000110                isr_irq50
                0x10000110                isr_irq33
                0x10000110                isr_irq40
                0x10000110                isr_irq28
                0x10000110                isr_irq19
                0x10000110                isr_irq36
                0x10000110                isr_irq41
                0x10000110                isr_irq0
                0x10000110                isr_irq6
                0x10000110                isr_irq26
                0x10000110                isr_irq29
                0x10000110                isr_memmanage
                0x10000110                isr_irq37
                0x10000110                isr_irq42
                0x10000110                isr_irq22
                0x10000110                isr_irq35
                0x10000110                isr_irq17
                0x10000110                isr_irq38
                0x10000110                isr_irq14
                0x10000110                __vectors_end
                0x10000110                __default_isrs_start
                0x10000110                isr_irq2
                0x10000110                isr_irq10
                0x10000110                isr_irq8
                0x10000110                isr_debugmonitor
                0x10000110                isr_irq24
                0x10000110                isr_irq46
                0x10000110                isr_irq1
                0x10000110                isr_irq47
                0x10000110                isr_irq51
                0x10000110                isr_irq7
                0x10000110                isr_irq21
                0x10000110                isr_irq39
                0x10000110                isr_irq20
                0x10000110                isr_irq15
                0x10000110                isr_irq25
                0x10000110                isr_irq34
                0x10000110                isr_irq44
                0x10000110                isr_securefault
                0x10000110                isr_irq4
                0x10000110                isr_busfault
                0x10000110                isr_irq16
                0x10000110                isr_irq9
                0x10000116                unhandled_user_irq_num_in_r0
                0x10000118                isr_invalid
                0x1000011a                isr_nmi
                0x1000011c                isr_hardfault
                0x1000011e                isr_svcall
                0x10000120                isr_pendsv
                0x10000122                isr_systick
                0x10000124                __default_isrs_end
 *(.binary_info_header)
 .binary_info_header
                0x10000124       0x14 CMakeFiles/picow_tcpip_server_background.dir/C_/Users/Matt/.pico-sdk/sdk/2.2.0/src/rp2_common/pico_crt0/crt0.S.obj
                0x10000138                        __binary_info_header_end = .
 *(.embedded_block)
 .embedded_block
                0x10000138       0x14 CMakeFiles/picow_tcpip_server_background.dir/C_/Users/Matt/.pico-sdk/sdk/2.2.0/src/rp2_common/pico_crt0/crt0.S.obj
                0x1000014c                        __embedded_block_end = .
 *(.reset)
 .reset         0x1000014c       0x98 CMakeFiles/picow_tcpip_server_background.dir/C_/Users/Matt/.pico-sdk/sdk/2.2.0/src/rp2_common/pico_crt0/crt0.S.obj
                0x1000014c                _entry_point
 *(.init)
 .init          0x100001e4        0x4 C:/Users/Matt/.pico-sdk/toolchain/14_2_Rel1/bin/../lib/gcc/arm-none-eabi/14.2.1/thumb/v8-m.main+fp/softfp/crti.o
                0x100001e4                _init
 SORT_BY_NAME(REVERSE(*libgcc.a:cmse_nonsecure_call.o))()
 *(EXCLUDE_FILE(*libm.a: *libc.a:*lib_a-mem*.o *libgcc.a:) .text*)
 .text.register_tm_clones
                0x100001e8       0x28 C:/Users/Matt/.pico-sdk/toolchain/14_2_Rel1/bin/../lib/gcc/arm-none-eabi/14.2.1/thumb/v8-m.main+fp/softfp/crtbegin.o
 .text.frame_dummy
                0x10000210       0x24 C:/Users/Matt/.pico-sdk/toolchain/14_2_Rel1/bin/../lib/gcc/arm-none-eabi/14.2.1/thumb/v8-m.main+fp/softfp/crtbegin.o
 .text.tcp_accept_cb
                0x10000234       0x20 CMakeFiles/picow_tcpip_server_background.dir/picotcpserver.c.obj
 .text.tcp_recv_cb
                0x10000254       0x44 CMakeFiles/picow_tcpip_server_background.dir/picotcpserver.c.obj
 .text.start_tcp_server
                0x10000298       0x5c CMakeFiles/picow_tcpip_server_background.dir/picotcpserver.c.obj
                0x10000298                start_tcp_server
 .text.startup.main
                0x100002f4       0x58 CMakeFiles/picow_tcpip_server_background.dir/picotcpserver.c.obj
                0x100002f4                main
 .text.lwip_timeout_reached
                0x1000034c        0x4 CMakeFiles/picow_tcpip_server_background.dir/C_/Users/Matt/.pico-sdk/sdk/2.2.0/src/rp2_common/pico_lwip/lwip_nosys.c.obj
 .text.update_next_timeout
                0x10000350       0x5c CMakeFiles/picow_tcpip_server_background.dir/C_/Users/Matt/.pico-sdk/sdk/2.2.0/src/rp2_common/pico_lwip/lwip_nosys.c.obj
 .text.lwip_nosys_init
                0x100003ac       0x30 CMakeFiles/picow_tcpip_server_background.dir/C_/Users/Matt/.pico-sdk/sdk/2.2.0/src/rp2_common/pico_lwip/lwip_nosys.c.obj
                0x100003ac                lwip_nosys_init
 .text.lwip_nosys_deinit
                0x100003dc       0x24 CMakeFiles/picow_tcpip_server_background.dir/C_/Users/Matt/.pico-sdk/sdk/2.2.0/src/rp2_common/pico_lwip/lwip_nosys.c.obj
                0x100003dc                lwip_nosys_deinit
 .text.sys_arch_protect
                0x10000400        0x4 CMakeFiles/picow_tcpip_server_background.dir/C_/Users/Matt/.pico-sdk/sdk/2.2.0/src/rp2_common/pico_lwip/lwip_nosys.c.obj
                0x10000400                sys_arch_protect
 .text.sys_arch_unprotect
                0x10000404        0x4 CMakeFiles/picow_tcpip_server_background.dir/C_/Users/Matt/.pico-sdk/sdk/2.2.0/src/rp2_common/pico_lwip/lwip_nosys.c.obj
                0x10000404                sys_arch_unprotect
 .text.sys_now  0x10000408       0x24 CMakeFiles/picow_tcpip_server_background.dir/C_/Users/Matt/.pico-sdk/sdk/2.2.0/src/rp2_common/pico_lwip/lwip_nosys.c.obj
                0x10000408                sys_now
 .text.async_context_base_add_at_time_worker
                0x1000042c       0x24 CMakeFiles/picow_tcpip_server_background.dir/C_/Users/Matt/.pico-sdk/sdk/2.2.0/src/rp2_common/pico_async_context/async_context_base.c.obj
                0x1000042c                async_context_base_add_at_time_worker
 .text.async_context_base_remove_at_time_worker
                0x10000450       0x20 CMakeFiles/picow_tcpip_server_background.dir/C_/Users/Matt/.pico-sdk/sdk/2.2.0/src/rp2_common/pico_async_context/async_context_base.c.obj
                0x10000450                async_context_base_remove_at_time_worker
 .text.async_context_base_add_when_pending_worker
                0x10000470       0x20 CMakeFiles/picow_tcpip_server_background.dir/C_/Users/Matt/.pico-sdk/sdk/2.2.0/src/rp2_common/pico_async_context/async_context_base.c.obj
                0x10000470                async_context_base_add_when_pending_worker
 .text.async_context_base_remove_when_pending_worker
                0x10000490       0x20 CMakeFiles/picow_tcpip_server_background.dir/C_/Users/Matt/.pico-sdk/sdk/2.2.0/src/rp2_common/pico_async_context/async_context_base.c.obj
                0x10000490                async_context_base_remove_when_pending_worker
 .text.async_context_base_execute_once
                0x100004b0       0xd8 CMakeFiles/picow_tcpip_server_background.dir/C_/Users/Matt/.pico-sdk/sdk/2.2.0/src/rp2_common/pico_async_context/async_context_base.c.obj
                0x100004b0                async_context_base_execute_once
 .text.panic    0x10000588       0x30 CMakeFiles/picow_tcpip_server_background.dir/C_/Users/Matt/.pico-sdk/sdk/2.2.0/src/rp2_common/pico_platform_panic/panic.c.obj
                0x10000588                panic
 .text.splitmix64
                0x100005b8       0x70 CMakeFiles/picow_tcpip_server_background.dir/C_/Users/Matt/.pico-sdk/sdk/2.2.0/src/rp2_common/pico_rand/rand.c.obj
 .text.capture_additional_trng_samples
                0x10000628       0xa0 CMakeFiles/picow_tcpip_server_background.dir/C_/Users/Matt/.pico-sdk/sdk/2.2.0/src/rp2_common/pico_rand/rand.c.obj
 .text.xoroshiro128ss
                0x100006c8       0x8c CMakeFiles/picow_tcpip_server_background.dir/C_/Users/Matt/.pico-sdk/sdk/2.2.0/src/rp2_common/pico_rand/rand.c.obj
 .text.get_rand_64
                0x10000754      0x188 CMakeFiles/picow_tcpip_server_background.dir/C_/Users/Matt/.pico-sdk/sdk/2.2.0/src/rp2_common/pico_rand/rand.c.obj
                0x10000754                get_rand_64
 .text.get_rand_32
                0x100008dc        0x8 CMakeFiles/picow_tcpip_server_background.dir/C_/Users/Matt/.pico-sdk/sdk/2.2.0/src/rp2_common/pico_rand/rand.c.obj
                0x100008dc                get_rand_32
 .text.clock_configure_undivided
                0x100008e4       0xd0 CMakeFiles/picow_tcpip_server_background.dir/C_/Users/Matt/.pico-sdk/sdk/2.2.0/src/rp2_common/hardware_clocks/clocks.c.obj
                0x100008e4                clock_configure_undivided
 .text.clock_get_hz
                0x100009b4        0xc CMakeFiles/picow_tcpip_server_background.dir/C_/Users/Matt/.pico-sdk/sdk/2.2.0/src/rp2_common/hardware_clocks/clocks.c.obj
                0x100009b4                clock_get_hz
 .text.hw_claim_lock
                0x100009c0       0x24 CMakeFiles/picow_tcpip_server_background.dir/C_/Users/Matt/.pico-sdk/sdk/2.2.0/src/common/hardware_claim/claim.c.obj
                0x100009c0                hw_claim_lock
 .text.hw_claim_unlock
                0x100009e4       0x14 CMakeFiles/picow_tcpip_server_background.dir/C_/Users/Matt/.pico-sdk/sdk/2.2.0/src/common/hardware_claim/claim.c.obj
                0x100009e4                hw_claim_unlock
 .text.hw_claim_or_assert
                0x100009f8       0x58 CMakeFiles/picow_tcpip_server_background.dir/C_/Users/Matt/.pico-sdk/sdk/2.2.0/src/common/hardware_claim/claim.c.obj
                0x100009f8                hw_claim_or_assert
 .text.hw_claim_unused_from_range
                0x10000a50       0x80 CMakeFiles/picow_tcpip_server_background.dir/C_/Users/Matt/.pico-sdk/sdk/2.2.0/src/common/hardware_claim/claim.c.obj
                0x10000a50                hw_claim_unused_from_range
 .text.hw_claim_clear
                0x10000ad0       0x50 CMakeFiles/picow_tcpip_server_background.dir/C_/Users/Matt/.pico-sdk/sdk/2.2.0/src/common/hardware_claim/claim.c.obj
                0x10000ad0                hw_claim_clear
 .text.next_striped_spin_lock_num
                0x10000b20       0x18 CMakeFiles/picow_tcpip_server_background.dir/C_/Users/Matt/.pico-sdk/sdk/2.2.0/src/rp2_common/hardware_sync/sync.c.obj
                0x10000b20                next_striped_spin_lock_num
 .text.spinlock_set_extexclall
                0x10000b38       0x10 CMakeFiles/picow_tcpip_server_background.dir/C_/Users/Matt/.pico-sdk/sdk/2.2.0/src/rp2_common/hardware_sync_spin_lock/sync_spin_lock.c.obj
 .text.spin_locks_reset
                0x10000b48       0x18 CMakeFiles/picow_tcpip_server_background.dir/C_/Users/Matt/.pico-sdk/sdk/2.2.0/src/rp2_common/hardware_sync_spin_lock/sync_spin_lock.c.obj
                0x10000b48                spin_locks_reset
 .text.gpio_set_function
                0x10000b60       0x3c CMakeFiles/picow_tcpip_server_background.dir/C_/Users/Matt/.pico-sdk/sdk/2.2.0/src/rp2_common/hardware_gpio/gpio.c.obj
                0x10000b60                gpio_set_function
 .text.gpio_set_pulls
                0x10000b9c       0x28 CMakeFiles/picow_tcpip_server_background.dir/C_/Users/Matt/.pico-sdk/sdk/2.2.0/src/rp2_common/hardware_gpio/gpio.c.obj
                0x10000b9c                gpio_set_pulls
 .text.gpio_set_input_hysteresis_enabled
                0x10000bc4       0x20 CMakeFiles/picow_tcpip_server_background.dir/C_/Users/Matt/.pico-sdk/sdk/2.2.0/src/rp2_common/hardware_gpio/gpio.c.obj
                0x10000bc4                gpio_set_input_hysteresis_enabled
 .text.gpio_set_irq_enabled
                0x10000be4       0x48 CMakeFiles/picow_tcpip_server_background.dir/C_/Users/Matt/.pico-sdk/sdk/2.2.0/src/rp2_common/hardware_gpio/gpio.c.obj
                0x10000be4                gpio_set_irq_enabled
 .text.gpio_add_raw_irq_handler_with_order_priority_masked
                0x10000c2c       0x44 CMakeFiles/picow_tcpip_server_background.dir/C_/Users/Matt/.pico-sdk/sdk/2.2.0/src/rp2_common/hardware_gpio/gpio.c.obj
                0x10000c2c                gpio_add_raw_irq_handler_with_order_priority_masked
 .text.gpio_remove_raw_irq_handler_masked
                0x10000c70       0x24 CMakeFiles/picow_tcpip_server_background.dir/C_/Users/Matt/.pico-sdk/sdk/2.2.0/src/rp2_common/hardware_gpio/gpio.c.obj
                0x10000c70                gpio_remove_raw_irq_handler_masked
 .text.gpio_init
                0x10000c94       0x48 CMakeFiles/picow_tcpip_server_background.dir/C_/Users/Matt/.pico-sdk/sdk/2.2.0/src/rp2_common/hardware_gpio/gpio.c.obj
                0x10000c94                gpio_init
 .text.runtime_init_per_core_irq_priorities
                0x10000cdc       0x40 CMakeFiles/picow_tcpip_server_background.dir/C_/Users/Matt/.pico-sdk/sdk/2.2.0/src/rp2_common/hardware_irq/irq.c.obj
                0x10000cdc                runtime_init_per_core_irq_priorities
 .text.irq_set_enabled
                0x10000d1c       0x2c CMakeFiles/picow_tcpip_server_background.dir/C_/Users/Matt/.pico-sdk/sdk/2.2.0/src/rp2_common/hardware_irq/irq.c.obj
                0x10000d1c                irq_set_enabled
 .text.irq_set_pending
                0x10000d48       0x18 CMakeFiles/picow_tcpip_server_background.dir/C_/Users/Matt/.pico-sdk/sdk/2.2.0/src/rp2_common/hardware_irq/irq.c.obj
                0x10000d48                irq_set_pending
 .text.irq_set_exclusive_handler
                0x10000d60       0x60 CMakeFiles/picow_tcpip_server_background.dir/C_/Users/Matt/.pico-sdk/sdk/2.2.0/src/rp2_common/hardware_irq/irq.c.obj
                0x10000d60                irq_set_exclusive_handler
 .text.irq_add_shared_handler
                0x10000dc0      0x1e8 CMakeFiles/picow_tcpip_server_background.dir/C_/Users/Matt/.pico-sdk/sdk/2.2.0/src/rp2_common/hardware_irq/irq.c.obj
                0x10000dc0                irq_add_shared_handler
 .text.irq_remove_handler
                0x10000fa8      0x1f4 CMakeFiles/picow_tcpip_server_background.dir/C_/Users/Matt/.pico-sdk/sdk/2.2.0/src/rp2_common/hardware_irq/irq.c.obj
                0x10000fa8                irq_remove_handler
 .text.irq_set_priority
                0x1000119c       0x28 CMakeFiles/picow_tcpip_server_background.dir/C_/Users/Matt/.pico-sdk/sdk/2.2.0/src/rp2_common/hardware_irq/irq.c.obj
                0x1000119c                irq_set_priority
 .text.irq_add_tail_to_free_list
                0x100011c4       0xbc CMakeFiles/picow_tcpip_server_background.dir/C_/Users/Matt/.pico-sdk/sdk/2.2.0/src/rp2_common/hardware_irq/irq.c.obj
                0x100011c4                irq_add_tail_to_free_list
 .text.user_irq_unclaim
                0x10001280       0x10 CMakeFiles/picow_tcpip_server_background.dir/C_/Users/Matt/.pico-sdk/sdk/2.2.0/src/rp2_common/hardware_irq/irq.c.obj
                0x10001280                user_irq_unclaim
 .text.user_irq_claim_unused
                0x10001290       0x28 CMakeFiles/picow_tcpip_server_background.dir/C_/Users/Matt/.pico-sdk/sdk/2.2.0/src/rp2_common/hardware_irq/irq.c.obj
                0x10001290                user_irq_claim_unused
 .text.sem_init
                0x100012b8       0x20 CMakeFiles/picow_tcpip_server_background.dir/C_/Users/Matt/.pico-sdk/sdk/2.2.0/src/common/pico_sync/sem.c.obj
                0x100012b8                sem_init
 .text.lock_init
                0x100012d8        0xc CMakeFiles/picow_tcpip_server_background.dir/C_/Users/Matt/.pico-sdk/sdk/2.2.0/src/common/pico_sync/lock_core.c.obj
                0x100012d8                lock_init
 .text.runtime_init_mutex
                0x100012e4       0x4c CMakeFiles/picow_tcpip_server_background.dir/C_/Users/Matt/.pico-sdk/sdk/2.2.0/src/common/pico_sync/mutex.c.obj
                0x100012e4                runtime_init_mutex
 .text.recursive_mutex_init
                0x10001330       0x1c CMakeFiles/picow_tcpip_server_background.dir/C_/Users/Matt/.pico-sdk/sdk/2.2.0/src/common/pico_sync/mutex.c.obj
                0x10001330                recursive_mutex_init
 .text.sleep_until_callback
                0x1000134c       0x3c CMakeFiles/picow_tcpip_server_background.dir/C_/Users/Matt/.pico-sdk/sdk/2.2.0/src/common/pico_time/time.c.obj
 .text.alarm_pool_irq_handler
                0x10001388      0x2f0 CMakeFiles/picow_tcpip_server_background.dir/C_/Users/Matt/.pico-sdk/sdk/2.2.0/src/common/pico_time/time.c.obj
 .text.runtime_init_default_alarm_pool
                0x10001678      0x100 CMakeFiles/picow_tcpip_server_background.dir/C_/Users/Matt/.pico-sdk/sdk/2.2.0/src/common/pico_time/time.c.obj
                0x10001678                runtime_init_default_alarm_pool
 .text.alarm_pool_get_default
                0x10001778        0x8 CMakeFiles/picow_tcpip_server_background.dir/C_/Users/Matt/.pico-sdk/sdk/2.2.0/src/common/pico_time/time.c.obj
                0x10001778                alarm_pool_get_default
 .text.alarm_pool_add_alarm_at
                0x10001780       0xdc CMakeFiles/picow_tcpip_server_background.dir/C_/Users/Matt/.pico-sdk/sdk/2.2.0/src/common/pico_time/time.c.obj
                0x10001780                alarm_pool_add_alarm_at
 .text.alarm_pool_add_alarm_at_force_in_context
                0x1000185c       0xc8 CMakeFiles/picow_tcpip_server_background.dir/C_/Users/Matt/.pico-sdk/sdk/2.2.0/src/common/pico_time/time.c.obj
                0x1000185c                alarm_pool_add_alarm_at_force_in_context
 .text.alarm_pool_cancel_alarm
                0x10001924       0x80 CMakeFiles/picow_tcpip_server_background.dir/C_/Users/Matt/.pico-sdk/sdk/2.2.0/src/common/pico_time/time.c.obj
                0x10001924                alarm_pool_cancel_alarm
 .text.sleep_until
                0x100019a4       0xbc CMakeFiles/picow_tcpip_server_background.dir/C_/Users/Matt/.pico-sdk/sdk/2.2.0/src/common/pico_time/time.c.obj
                0x100019a4                sleep_until
 .text.sleep_ms
                0x10001a60       0xdc CMakeFiles/picow_tcpip_server_background.dir/C_/Users/Matt/.pico-sdk/sdk/2.2.0/src/common/pico_time/time.c.obj
                0x10001a60                sleep_ms
 .text.best_effort_wfe_or_timeout
                0x10001b3c       0xd4 CMakeFiles/picow_tcpip_server_background.dir/C_/Users/Matt/.pico-sdk/sdk/2.2.0/src/common/pico_time/time.c.obj
                0x10001b3c                best_effort_wfe_or_timeout
 .text.timer_hardware_alarm_claim
                0x10001c10       0x24 CMakeFiles/picow_tcpip_server_background.dir/C_/Users/Matt/.pico-sdk/sdk/2.2.0/src/rp2_common/hardware_timer/timer.c.obj
                0x10001c10                timer_hardware_alarm_claim
 .text.timer_time_us_64
                0x10001c34       0x10 CMakeFiles/picow_tcpip_server_background.dir/C_/Users/Matt/.pico-sdk/sdk/2.2.0/src/rp2_common/hardware_timer/timer.c.obj
                0x10001c34                timer_time_us_64
 .text.time_us_64
                0x10001c44       0x14 CMakeFiles/picow_tcpip_server_background.dir/C_/Users/Matt/.pico-sdk/sdk/2.2.0/src/rp2_common/hardware_timer/timer.c.obj
                0x10001c44                time_us_64
 .text.busy_wait_us
                0x10001c58       0x5c CMakeFiles/picow_tcpip_server_background.dir/C_/Users/Matt/.pico-sdk/sdk/2.2.0/src/rp2_common/hardware_timer/timer.c.obj
                0x10001c58                busy_wait_us
 .text.busy_wait_until
                0x10001cb4       0x24 CMakeFiles/picow_tcpip_server_background.dir/C_/Users/Matt/.pico-sdk/sdk/2.2.0/src/rp2_common/hardware_timer/timer.c.obj
                0x10001cb4                busy_wait_until
 .text.pll_init
                0x10001cd8       0x8c CMakeFiles/picow_tcpip_server_background.dir/C_/Users/Matt/.pico-sdk/sdk/2.2.0/src/rp2_common/hardware_pll/pll.c.obj
                0x10001cd8                pll_init
 .text.tick_start
                0x10001d64       0x18 CMakeFiles/picow_tcpip_server_background.dir/C_/Users/Matt/.pico-sdk/sdk/2.2.0/src/rp2_common/hardware_ticks/ticks.c.obj
                0x10001d64                tick_start
 .text.rom_func_lookup
                0x10001d7c       0x18 CMakeFiles/picow_tcpip_server_background.dir/C_/Users/Matt/.pico-sdk/sdk/2.2.0/src/rp2_common/pico_bootrom/bootrom.c.obj
                0x10001d7c                rom_func_lookup
 .text.rom_get_boot_random
                0x10001d94       0x48 CMakeFiles/picow_tcpip_server_background.dir/C_/Users/Matt/.pico-sdk/sdk/2.2.0/src/rp2_common/pico_bootrom/bootrom.c.obj
                0x10001d94                rom_get_boot_random
 .text.runtime_init_bootrom_locking_enable
                0x10001ddc       0x14 CMakeFiles/picow_tcpip_server_background.dir/C_/Users/Matt/.pico-sdk/sdk/2.2.0/src/rp2_common/pico_bootrom/bootrom_lock.c.obj
                0x10001ddc                runtime_init_bootrom_locking_enable
 .text.runtime_init_boot_locks_reset
                0x10001df0       0x1c CMakeFiles/picow_tcpip_server_background.dir/C_/Users/Matt/.pico-sdk/sdk/2.2.0/src/rp2_common/hardware_boot_lock/boot_lock.c.obj
                0x10001df0                runtime_init_boot_locks_reset
 .text.xosc_init
                0x10001e0c       0x30 CMakeFiles/picow_tcpip_server_background.dir/C_/Users/Matt/.pico-sdk/sdk/2.2.0/src/rp2_common/hardware_xosc/xosc.c.obj
                0x10001e0c                xosc_init
 .text.startup._retrieve_unique_id_on_boot
                0x10001e3c       0x30 CMakeFiles/picow_tcpip_server_background.dir/C_/Users/Matt/.pico-sdk/sdk/2.2.0/src/rp2_common/pico_unique_id/unique_id.c.obj
 .text.pico_get_unique_board_id
                0x10001e6c       0x10 CMakeFiles/picow_tcpip_server_background.dir/C_/Users/Matt/.pico-sdk/sdk/2.2.0/src/rp2_common/pico_unique_id/unique_id.c.obj
                0x10001e6c                pico_get_unique_board_id
 .text.lwip_init
                0x10001e7c       0x28 CMakeFiles/picow_tcpip_server_background.dir/C_/Users/Matt/.pico-sdk/sdk/2.2.0/lib/lwip/src/core/init.c.obj
                0x10001e7c                lwip_init
 .text.lwip_htons
                0x10001ea4        0x8 CMakeFiles/picow_tcpip_server_background.dir/C_/Users/Matt/.pico-sdk/sdk/2.2.0/lib/lwip/src/core/def.c.obj
                0x10001ea4                lwip_htons
 .text.lwip_htonl
                0x10001eac        0x4 CMakeFiles/picow_tcpip_server_background.dir/C_/Users/Matt/.pico-sdk/sdk/2.2.0/lib/lwip/src/core/def.c.obj
                0x10001eac                lwip_htonl
 .text.dns_call_found
                0x10001eb0      0x15c CMakeFiles/picow_tcpip_server_background.dir/C_/Users/Matt/.pico-sdk/sdk/2.2.0/lib/lwip/src/core/dns.c.obj
 .text.dns_send.isra.0
                0x1000200c      0x168 CMakeFiles/picow_tcpip_server_background.dir/C_/Users/Matt/.pico-sdk/sdk/2.2.0/lib/lwip/src/core/dns.c.obj
 .text.dns_init
                0x10002174        0x4 CMakeFiles/picow_tcpip_server_background.dir/C_/Users/Matt/.pico-sdk/sdk/2.2.0/lib/lwip/src/core/dns.c.obj
                0x10002174                dns_init
 .text.dns_setserver
                0x10002178       0x28 CMakeFiles/picow_tcpip_server_background.dir/C_/Users/Matt/.pico-sdk/sdk/2.2.0/lib/lwip/src/core/dns.c.obj
                0x10002178                dns_setserver
 .text.dns_tmr  0x100021a0      0x134 CMakeFiles/picow_tcpip_server_background.dir/C_/Users/Matt/.pico-sdk/sdk/2.2.0/lib/lwip/src/core/dns.c.obj
                0x100021a0                dns_tmr
 .text.lwip_standard_chksum
                0x100022d4       0xcc CMakeFiles/picow_tcpip_server_background.dir/C_/Users/Matt/.pico-sdk/sdk/2.2.0/lib/lwip/src/core/inet_chksum.c.obj
                0x100022d4                lwip_standard_chksum
 .text.inet_chksum_pseudo
                0x100023a0       0x88 CMakeFiles/picow_tcpip_server_background.dir/C_/Users/Matt/.pico-sdk/sdk/2.2.0/lib/lwip/src/core/inet_chksum.c.obj
                0x100023a0                inet_chksum_pseudo
 .text.ip_chksum_pseudo
                0x10002428        0x4 CMakeFiles/picow_tcpip_server_background.dir/C_/Users/Matt/.pico-sdk/sdk/2.2.0/lib/lwip/src/core/inet_chksum.c.obj
                0x10002428                ip_chksum_pseudo
 .text.inet_chksum
                0x1000242c        0xc CMakeFiles/picow_tcpip_server_background.dir/C_/Users/Matt/.pico-sdk/sdk/2.2.0/lib/lwip/src/core/inet_chksum.c.obj
                0x1000242c                inet_chksum
 .text.inet_chksum_pbuf
                0x10002438       0x48 CMakeFiles/picow_tcpip_server_background.dir/C_/Users/Matt/.pico-sdk/sdk/2.2.0/lib/lwip/src/core/inet_chksum.c.obj
                0x10002438                inet_chksum_pbuf
 .text.mem_init
                0x10002480       0x48 CMakeFiles/picow_tcpip_server_background.dir/C_/Users/Matt/.pico-sdk/sdk/2.2.0/lib/lwip/src/core/mem.c.obj
                0x10002480                mem_init
 .text.mem_free
                0x100024c8      0x134 CMakeFiles/picow_tcpip_server_background.dir/C_/Users/Matt/.pico-sdk/sdk/2.2.0/lib/lwip/src/core/mem.c.obj
                0x100024c8                mem_free
 .text.mem_trim
                0x100025fc       0xe0 CMakeFiles/picow_tcpip_server_background.dir/C_/Users/Matt/.pico-sdk/sdk/2.2.0/lib/lwip/src/core/mem.c.obj
                0x100025fc                mem_trim
 .text.mem_malloc
                0x100026dc      0x108 CMakeFiles/picow_tcpip_server_background.dir/C_/Users/Matt/.pico-sdk/sdk/2.2.0/lib/lwip/src/core/mem.c.obj
                0x100026dc                mem_malloc
 .text.memp_init
                0x100027e4       0x58 CMakeFiles/picow_tcpip_server_background.dir/C_/Users/Matt/.pico-sdk/sdk/2.2.0/lib/lwip/src/core/memp.c.obj
                0x100027e4                memp_init
 .text.memp_malloc
                0x1000283c       0x40 CMakeFiles/picow_tcpip_server_background.dir/C_/Users/Matt/.pico-sdk/sdk/2.2.0/lib/lwip/src/core/memp.c.obj
                0x1000283c                memp_malloc
 .text.memp_free
                0x1000287c       0x3c CMakeFiles/picow_tcpip_server_background.dir/C_/Users/Matt/.pico-sdk/sdk/2.2.0/lib/lwip/src/core/memp.c.obj
                0x1000287c                memp_free
 .text.netif_null_output_ip4
                0x100028b8        0x8 CMakeFiles/picow_tcpip_server_background.dir/C_/Users/Matt/.pico-sdk/sdk/2.2.0/lib/lwip/src/core/netif.c.obj
 .text.netif_do_set_ipaddr.isra.0
                0x100028c0       0x70 CMakeFiles/picow_tcpip_server_background.dir/C_/Users/Matt/.pico-sdk/sdk/2.2.0/lib/lwip/src/core/netif.c.obj
 .text.netif_init
                0x10002930        0x4 CMakeFiles/picow_tcpip_server_background.dir/C_/Users/Matt/.pico-sdk/sdk/2.2.0/lib/lwip/src/core/netif.c.obj
                0x10002930                netif_init
 .text.netif_add
                0x10002934      0x148 CMakeFiles/picow_tcpip_server_background.dir/C_/Users/Matt/.pico-sdk/sdk/2.2.0/lib/lwip/src/core/netif.c.obj
                0x10002934                netif_add
 .text.netif_set_addr
                0x10002a7c       0xa4 CMakeFiles/picow_tcpip_server_background.dir/C_/Users/Matt/.pico-sdk/sdk/2.2.0/lib/lwip/src/core/netif.c.obj
                0x10002a7c                netif_set_addr
 .text.netif_remove
                0x10002b20       0x90 CMakeFiles/picow_tcpip_server_background.dir/C_/Users/Matt/.pico-sdk/sdk/2.2.0/lib/lwip/src/core/netif.c.obj
                0x10002b20                netif_remove
 .text.netif_set_default
                0x10002bb0        0xc CMakeFiles/picow_tcpip_server_background.dir/C_/Users/Matt/.pico-sdk/sdk/2.2.0/lib/lwip/src/core/netif.c.obj
                0x10002bb0                netif_set_default
 .text.netif_set_up
                0x10002bbc       0x44 CMakeFiles/picow_tcpip_server_background.dir/C_/Users/Matt/.pico-sdk/sdk/2.2.0/lib/lwip/src/core/netif.c.obj
                0x10002bbc                netif_set_up
 .text.netif_set_link_up
                0x10002c00       0x4c CMakeFiles/picow_tcpip_server_background.dir/C_/Users/Matt/.pico-sdk/sdk/2.2.0/lib/lwip/src/core/netif.c.obj
                0x10002c00                netif_set_link_up
 .text.netif_set_link_down
                0x10002c4c       0x1c CMakeFiles/picow_tcpip_server_background.dir/C_/Users/Matt/.pico-sdk/sdk/2.2.0/lib/lwip/src/core/netif.c.obj
                0x10002c4c                netif_set_link_down
 .text.netif_get_by_index
                0x10002c68       0x24 CMakeFiles/picow_tcpip_server_background.dir/C_/Users/Matt/.pico-sdk/sdk/2.2.0/lib/lwip/src/core/netif.c.obj
                0x10002c68                netif_get_by_index
 .text.pbuf_free.part.0
                0x10002c8c       0x74 CMakeFiles/picow_tcpip_server_background.dir/C_/Users/Matt/.pico-sdk/sdk/2.2.0/lib/lwip/src/core/pbuf.c.obj
 .text.pbuf_free_ooseq
                0x10002d00       0x34 CMakeFiles/picow_tcpip_server_background.dir/C_/Users/Matt/.pico-sdk/sdk/2.2.0/lib/lwip/src/core/pbuf.c.obj
                0x10002d00                pbuf_free_ooseq
 .text.pbuf_alloc
                0x10002d34      0x124 CMakeFiles/picow_tcpip_server_background.dir/C_/Users/Matt/.pico-sdk/sdk/2.2.0/lib/lwip/src/core/pbuf.c.obj
                0x10002d34                pbuf_alloc
 .text.pbuf_realloc
                0x10002e58       0x88 CMakeFiles/picow_tcpip_server_background.dir/C_/Users/Matt/.pico-sdk/sdk/2.2.0/lib/lwip/src/core/pbuf.c.obj
                0x10002e58                pbuf_realloc
 .text.pbuf_add_header
                0x10002ee0       0x4c CMakeFiles/picow_tcpip_server_background.dir/C_/Users/Matt/.pico-sdk/sdk/2.2.0/lib/lwip/src/core/pbuf.c.obj
                0x10002ee0                pbuf_add_header
 .text.pbuf_remove_header
                0x10002f2c       0x38 CMakeFiles/picow_tcpip_server_background.dir/C_/Users/Matt/.pico-sdk/sdk/2.2.0/lib/lwip/src/core/pbuf.c.obj
                0x10002f2c                pbuf_remove_header
 .text.pbuf_header_force
                0x10002f64       0x68 CMakeFiles/picow_tcpip_server_background.dir/C_/Users/Matt/.pico-sdk/sdk/2.2.0/lib/lwip/src/core/pbuf.c.obj
                0x10002f64                pbuf_header_force
 .text.pbuf_free
                0x10002fcc       0x14 CMakeFiles/picow_tcpip_server_background.dir/C_/Users/Matt/.pico-sdk/sdk/2.2.0/lib/lwip/src/core/pbuf.c.obj
                0x10002fcc                pbuf_free
 .text.pbuf_clen
                0x10002fe0       0x14 CMakeFiles/picow_tcpip_server_background.dir/C_/Users/Matt/.pico-sdk/sdk/2.2.0/lib/lwip/src/core/pbuf.c.obj
                0x10002fe0                pbuf_clen
 .text.pbuf_ref
                0x10002ff4       0x28 CMakeFiles/picow_tcpip_server_background.dir/C_/Users/Matt/.pico-sdk/sdk/2.2.0/lib/lwip/src/core/pbuf.c.obj
                0x10002ff4                pbuf_ref
 .text.pbuf_cat
                0x1000301c       0x50 CMakeFiles/picow_tcpip_server_background.dir/C_/Users/Matt/.pico-sdk/sdk/2.2.0/lib/lwip/src/core/pbuf.c.obj
                0x1000301c                pbuf_cat
 .text.pbuf_chain
                0x1000306c       0x68 CMakeFiles/picow_tcpip_server_background.dir/C_/Users/Matt/.pico-sdk/sdk/2.2.0/lib/lwip/src/core/pbuf.c.obj
                0x1000306c                pbuf_chain
 .text.pbuf_copy_partial_pbuf
                0x100030d4      0x148 CMakeFiles/picow_tcpip_server_background.dir/C_/Users/Matt/.pico-sdk/sdk/2.2.0/lib/lwip/src/core/pbuf.c.obj
                0x100030d4                pbuf_copy_partial_pbuf
 .text.pbuf_copy
                0x1000321c       0x10 CMakeFiles/picow_tcpip_server_background.dir/C_/Users/Matt/.pico-sdk/sdk/2.2.0/lib/lwip/src/core/pbuf.c.obj
                0x1000321c                pbuf_copy
 .text.pbuf_copy_partial
                0x1000322c       0x7c CMakeFiles/picow_tcpip_server_background.dir/C_/Users/Matt/.pico-sdk/sdk/2.2.0/lib/lwip/src/core/pbuf.c.obj
                0x1000322c                pbuf_copy_partial
 .text.pbuf_take
                0x100032a8       0x6c CMakeFiles/picow_tcpip_server_background.dir/C_/Users/Matt/.pico-sdk/sdk/2.2.0/lib/lwip/src/core/pbuf.c.obj
                0x100032a8                pbuf_take
 .text.pbuf_take_at
                0x10003314       0xb4 CMakeFiles/picow_tcpip_server_background.dir/C_/Users/Matt/.pico-sdk/sdk/2.2.0/lib/lwip/src/core/pbuf.c.obj
                0x10003314                pbuf_take_at
 .text.pbuf_clone
                0x100033c8       0x2c CMakeFiles/picow_tcpip_server_background.dir/C_/Users/Matt/.pico-sdk/sdk/2.2.0/lib/lwip/src/core/pbuf.c.obj
                0x100033c8                pbuf_clone
 .text.pbuf_put_at
                0x100033f4       0x1c CMakeFiles/picow_tcpip_server_background.dir/C_/Users/Matt/.pico-sdk/sdk/2.2.0/lib/lwip/src/core/pbuf.c.obj
                0x100033f4                pbuf_put_at
 .text.raw_input
                0x10003410      0x124 CMakeFiles/picow_tcpip_server_background.dir/C_/Users/Matt/.pico-sdk/sdk/2.2.0/lib/lwip/src/core/raw.c.obj
                0x10003410                raw_input
 .text.raw_netif_ip_addr_changed
                0x10003534       0x3c CMakeFiles/picow_tcpip_server_background.dir/C_/Users/Matt/.pico-sdk/sdk/2.2.0/lib/lwip/src/core/raw.c.obj
                0x10003534                raw_netif_ip_addr_changed
 .text.stats_init
                0x10003570        0x4 CMakeFiles/picow_tcpip_server_background.dir/C_/Users/Matt/.pico-sdk/sdk/2.2.0/lib/lwip/src/core/stats.c.obj
                0x10003570                stats_init
 .text.tcp_close_shutdown_fin
                0x10003574       0x4c CMakeFiles/picow_tcpip_server_background.dir/C_/Users/Matt/.pico-sdk/sdk/2.2.0/lib/lwip/src/core/tcp.c.obj
 .text.tcp_pcb_purge.part.0
                0x100035c0       0xb0 CMakeFiles/picow_tcpip_server_background.dir/C_/Users/Matt/.pico-sdk/sdk/2.2.0/lib/lwip/src/core/tcp.c.obj
 .text.tcp_init
                0x10003670       0x18 CMakeFiles/picow_tcpip_server_background.dir/C_/Users/Matt/.pico-sdk/sdk/2.2.0/lib/lwip/src/core/tcp.c.obj
                0x10003670                tcp_init
 .text.tcp_free
                0x10003688       0x20 CMakeFiles/picow_tcpip_server_background.dir/C_/Users/Matt/.pico-sdk/sdk/2.2.0/lib/lwip/src/core/tcp.c.obj
                0x10003688                tcp_free
 .text.tcp_bind
                0x100036a8       0xd0 CMakeFiles/picow_tcpip_server_background.dir/C_/Users/Matt/.pico-sdk/sdk/2.2.0/lib/lwip/src/core/tcp.c.obj
                0x100036a8                tcp_bind
 .text.tcp_listen_with_backlog
                0x10003778       0xa0 CMakeFiles/picow_tcpip_server_background.dir/C_/Users/Matt/.pico-sdk/sdk/2.2.0/lib/lwip/src/core/tcp.c.obj
                0x10003778                tcp_listen_with_backlog
 .text.tcp_update_rcv_ann_wnd
                0x10003818       0x58 CMakeFiles/picow_tcpip_server_background.dir/C_/Users/Matt/.pico-sdk/sdk/2.2.0/lib/lwip/src/core/tcp.c.obj
                0x10003818                tcp_update_rcv_ann_wnd
 .text.tcp_recved
                0x10003870       0x90 CMakeFiles/picow_tcpip_server_background.dir/C_/Users/Matt/.pico-sdk/sdk/2.2.0/lib/lwip/src/core/tcp.c.obj
                0x10003870                tcp_recved
 .text.tcp_slowtmr
                0x10003900      0x4f0 CMakeFiles/picow_tcpip_server_background.dir/C_/Users/Matt/.pico-sdk/sdk/2.2.0/lib/lwip/src/core/tcp.c.obj
                0x10003900                tcp_slowtmr
 .text.tcp_segs_free
                0x10003df0       0x34 CMakeFiles/picow_tcpip_server_background.dir/C_/Users/Matt/.pico-sdk/sdk/2.2.0/lib/lwip/src/core/tcp.c.obj
                0x10003df0                tcp_segs_free
 .text.tcp_seg_free
                0x10003e24       0x1c CMakeFiles/picow_tcpip_server_background.dir/C_/Users/Matt/.pico-sdk/sdk/2.2.0/lib/lwip/src/core/tcp.c.obj
                0x10003e24                tcp_seg_free
 .text.tcp_seg_copy
                0x10003e40       0x34 CMakeFiles/picow_tcpip_server_background.dir/C_/Users/Matt/.pico-sdk/sdk/2.2.0/lib/lwip/src/core/tcp.c.obj
                0x10003e40                tcp_seg_copy
 .text.tcp_recv
                0x10003e74       0x1c CMakeFiles/picow_tcpip_server_background.dir/C_/Users/Matt/.pico-sdk/sdk/2.2.0/lib/lwip/src/core/tcp.c.obj
                0x10003e74                tcp_recv
 .text.tcp_accept
                0x10003e90        0xc CMakeFiles/picow_tcpip_server_background.dir/C_/Users/Matt/.pico-sdk/sdk/2.2.0/lib/lwip/src/core/tcp.c.obj
                0x10003e90                tcp_accept
 .text.tcp_pcb_purge
                0x10003e9c       0x14 CMakeFiles/picow_tcpip_server_background.dir/C_/Users/Matt/.pico-sdk/sdk/2.2.0/lib/lwip/src/core/tcp.c.obj
                0x10003e9c                tcp_pcb_purge
 .text.tcp_pcb_remove
                0x10003eb0       0xd4 CMakeFiles/picow_tcpip_server_background.dir/C_/Users/Matt/.pico-sdk/sdk/2.2.0/lib/lwip/src/core/tcp.c.obj
                0x10003eb0                tcp_pcb_remove
 .text.tcp_abandon
                0x10003f84      0x188 CMakeFiles/picow_tcpip_server_background.dir/C_/Users/Matt/.pico-sdk/sdk/2.2.0/lib/lwip/src/core/tcp.c.obj
                0x10003f84                tcp_abandon
 .text.tcp_abort
                0x1000410c        0x8 CMakeFiles/picow_tcpip_server_background.dir/C_/Users/Matt/.pico-sdk/sdk/2.2.0/lib/lwip/src/core/tcp.c.obj
                0x1000410c                tcp_abort
 .text.tcp_accept_null
                0x10004114       0x1c CMakeFiles/picow_tcpip_server_background.dir/C_/Users/Matt/.pico-sdk/sdk/2.2.0/lib/lwip/src/core/tcp.c.obj
 .text.tcp_alloc
                0x10004130      0x1a0 CMakeFiles/picow_tcpip_server_background.dir/C_/Users/Matt/.pico-sdk/sdk/2.2.0/lib/lwip/src/core/tcp.c.obj
                0x10004130                tcp_alloc
 .text.tcp_new  0x100042d0        0x8 CMakeFiles/picow_tcpip_server_background.dir/C_/Users/Matt/.pico-sdk/sdk/2.2.0/lib/lwip/src/core/tcp.c.obj
                0x100042d0                tcp_new
 .text.tcp_close_shutdown
                0x100042d8      0x184 CMakeFiles/picow_tcpip_server_background.dir/C_/Users/Matt/.pico-sdk/sdk/2.2.0/lib/lwip/src/core/tcp.c.obj
 .text.tcp_recv_null
                0x1000445c       0xc0 CMakeFiles/picow_tcpip_server_background.dir/C_/Users/Matt/.pico-sdk/sdk/2.2.0/lib/lwip/src/core/tcp.c.obj
                0x1000445c                tcp_recv_null
 .text.tcp_process_refused_data
                0x1000451c       0x70 CMakeFiles/picow_tcpip_server_background.dir/C_/Users/Matt/.pico-sdk/sdk/2.2.0/lib/lwip/src/core/tcp.c.obj
                0x1000451c                tcp_process_refused_data
 .text.tcp_fasttmr
                0x1000458c       0x84 CMakeFiles/picow_tcpip_server_background.dir/C_/Users/Matt/.pico-sdk/sdk/2.2.0/lib/lwip/src/core/tcp.c.obj
                0x1000458c                tcp_fasttmr
 .text.tcp_tmr  0x10004610       0x24 CMakeFiles/picow_tcpip_server_background.dir/C_/Users/Matt/.pico-sdk/sdk/2.2.0/lib/lwip/src/core/tcp.c.obj
                0x10004610                tcp_tmr
 .text.tcp_close
                0x10004634      0x178 CMakeFiles/picow_tcpip_server_background.dir/C_/Users/Matt/.pico-sdk/sdk/2.2.0/lib/lwip/src/core/tcp.c.obj
                0x10004634                tcp_close
 .text.tcp_next_iss
                0x100047ac       0x24 CMakeFiles/picow_tcpip_server_background.dir/C_/Users/Matt/.pico-sdk/sdk/2.2.0/lib/lwip/src/core/tcp.c.obj
                0x100047ac                tcp_next_iss
 .text.tcp_eff_send_mss_netif
                0x100047d0       0x28 CMakeFiles/picow_tcpip_server_background.dir/C_/Users/Matt/.pico-sdk/sdk/2.2.0/lib/lwip/src/core/tcp.c.obj
                0x100047d0                tcp_eff_send_mss_netif
 .text.tcp_netif_ip_addr_changed
                0x100047f8       0x94 CMakeFiles/picow_tcpip_server_background.dir/C_/Users/Matt/.pico-sdk/sdk/2.2.0/lib/lwip/src/core/tcp.c.obj
                0x100047f8                tcp_netif_ip_addr_changed
 .text.tcp_free_ooseq
                0x1000488c       0x38 CMakeFiles/picow_tcpip_server_background.dir/C_/Users/Matt/.pico-sdk/sdk/2.2.0/lib/lwip/src/core/tcp.c.obj
                0x1000488c                tcp_free_ooseq
 .text.tcp_parseopt
                0x100048c4      0x1a8 CMakeFiles/picow_tcpip_server_background.dir/C_/Users/Matt/.pico-sdk/sdk/2.2.0/lib/lwip/src/core/tcp_in.c.obj
 .text.tcp_oos_insert_segment
                0x10004a6c       0x88 CMakeFiles/picow_tcpip_server_background.dir/C_/Users/Matt/.pico-sdk/sdk/2.2.0/lib/lwip/src/core/tcp_in.c.obj
 .text.tcp_free_acked_segments.isra.0
                0x10004af4       0xb0 CMakeFiles/picow_tcpip_server_background.dir/C_/Users/Matt/.pico-sdk/sdk/2.2.0/lib/lwip/src/core/tcp_in.c.obj
 .text.tcp_receive
                0x10004ba4      0x8b0 CMakeFiles/picow_tcpip_server_background.dir/C_/Users/Matt/.pico-sdk/sdk/2.2.0/lib/lwip/src/core/tcp_in.c.obj
 .text.tcp_input
                0x10005454      0xce4 CMakeFiles/picow_tcpip_server_background.dir/C_/Users/Matt/.pico-sdk/sdk/2.2.0/lib/lwip/src/core/tcp_in.c.obj
                0x10005454                tcp_input
 .text.tcp_trigger_input_pcb_close
                0x10006138       0x10 CMakeFiles/picow_tcpip_server_background.dir/C_/Users/Matt/.pico-sdk/sdk/2.2.0/lib/lwip/src/core/tcp_in.c.obj
                0x10006138                tcp_trigger_input_pcb_close
 .text.tcp_create_segment
                0x10006148       0xc4 CMakeFiles/picow_tcpip_server_background.dir/C_/Users/Matt/.pico-sdk/sdk/2.2.0/lib/lwip/src/core/tcp_out.c.obj
 .text.tcp_output_control_segment
                0x1000620c       0xa8 CMakeFiles/picow_tcpip_server_background.dir/C_/Users/Matt/.pico-sdk/sdk/2.2.0/lib/lwip/src/core/tcp_out.c.obj
 .text.tcp_write
                0x100062b4      0x430 CMakeFiles/picow_tcpip_server_background.dir/C_/Users/Matt/.pico-sdk/sdk/2.2.0/lib/lwip/src/core/tcp_out.c.obj
                0x100062b4                tcp_write
 .text.tcp_split_unsent_seg
                0x100066e4      0x180 CMakeFiles/picow_tcpip_server_background.dir/C_/Users/Matt/.pico-sdk/sdk/2.2.0/lib/lwip/src/core/tcp_out.c.obj
                0x100066e4                tcp_split_unsent_seg
 .text.tcp_send_fin
                0x10006864      0x100 CMakeFiles/picow_tcpip_server_background.dir/C_/Users/Matt/.pico-sdk/sdk/2.2.0/lib/lwip/src/core/tcp_out.c.obj
                0x10006864                tcp_send_fin
 .text.tcp_enqueue_flags
                0x10006964      0x110 CMakeFiles/picow_tcpip_server_background.dir/C_/Users/Matt/.pico-sdk/sdk/2.2.0/lib/lwip/src/core/tcp_out.c.obj
                0x10006964                tcp_enqueue_flags
 .text.tcp_rexmit_rto_prepare
                0x10006a74       0x74 CMakeFiles/picow_tcpip_server_background.dir/C_/Users/Matt/.pico-sdk/sdk/2.2.0/lib/lwip/src/core/tcp_out.c.obj
                0x10006a74                tcp_rexmit_rto_prepare
 .text.tcp_rexmit
                0x10006ae8       0x78 CMakeFiles/picow_tcpip_server_background.dir/C_/Users/Matt/.pico-sdk/sdk/2.2.0/lib/lwip/src/core/tcp_out.c.obj
                0x10006ae8                tcp_rexmit
 .text.tcp_rexmit_fast
                0x10006b60       0x64 CMakeFiles/picow_tcpip_server_background.dir/C_/Users/Matt/.pico-sdk/sdk/2.2.0/lib/lwip/src/core/tcp_out.c.obj
                0x10006b60                tcp_rexmit_fast
 .text.tcp_rst  0x10006bc4       0xb4 CMakeFiles/picow_tcpip_server_background.dir/C_/Users/Matt/.pico-sdk/sdk/2.2.0/lib/lwip/src/core/tcp_out.c.obj
                0x10006bc4                tcp_rst
 .text.tcp_rst_netif
                0x10006c78       0xfc CMakeFiles/picow_tcpip_server_background.dir/C_/Users/Matt/.pico-sdk/sdk/2.2.0/lib/lwip/src/core/tcp_out.c.obj
                0x10006c78                tcp_rst_netif
 .text.tcp_send_empty_ack
                0x10006d74       0xc4 CMakeFiles/picow_tcpip_server_background.dir/C_/Users/Matt/.pico-sdk/sdk/2.2.0/lib/lwip/src/core/tcp_out.c.obj
                0x10006d74                tcp_send_empty_ack
 .text.tcp_output
                0x10006e38      0x398 CMakeFiles/picow_tcpip_server_background.dir/C_/Users/Matt/.pico-sdk/sdk/2.2.0/lib/lwip/src/core/tcp_out.c.obj
                0x10006e38                tcp_output
 .text.tcp_rexmit_rto_commit
                0x100071d0       0x24 CMakeFiles/picow_tcpip_server_background.dir/C_/Users/Matt/.pico-sdk/sdk/2.2.0/lib/lwip/src/core/tcp_out.c.obj
                0x100071d0                tcp_rexmit_rto_commit
 .text.tcp_rexmit_rto
                0x100071f4       0x84 CMakeFiles/picow_tcpip_server_background.dir/C_/Users/Matt/.pico-sdk/sdk/2.2.0/lib/lwip/src/core/tcp_out.c.obj
                0x100071f4                tcp_rexmit_rto
 .text.tcp_keepalive
                0x10007278       0xa8 CMakeFiles/picow_tcpip_server_background.dir/C_/Users/Matt/.pico-sdk/sdk/2.2.0/lib/lwip/src/core/tcp_out.c.obj
                0x10007278                tcp_keepalive
 .text.tcp_zero_window_probe
                0x10007320      0x148 CMakeFiles/picow_tcpip_server_background.dir/C_/Users/Matt/.pico-sdk/sdk/2.2.0/lib/lwip/src/core/tcp_out.c.obj
                0x10007320                tcp_zero_window_probe
 .text.tcpip_tcp_timer
                0x10007468       0x70 CMakeFiles/picow_tcpip_server_background.dir/C_/Users/Matt/.pico-sdk/sdk/2.2.0/lib/lwip/src/core/timeouts.c.obj
 .text.lwip_cyclic_timer
                0x100074d8       0x90 CMakeFiles/picow_tcpip_server_background.dir/C_/Users/Matt/.pico-sdk/sdk/2.2.0/lib/lwip/src/core/timeouts.c.obj
 .text.tcp_timer_needed
                0x10007568       0x74 CMakeFiles/picow_tcpip_server_background.dir/C_/Users/Matt/.pico-sdk/sdk/2.2.0/lib/lwip/src/core/timeouts.c.obj
                0x10007568                tcp_timer_needed
 .text.sys_timeouts_init
                0x100075dc       0x84 CMakeFiles/picow_tcpip_server_background.dir/C_/Users/Matt/.pico-sdk/sdk/2.2.0/lib/lwip/src/core/timeouts.c.obj
                0x100075dc                sys_timeouts_init
 .text.sys_check_timeouts
                0x10007660       0x5c CMakeFiles/picow_tcpip_server_background.dir/C_/Users/Matt/.pico-sdk/sdk/2.2.0/lib/lwip/src/core/timeouts.c.obj
                0x10007660                sys_check_timeouts
 .text.sys_timeouts_sleeptime
                0x100076bc       0x24 CMakeFiles/picow_tcpip_server_background.dir/C_/Users/Matt/.pico-sdk/sdk/2.2.0/lib/lwip/src/core/timeouts.c.obj
                0x100076bc                sys_timeouts_sleeptime
 .text.udp_init
                0x100076e0       0x18 CMakeFiles/picow_tcpip_server_background.dir/C_/Users/Matt/.pico-sdk/sdk/2.2.0/lib/lwip/src/core/udp.c.obj
                0x100076e0                udp_init
 .text.udp_input
                0x100076f8      0x2ec CMakeFiles/picow_tcpip_server_background.dir/C_/Users/Matt/.pico-sdk/sdk/2.2.0/lib/lwip/src/core/udp.c.obj
                0x100076f8                udp_input
 .text.udp_bind
                0x100079e4       0xf4 CMakeFiles/picow_tcpip_server_background.dir/C_/Users/Matt/.pico-sdk/sdk/2.2.0/lib/lwip/src/core/udp.c.obj
                0x100079e4                udp_bind
 .text.udp_sendto_if_src
                0x10007ad8      0x118 CMakeFiles/picow_tcpip_server_background.dir/C_/Users/Matt/.pico-sdk/sdk/2.2.0/lib/lwip/src/core/udp.c.obj
                0x10007ad8                udp_sendto_if_src
 .text.udp_sendto_if
                0x10007bf0       0x40 CMakeFiles/picow_tcpip_server_background.dir/C_/Users/Matt/.pico-sdk/sdk/2.2.0/lib/lwip/src/core/udp.c.obj
                0x10007bf0                udp_sendto_if
 .text.udp_sendto
                0x10007c30       0x7c CMakeFiles/picow_tcpip_server_background.dir/C_/Users/Matt/.pico-sdk/sdk/2.2.0/lib/lwip/src/core/udp.c.obj
                0x10007c30                udp_sendto
 .text.udp_connect
                0x10007cac       0x58 CMakeFiles/picow_tcpip_server_background.dir/C_/Users/Matt/.pico-sdk/sdk/2.2.0/lib/lwip/src/core/udp.c.obj
                0x10007cac                udp_connect
 .text.udp_recv
                0x10007d04        0x8 CMakeFiles/picow_tcpip_server_background.dir/C_/Users/Matt/.pico-sdk/sdk/2.2.0/lib/lwip/src/core/udp.c.obj
                0x10007d04                udp_recv
 .text.udp_remove
                0x10007d0c       0x34 CMakeFiles/picow_tcpip_server_background.dir/C_/Users/Matt/.pico-sdk/sdk/2.2.0/lib/lwip/src/core/udp.c.obj
                0x10007d0c                udp_remove
 .text.udp_new  0x10007d40       0x1c CMakeFiles/picow_tcpip_server_background.dir/C_/Users/Matt/.pico-sdk/sdk/2.2.0/lib/lwip/src/core/udp.c.obj
                0x10007d40                udp_new
 .text.udp_netif_ip_addr_changed
                0x10007d5c       0x3c CMakeFiles/picow_tcpip_server_background.dir/C_/Users/Matt/.pico-sdk/sdk/2.2.0/lib/lwip/src/core/udp.c.obj
                0x10007d5c                udp_netif_ip_addr_changed
 .text.dhcp_create_msg
                0x10007d98      0x108 CMakeFiles/picow_tcpip_server_background.dir/C_/Users/Matt/.pico-sdk/sdk/2.2.0/lib/lwip/src/core/ipv4/dhcp.c.obj
 .text.dhcp_inc_pcb_refcount
                0x10007ea0       0x64 CMakeFiles/picow_tcpip_server_background.dir/C_/Users/Matt/.pico-sdk/sdk/2.2.0/lib/lwip/src/core/ipv4/dhcp.c.obj
 .text.dhcp_bind
                0x10007f04      0x140 CMakeFiles/picow_tcpip_server_background.dir/C_/Users/Matt/.pico-sdk/sdk/2.2.0/lib/lwip/src/core/ipv4/dhcp.c.obj
 .text.dhcp_option_hostname.isra.0
                0x10008044       0x7c CMakeFiles/picow_tcpip_server_background.dir/C_/Users/Matt/.pico-sdk/sdk/2.2.0/lib/lwip/src/core/ipv4/dhcp.c.obj
 .text.dhcp_handle_ack.isra.0
                0x100080c0       0xbc CMakeFiles/picow_tcpip_server_background.dir/C_/Users/Matt/.pico-sdk/sdk/2.2.0/lib/lwip/src/core/ipv4/dhcp.c.obj
 .text.dhcp_reboot.isra.0
                0x1000817c      0x19c CMakeFiles/picow_tcpip_server_background.dir/C_/Users/Matt/.pico-sdk/sdk/2.2.0/lib/lwip/src/core/ipv4/dhcp.c.obj
 .text.dhcp_discover.isra.0
                0x10008318      0x140 CMakeFiles/picow_tcpip_server_background.dir/C_/Users/Matt/.pico-sdk/sdk/2.2.0/lib/lwip/src/core/ipv4/dhcp.c.obj
 .text.dhcp_select.isra.0
                0x10008458      0x1f8 CMakeFiles/picow_tcpip_server_background.dir/C_/Users/Matt/.pico-sdk/sdk/2.2.0/lib/lwip/src/core/ipv4/dhcp.c.obj
 .text.dhcp_recv
                0x10008650      0x5c0 CMakeFiles/picow_tcpip_server_background.dir/C_/Users/Matt/.pico-sdk/sdk/2.2.0/lib/lwip/src/core/ipv4/dhcp.c.obj
 .text.dhcp_set_struct
                0x10008c10       0x3c CMakeFiles/picow_tcpip_server_background.dir/C_/Users/Matt/.pico-sdk/sdk/2.2.0/lib/lwip/src/core/ipv4/dhcp.c.obj
                0x10008c10                dhcp_set_struct
 .text.dhcp_start
                0x10008c4c       0xa4 CMakeFiles/picow_tcpip_server_background.dir/C_/Users/Matt/.pico-sdk/sdk/2.2.0/lib/lwip/src/core/ipv4/dhcp.c.obj
                0x10008c4c                dhcp_start
 .text.dhcp_network_changed_link_up
                0x10008cf0       0x40 CMakeFiles/picow_tcpip_server_background.dir/C_/Users/Matt/.pico-sdk/sdk/2.2.0/lib/lwip/src/core/ipv4/dhcp.c.obj
                0x10008cf0                dhcp_network_changed_link_up
 .text.dhcp_renew
                0x10008d30      0x154 CMakeFiles/picow_tcpip_server_background.dir/C_/Users/Matt/.pico-sdk/sdk/2.2.0/lib/lwip/src/core/ipv4/dhcp.c.obj
                0x10008d30                dhcp_renew
 .text.dhcp_release_and_stop
                0x10008e84      0x158 CMakeFiles/picow_tcpip_server_background.dir/C_/Users/Matt/.pico-sdk/sdk/2.2.0/lib/lwip/src/core/ipv4/dhcp.c.obj
                0x10008e84                dhcp_release_and_stop
 .text.dhcp_coarse_tmr
                0x10008fdc      0x1e4 CMakeFiles/picow_tcpip_server_background.dir/C_/Users/Matt/.pico-sdk/sdk/2.2.0/lib/lwip/src/core/ipv4/dhcp.c.obj
                0x10008fdc                dhcp_coarse_tmr
 .text.dhcp_fine_tmr
                0x100091c0       0xa0 CMakeFiles/picow_tcpip_server_background.dir/C_/Users/Matt/.pico-sdk/sdk/2.2.0/lib/lwip/src/core/ipv4/dhcp.c.obj
                0x100091c0                dhcp_fine_tmr
 .text.dhcp_stop
                0x10009260      0x158 CMakeFiles/picow_tcpip_server_background.dir/C_/Users/Matt/.pico-sdk/sdk/2.2.0/lib/lwip/src/core/ipv4/dhcp.c.obj
                0x10009260                dhcp_stop
 .text.etharp_find_entry
                0x100093b8      0x3cc CMakeFiles/picow_tcpip_server_background.dir/C_/Users/Matt/.pico-sdk/sdk/2.2.0/lib/lwip/src/core/ipv4/etharp.c.obj
 .text.etharp_raw
                0x10009784       0xd4 CMakeFiles/picow_tcpip_server_background.dir/C_/Users/Matt/.pico-sdk/sdk/2.2.0/lib/lwip/src/core/ipv4/etharp.c.obj
 .text.etharp_output_to_arp_index
                0x10009858       0xb8 CMakeFiles/picow_tcpip_server_background.dir/C_/Users/Matt/.pico-sdk/sdk/2.2.0/lib/lwip/src/core/ipv4/etharp.c.obj
 .text.etharp_tmr
                0x10009910       0x84 CMakeFiles/picow_tcpip_server_background.dir/C_/Users/Matt/.pico-sdk/sdk/2.2.0/lib/lwip/src/core/ipv4/etharp.c.obj
                0x10009910                etharp_tmr
 .text.etharp_cleanup_netif
                0x10009994      0x164 CMakeFiles/picow_tcpip_server_background.dir/C_/Users/Matt/.pico-sdk/sdk/2.2.0/lib/lwip/src/core/ipv4/etharp.c.obj
                0x10009994                etharp_cleanup_netif
 .text.etharp_input
                0x10009af8      0x174 CMakeFiles/picow_tcpip_server_background.dir/C_/Users/Matt/.pico-sdk/sdk/2.2.0/lib/lwip/src/core/ipv4/etharp.c.obj
                0x10009af8                etharp_input
 .text.etharp_query
                0x10009c6c      0x180 CMakeFiles/picow_tcpip_server_background.dir/C_/Users/Matt/.pico-sdk/sdk/2.2.0/lib/lwip/src/core/ipv4/etharp.c.obj
                0x10009c6c                etharp_query
 .text.etharp_output
                0x10009dec      0x224 CMakeFiles/picow_tcpip_server_background.dir/C_/Users/Matt/.pico-sdk/sdk/2.2.0/lib/lwip/src/core/ipv4/etharp.c.obj
                0x10009dec                etharp_output
 .text.etharp_request
                0x1000a010       0xd0 CMakeFiles/picow_tcpip_server_background.dir/C_/Users/Matt/.pico-sdk/sdk/2.2.0/lib/lwip/src/core/ipv4/etharp.c.obj
                0x1000a010                etharp_request
 .text.icmp_input
                0x1000a0e0      0x1b8 CMakeFiles/picow_tcpip_server_background.dir/C_/Users/Matt/.pico-sdk/sdk/2.2.0/lib/lwip/src/core/ipv4/icmp.c.obj
                0x1000a0e0                icmp_input
 .text.icmp_dest_unreach
                0x1000a298       0xac CMakeFiles/picow_tcpip_server_background.dir/C_/Users/Matt/.pico-sdk/sdk/2.2.0/lib/lwip/src/core/ipv4/icmp.c.obj
                0x1000a298                icmp_dest_unreach
 .text.icmp_time_exceeded
                0x1000a344       0xac CMakeFiles/picow_tcpip_server_background.dir/C_/Users/Matt/.pico-sdk/sdk/2.2.0/lib/lwip/src/core/ipv4/icmp.c.obj
                0x1000a344                icmp_time_exceeded
 .text.ip_reass_free_complete_datagram
                0x1000a3f0       0xe4 CMakeFiles/picow_tcpip_server_background.dir/C_/Users/Matt/.pico-sdk/sdk/2.2.0/lib/lwip/src/core/ipv4/ip4_frag.c.obj
 .text.ip_reass_remove_oldest_datagram
                0x1000a4d4       0xc0 CMakeFiles/picow_tcpip_server_background.dir/C_/Users/Matt/.pico-sdk/sdk/2.2.0/lib/lwip/src/core/ipv4/ip4_frag.c.obj
 .text.ip_reass_tmr
                0x1000a594       0x30 CMakeFiles/picow_tcpip_server_background.dir/C_/Users/Matt/.pico-sdk/sdk/2.2.0/lib/lwip/src/core/ipv4/ip4_frag.c.obj
                0x1000a594                ip_reass_tmr
 .text.ip4_reass
                0x1000a5c4      0x41c CMakeFiles/picow_tcpip_server_background.dir/C_/Users/Matt/.pico-sdk/sdk/2.2.0/lib/lwip/src/core/ipv4/ip4_frag.c.obj
                0x1000a5c4                ip4_reass
 .text.ip4_frag
                0x1000a9e0      0x22c CMakeFiles/picow_tcpip_server_background.dir/C_/Users/Matt/.pico-sdk/sdk/2.2.0/lib/lwip/src/core/ipv4/ip4_frag.c.obj
                0x1000a9e0                ip4_frag
 .text.ip4_route
                0x1000ac0c       0x6c CMakeFiles/picow_tcpip_server_background.dir/C_/Users/Matt/.pico-sdk/sdk/2.2.0/lib/lwip/src/core/ipv4/ip4.c.obj
                0x1000ac0c                ip4_route
 .text.ip4_input
                0x1000ac78      0x2b0 CMakeFiles/picow_tcpip_server_background.dir/C_/Users/Matt/.pico-sdk/sdk/2.2.0/lib/lwip/src/core/ipv4/ip4.c.obj
                0x1000ac78                ip4_input
 .text.ip4_output_if
                0x1000af28      0x138 CMakeFiles/picow_tcpip_server_background.dir/C_/Users/Matt/.pico-sdk/sdk/2.2.0/lib/lwip/src/core/ipv4/ip4.c.obj
                0x1000af28                ip4_output_if
 .text.ip4_output_if_src
                0x1000b060      0x138 CMakeFiles/picow_tcpip_server_background.dir/C_/Users/Matt/.pico-sdk/sdk/2.2.0/lib/lwip/src/core/ipv4/ip4.c.obj
                0x1000b060                ip4_output_if_src
 .text.ip4_addr_isbroadcast_u32
                0x1000b198       0x38 CMakeFiles/picow_tcpip_server_background.dir/C_/Users/Matt/.pico-sdk/sdk/2.2.0/lib/lwip/src/core/ipv4/ip4_addr.c.obj
                0x1000b198                ip4_addr_isbroadcast_u32
 .text.ethernet_input
                0x1000b1d0       0xc4 CMakeFiles/picow_tcpip_server_background.dir/C_/Users/Matt/.pico-sdk/sdk/2.2.0/lib/lwip/src/netif/ethernet.c.obj
                0x1000b1d0                ethernet_input
 .text.ethernet_output
                0x1000b294       0x60 CMakeFiles/picow_tcpip_server_background.dir/C_/Users/Matt/.pico-sdk/sdk/2.2.0/lib/lwip/src/netif/ethernet.c.obj
                0x1000b294                ethernet_output
 .text.cyw43_arch_set_async_context
                0x1000b2f4        0xc CMakeFiles/picow_tcpip_server_background.dir/C_/Users/Matt/.pico-sdk/sdk/2.2.0/src/rp2_common/pico_cyw43_arch/cyw43_arch.c.obj
                0x1000b2f4                cyw43_arch_set_async_context
 .text.cyw43_arch_enable_ap_mode
                0x1000b300       0x68 CMakeFiles/picow_tcpip_server_background.dir/C_/Users/Matt/.pico-sdk/sdk/2.2.0/src/rp2_common/pico_cyw43_arch/cyw43_arch.c.obj
                0x1000b300                cyw43_arch_enable_ap_mode
 .text.cyw43_arch_async_context
                0x1000b368        0xc CMakeFiles/picow_tcpip_server_background.dir/C_/Users/Matt/.pico-sdk/sdk/2.2.0/src/rp2_common/pico_cyw43_arch/cyw43_arch.c.obj
                0x1000b368                cyw43_arch_async_context
 .text.cyw43_arch_poll
                0x1000b374       0x14 CMakeFiles/picow_tcpip_server_background.dir/C_/Users/Matt/.pico-sdk/sdk/2.2.0/src/rp2_common/pico_cyw43_arch/cyw43_arch.c.obj
                0x1000b374                cyw43_arch_poll
 .text.cyw43_arch_init
                0x1000b388       0x70 CMakeFiles/picow_tcpip_server_background.dir/C_/Users/Matt/.pico-sdk/sdk/2.2.0/src/rp2_common/pico_cyw43_arch/cyw43_arch_threadsafe_background.c.obj
                0x1000b388                cyw43_arch_init
 .text.ns_delay.constprop.0
                0x1000b3f8       0x24 CMakeFiles/picow_tcpip_server_background.dir/C_/Users/Matt/.pico-sdk/sdk/2.2.0/src/rp2_common/pico_cyw43_driver/cyw43_bus_pio_spi.c.obj
 .text.cyw43_spi_deinit
                0x1000b41c       0x6c CMakeFiles/picow_tcpip_server_background.dir/C_/Users/Matt/.pico-sdk/sdk/2.2.0/src/rp2_common/pico_cyw43_driver/cyw43_bus_pio_spi.c.obj
                0x1000b41c                cyw43_spi_deinit
 .text.cyw43_spi_init
                0x1000b488      0x128 CMakeFiles/picow_tcpip_server_background.dir/C_/Users/Matt/.pico-sdk/sdk/2.2.0/src/rp2_common/pico_cyw43_driver/cyw43_bus_pio_spi.c.obj
                0x1000b488                cyw43_spi_init
 .text.cyw43_spi_transfer
                0x1000b5b0      0x39c CMakeFiles/picow_tcpip_server_background.dir/C_/Users/Matt/.pico-sdk/sdk/2.2.0/src/rp2_common/pico_cyw43_driver/cyw43_bus_pio_spi.c.obj
                0x1000b5b0                cyw43_spi_transfer
 .text.cyw43_spi_gpio_setup
                0x1000b94c       0x40 CMakeFiles/picow_tcpip_server_background.dir/C_/Users/Matt/.pico-sdk/sdk/2.2.0/src/rp2_common/pico_cyw43_driver/cyw43_bus_pio_spi.c.obj
                0x1000b94c                cyw43_spi_gpio_setup
 .text.cyw43_spi_reset
                0x1000b98c       0x30 CMakeFiles/picow_tcpip_server_background.dir/C_/Users/Matt/.pico-sdk/sdk/2.2.0/src/rp2_common/pico_cyw43_driver/cyw43_bus_pio_spi.c.obj
                0x1000b98c                cyw43_spi_reset
 .text.read_reg_u32_swap
                0x1000b9bc       0x44 CMakeFiles/picow_tcpip_server_background.dir/C_/Users/Matt/.pico-sdk/sdk/2.2.0/src/rp2_common/pico_cyw43_driver/cyw43_bus_pio_spi.c.obj
                0x1000b9bc                read_reg_u32_swap
 .text.cyw43_read_reg_u32
                0x1000ba00       0x54 CMakeFiles/picow_tcpip_server_background.dir/C_/Users/Matt/.pico-sdk/sdk/2.2.0/src/rp2_common/pico_cyw43_driver/cyw43_bus_pio_spi.c.obj
                0x1000ba00                cyw43_read_reg_u32
 .text.cyw43_read_reg_u16
                0x1000ba54       0x58 CMakeFiles/picow_tcpip_server_background.dir/C_/Users/Matt/.pico-sdk/sdk/2.2.0/src/rp2_common/pico_cyw43_driver/cyw43_bus_pio_spi.c.obj
                0x1000ba54                cyw43_read_reg_u16
 .text.cyw43_read_reg_u8
                0x1000baac       0x58 CMakeFiles/picow_tcpip_server_background.dir/C_/Users/Matt/.pico-sdk/sdk/2.2.0/src/rp2_common/pico_cyw43_driver/cyw43_bus_pio_spi.c.obj
                0x1000baac                cyw43_read_reg_u8
 .text.write_reg_u32_swap
                0x1000bb04      0x1cc CMakeFiles/picow_tcpip_server_background.dir/C_/Users/Matt/.pico-sdk/sdk/2.2.0/src/rp2_common/pico_cyw43_driver/cyw43_bus_pio_spi.c.obj
                0x1000bb04                write_reg_u32_swap
 .text.cyw43_write_reg_u32
                0x1000bcd0      0x1c8 CMakeFiles/picow_tcpip_server_background.dir/C_/Users/Matt/.pico-sdk/sdk/2.2.0/src/rp2_common/pico_cyw43_driver/cyw43_bus_pio_spi.c.obj
                0x1000bcd0                cyw43_write_reg_u32
 .text.cyw43_write_reg_u16
                0x1000be98      0x1c8 CMakeFiles/picow_tcpip_server_background.dir/C_/Users/Matt/.pico-sdk/sdk/2.2.0/src/rp2_common/pico_cyw43_driver/cyw43_bus_pio_spi.c.obj
                0x1000be98                cyw43_write_reg_u16
 .text.cyw43_write_reg_u8
                0x1000c060      0x1c8 CMakeFiles/picow_tcpip_server_background.dir/C_/Users/Matt/.pico-sdk/sdk/2.2.0/src/rp2_common/pico_cyw43_driver/cyw43_bus_pio_spi.c.obj
                0x1000c060                cyw43_write_reg_u8
 .text.cyw43_read_bytes
                0x1000c228       0x84 CMakeFiles/picow_tcpip_server_background.dir/C_/Users/Matt/.pico-sdk/sdk/2.2.0/src/rp2_common/pico_cyw43_driver/cyw43_bus_pio_spi.c.obj
                0x1000c228                cyw43_read_bytes
 .text.cyw43_write_bytes
                0x1000c2ac       0xcc CMakeFiles/picow_tcpip_server_background.dir/C_/Users/Matt/.pico-sdk/sdk/2.2.0/src/rp2_common/pico_cyw43_driver/cyw43_bus_pio_spi.c.obj
                0x1000c2ac                cyw43_write_bytes
 .text.cyw43_set_backplane_window
                0x1000c378       0x70 CMakeFiles/picow_tcpip_server_background.dir/C_/Users/Matt/.pico-sdk/sdk/2.2.0/lib/cyw43-driver/src/cyw43_ll.c.obj
 .text.cyw43_ll_parse_async_event
                0x1000c3e8      0x114 CMakeFiles/picow_tcpip_server_background.dir/C_/Users/Matt/.pico-sdk/sdk/2.2.0/lib/cyw43-driver/src/cyw43_ll.c.obj
 .text.cyw43_kso_set
                0x1000c4fc       0x78 CMakeFiles/picow_tcpip_server_background.dir/C_/Users/Matt/.pico-sdk/sdk/2.2.0/lib/cyw43-driver/src/cyw43_ll.c.obj
 .text.cyw43_ll_sdpcm_poll_device
                0x1000c574      0x230 CMakeFiles/picow_tcpip_server_background.dir/C_/Users/Matt/.pico-sdk/sdk/2.2.0/lib/cyw43-driver/src/cyw43_ll.c.obj
 .text.cyw43_sdpcm_send_common
                0x1000c7a4       0xe8 CMakeFiles/picow_tcpip_server_background.dir/C_/Users/Matt/.pico-sdk/sdk/2.2.0/lib/cyw43-driver/src/cyw43_ll.c.obj
 .text.cyw43_do_ioctl.part.0
                0x1000c88c       0xb8 CMakeFiles/picow_tcpip_server_background.dir/C_/Users/Matt/.pico-sdk/sdk/2.2.0/lib/cyw43-driver/src/cyw43_ll.c.obj
 .text.cyw43_write_iovar_u32.constprop.0
                0x1000c944       0x74 CMakeFiles/picow_tcpip_server_background.dir/C_/Users/Matt/.pico-sdk/sdk/2.2.0/lib/cyw43-driver/src/cyw43_ll.c.obj
 .text.cyw43_write_iovar_n
                0x1000c9b8       0x80 CMakeFiles/picow_tcpip_server_background.dir/C_/Users/Matt/.pico-sdk/sdk/2.2.0/lib/cyw43-driver/src/cyw43_ll.c.obj
 .text.cyw43_write_iovar_u32_u32.constprop.0
                0x1000ca38       0xa0 CMakeFiles/picow_tcpip_server_background.dir/C_/Users/Matt/.pico-sdk/sdk/2.2.0/lib/cyw43-driver/src/cyw43_ll.c.obj
 .text.cyw43_read_backplane.constprop.0
                0x1000cad8       0xe4 CMakeFiles/picow_tcpip_server_background.dir/C_/Users/Matt/.pico-sdk/sdk/2.2.0/lib/cyw43-driver/src/cyw43_ll.c.obj
 .text.cyw43_write_backplane
                0x1000cbbc       0xf8 CMakeFiles/picow_tcpip_server_background.dir/C_/Users/Matt/.pico-sdk/sdk/2.2.0/lib/cyw43-driver/src/cyw43_ll.c.obj
 .text.reset_device_core.constprop.0
                0x1000ccb4      0x3ac CMakeFiles/picow_tcpip_server_background.dir/C_/Users/Matt/.pico-sdk/sdk/2.2.0/lib/cyw43-driver/src/cyw43_ll.c.obj
 .text.cyw43_ll_init
                0x1000d060       0x18 CMakeFiles/picow_tcpip_server_background.dir/C_/Users/Matt/.pico-sdk/sdk/2.2.0/lib/cyw43-driver/src/cyw43_ll.c.obj
                0x1000d060                cyw43_ll_init
 .text.cyw43_ll_deinit
                0x1000d078        0x4 CMakeFiles/picow_tcpip_server_background.dir/C_/Users/Matt/.pico-sdk/sdk/2.2.0/lib/cyw43-driver/src/cyw43_ll.c.obj
                0x1000d078                cyw43_ll_deinit
 .text.cyw43_ll_send_ethernet
                0x1000d07c       0x54 CMakeFiles/picow_tcpip_server_background.dir/C_/Users/Matt/.pico-sdk/sdk/2.2.0/lib/cyw43-driver/src/cyw43_ll.c.obj
                0x1000d07c                cyw43_ll_send_ethernet
 .text.cyw43_ll_process_packets
                0x1000d0d0       0x44 CMakeFiles/picow_tcpip_server_background.dir/C_/Users/Matt/.pico-sdk/sdk/2.2.0/lib/cyw43-driver/src/cyw43_ll.c.obj
                0x1000d0d0                cyw43_ll_process_packets
 .text.cyw43_ll_ioctl
                0x1000d114       0x78 CMakeFiles/picow_tcpip_server_background.dir/C_/Users/Matt/.pico-sdk/sdk/2.2.0/lib/cyw43-driver/src/cyw43_ll.c.obj
                0x1000d114                cyw43_ll_ioctl
 .text.cyw43_ll_bus_sleep
                0x1000d18c       0x30 CMakeFiles/picow_tcpip_server_background.dir/C_/Users/Matt/.pico-sdk/sdk/2.2.0/lib/cyw43-driver/src/cyw43_ll.c.obj
                0x1000d18c                cyw43_ll_bus_sleep
 .text.cyw43_ll_wifi_on
                0x1000d1bc      0x208 CMakeFiles/picow_tcpip_server_background.dir/C_/Users/Matt/.pico-sdk/sdk/2.2.0/lib/cyw43-driver/src/cyw43_ll.c.obj
                0x1000d1bc                cyw43_ll_wifi_on
 .text.cyw43_ll_wifi_get_mac
                0x1000d3c4       0x84 CMakeFiles/picow_tcpip_server_background.dir/C_/Users/Matt/.pico-sdk/sdk/2.2.0/lib/cyw43-driver/src/cyw43_ll.c.obj
                0x1000d3c4                cyw43_ll_wifi_get_mac
 .text.cyw43_ll_bus_init
                0x1000d448      0x840 CMakeFiles/picow_tcpip_server_background.dir/C_/Users/Matt/.pico-sdk/sdk/2.2.0/lib/cyw43-driver/src/cyw43_ll.c.obj
                0x1000d448                cyw43_ll_bus_init
 .text.cyw43_ll_wifi_pm
                0x1000dc88      0x114 CMakeFiles/picow_tcpip_server_background.dir/C_/Users/Matt/.pico-sdk/sdk/2.2.0/lib/cyw43-driver/src/cyw43_ll.c.obj
                0x1000dc88                cyw43_ll_wifi_pm
 .text.cyw43_ll_wifi_set_wpa_auth
                0x1000dd9c       0x48 CMakeFiles/picow_tcpip_server_background.dir/C_/Users/Matt/.pico-sdk/sdk/2.2.0/lib/cyw43-driver/src/cyw43_ll.c.obj
                0x1000dd9c                cyw43_ll_wifi_set_wpa_auth
 .text.cyw43_ll_wifi_rejoin
                0x1000dde4       0x74 CMakeFiles/picow_tcpip_server_background.dir/C_/Users/Matt/.pico-sdk/sdk/2.2.0/lib/cyw43-driver/src/cyw43_ll.c.obj
                0x1000dde4                cyw43_ll_wifi_rejoin
 .text.cyw43_ll_wifi_ap_init
                0x1000de58      0x47c CMakeFiles/picow_tcpip_server_background.dir/C_/Users/Matt/.pico-sdk/sdk/2.2.0/lib/cyw43-driver/src/cyw43_ll.c.obj
                0x1000de58                cyw43_ll_wifi_ap_init
 .text.cyw43_ll_wifi_ap_set_up
                0x1000e2d4       0x6c CMakeFiles/picow_tcpip_server_background.dir/C_/Users/Matt/.pico-sdk/sdk/2.2.0/lib/cyw43-driver/src/cyw43_ll.c.obj
                0x1000e2d4                cyw43_ll_wifi_ap_set_up
 .text.cyw43_ll_has_work
                0x1000e340       0x14 CMakeFiles/picow_tcpip_server_background.dir/C_/Users/Matt/.pico-sdk/sdk/2.2.0/lib/cyw43-driver/src/cyw43_ll.c.obj
                0x1000e340                cyw43_ll_has_work
 .text.cyw43_netif_init
                0x1000e354       0x3c CMakeFiles/picow_tcpip_server_background.dir/C_/Users/Matt/.pico-sdk/sdk/2.2.0/lib/cyw43-driver/src/cyw43_lwip.c.obj
 .text.cyw43_netif_output
                0x1000e390       0x34 CMakeFiles/picow_tcpip_server_background.dir/C_/Users/Matt/.pico-sdk/sdk/2.2.0/lib/cyw43-driver/src/cyw43_lwip.c.obj
 *fill*         0x1000e3c4        0x4 
 .text.cyw43_cb_tcpip_init
                0x1000e3c8       0xe4 CMakeFiles/picow_tcpip_server_background.dir/C_/Users/Matt/.pico-sdk/sdk/2.2.0/lib/cyw43-driver/src/cyw43_lwip.c.obj
                0x1000e3c8                cyw43_cb_tcpip_init
 .text.cyw43_cb_tcpip_deinit
                0x1000e4ac       0x40 CMakeFiles/picow_tcpip_server_background.dir/C_/Users/Matt/.pico-sdk/sdk/2.2.0/lib/cyw43-driver/src/cyw43_lwip.c.obj
                0x1000e4ac                cyw43_cb_tcpip_deinit
 .text.cyw43_cb_process_ethernet
                0x1000e4ec       0x54 CMakeFiles/picow_tcpip_server_background.dir/C_/Users/Matt/.pico-sdk/sdk/2.2.0/lib/cyw43-driver/src/cyw43_lwip.c.obj
                0x1000e4ec                cyw43_cb_process_ethernet
 .text.cyw43_cb_tcpip_set_link_up
                0x1000e540        0xc CMakeFiles/picow_tcpip_server_background.dir/C_/Users/Matt/.pico-sdk/sdk/2.2.0/lib/cyw43-driver/src/cyw43_lwip.c.obj
                0x1000e540                cyw43_cb_tcpip_set_link_up
 .text.cyw43_cb_tcpip_set_link_down
                0x1000e54c        0xc CMakeFiles/picow_tcpip_server_background.dir/C_/Users/Matt/.pico-sdk/sdk/2.2.0/lib/cyw43-driver/src/cyw43_lwip.c.obj
                0x1000e54c                cyw43_cb_tcpip_set_link_down
 .text.cyw43_ensure_up
                0x1000e558       0x78 CMakeFiles/picow_tcpip_server_background.dir/C_/Users/Matt/.pico-sdk/sdk/2.2.0/lib/cyw43-driver/src/cyw43_ctrl.c.obj
 .text.cyw43_poll_func
                0x1000e5d0       0xb8 CMakeFiles/picow_tcpip_server_background.dir/C_/Users/Matt/.pico-sdk/sdk/2.2.0/lib/cyw43-driver/src/cyw43_ctrl.c.obj
 .text.cyw43_init
                0x1000e688       0x5c CMakeFiles/picow_tcpip_server_background.dir/C_/Users/Matt/.pico-sdk/sdk/2.2.0/lib/cyw43-driver/src/cyw43_ctrl.c.obj
                0x1000e688                cyw43_init
 .text.cyw43_deinit
                0x1000e6e4       0x80 CMakeFiles/picow_tcpip_server_background.dir/C_/Users/Matt/.pico-sdk/sdk/2.2.0/lib/cyw43-driver/src/cyw43_ctrl.c.obj
                0x1000e6e4                cyw43_deinit
 .text.cyw43_cb_read_host_interrupt_pin
                0x1000e764        0xc CMakeFiles/picow_tcpip_server_background.dir/C_/Users/Matt/.pico-sdk/sdk/2.2.0/lib/cyw43-driver/src/cyw43_ctrl.c.obj
                0x1000e764                cyw43_cb_read_host_interrupt_pin
 .text.cyw43_cb_ensure_awake
                0x1000e770        0xc CMakeFiles/picow_tcpip_server_background.dir/C_/Users/Matt/.pico-sdk/sdk/2.2.0/lib/cyw43-driver/src/cyw43_ctrl.c.obj
                0x1000e770                cyw43_cb_ensure_awake
 .text.cyw43_cb_process_async_event
                0x1000e77c      0x23c CMakeFiles/picow_tcpip_server_background.dir/C_/Users/Matt/.pico-sdk/sdk/2.2.0/lib/cyw43-driver/src/cyw43_ctrl.c.obj
                0x1000e77c                cyw43_cb_process_async_event
 .text.cyw43_send_ethernet
                0x1000e9b8       0xac CMakeFiles/picow_tcpip_server_background.dir/C_/Users/Matt/.pico-sdk/sdk/2.2.0/lib/cyw43-driver/src/cyw43_ctrl.c.obj
                0x1000e9b8                cyw43_send_ethernet
 .text.cyw43_wifi_get_mac
                0x1000ea64       0x10 CMakeFiles/picow_tcpip_server_background.dir/C_/Users/Matt/.pico-sdk/sdk/2.2.0/lib/cyw43-driver/src/cyw43_ctrl.c.obj
                0x1000ea64                cyw43_wifi_get_mac
 .text.cyw43_wifi_set_up
                0x1000ea74      0x14c CMakeFiles/picow_tcpip_server_background.dir/C_/Users/Matt/.pico-sdk/sdk/2.2.0/lib/cyw43-driver/src/cyw43_ctrl.c.obj
                0x1000ea74                cyw43_wifi_set_up
 .text.pio_sm_set_pindirs_with_mask64
                0x1000ebc0       0x68 CMakeFiles/picow_tcpip_server_background.dir/C_/Users/Matt/.pico-sdk/sdk/2.2.0/src/rp2_common/hardware_pio/pio.c.obj
                0x1000ebc0                pio_sm_set_pindirs_with_mask64
 .text.pio_sm_set_consecutive_pindirs
                0x1000ec28       0x8c CMakeFiles/picow_tcpip_server_background.dir/C_/Users/Matt/.pico-sdk/sdk/2.2.0/src/rp2_common/hardware_pio/pio.c.obj
                0x1000ec28                pio_sm_set_consecutive_pindirs
 .text.pio_claim_free_sm_and_add_program_for_gpio_range
                0x1000ecb4      0x170 CMakeFiles/picow_tcpip_server_background.dir/C_/Users/Matt/.pico-sdk/sdk/2.2.0/src/rp2_common/hardware_pio/pio.c.obj
                0x1000ecb4                pio_claim_free_sm_and_add_program_for_gpio_range
 .text.pio_remove_program_and_unclaim_sm
                0x1000ee24       0x4c CMakeFiles/picow_tcpip_server_background.dir/C_/Users/Matt/.pico-sdk/sdk/2.2.0/src/rp2_common/hardware_pio/pio.c.obj
                0x1000ee24                pio_remove_program_and_unclaim_sm
 .text.dma_channel_unclaim
                0x1000ee70        0xc CMakeFiles/picow_tcpip_server_background.dir/C_/Users/Matt/.pico-sdk/sdk/2.2.0/src/rp2_common/hardware_dma/dma.c.obj
                0x1000ee70                dma_channel_unclaim
 .text.dma_claim_unused_channel
                0x1000ee7c       0x20 CMakeFiles/picow_tcpip_server_background.dir/C_/Users/Matt/.pico-sdk/sdk/2.2.0/src/rp2_common/hardware_dma/dma.c.obj
                0x1000ee7c                dma_claim_unused_channel
 .text.dma_channel_cleanup
                0x1000ee9c       0x50 CMakeFiles/picow_tcpip_server_background.dir/C_/Users/Matt/.pico-sdk/sdk/2.2.0/src/rp2_common/hardware_dma/dma.c.obj
                0x1000ee9c                dma_channel_cleanup
 .text.cyw43_sleep_timeout_reached
                0x1000eeec        0xc CMakeFiles/picow_tcpip_server_background.dir/C_/Users/Matt/.pico-sdk/sdk/2.2.0/src/rp2_common/pico_cyw43_driver/cyw43_driver.c.obj
 .text.cyw43_irq_init
                0x1000eef8       0x28 CMakeFiles/picow_tcpip_server_background.dir/C_/Users/Matt/.pico-sdk/sdk/2.2.0/src/rp2_common/pico_cyw43_driver/cyw43_driver.c.obj
                0x1000eef8                cyw43_irq_init
 .text.cyw43_irq_deinit
                0x1000ef20       0x20 CMakeFiles/picow_tcpip_server_background.dir/C_/Users/Matt/.pico-sdk/sdk/2.2.0/src/rp2_common/pico_cyw43_driver/cyw43_driver.c.obj
                0x1000ef20                cyw43_irq_deinit
 .text.cyw43_gpio_irq_handler
                0x1000ef40       0x48 CMakeFiles/picow_tcpip_server_background.dir/C_/Users/Matt/.pico-sdk/sdk/2.2.0/src/rp2_common/pico_cyw43_driver/cyw43_driver.c.obj
 .text.cyw43_do_poll
                0x1000ef88       0x70 CMakeFiles/picow_tcpip_server_background.dir/C_/Users/Matt/.pico-sdk/sdk/2.2.0/src/rp2_common/pico_cyw43_driver/cyw43_driver.c.obj
 .text.cyw43_post_poll_hook
                0x1000eff8        0xc CMakeFiles/picow_tcpip_server_background.dir/C_/Users/Matt/.pico-sdk/sdk/2.2.0/src/rp2_common/pico_cyw43_driver/cyw43_driver.c.obj
                0x1000eff8                cyw43_post_poll_hook
 .text.cyw43_schedule_internal_poll_dispatch
                0x1000f004       0x14 CMakeFiles/picow_tcpip_server_background.dir/C_/Users/Matt/.pico-sdk/sdk/2.2.0/src/rp2_common/pico_cyw43_driver/cyw43_driver.c.obj
                0x1000f004                cyw43_schedule_internal_poll_dispatch
 .text.cyw43_driver_init
                0x1000f018       0x38 CMakeFiles/picow_tcpip_server_background.dir/C_/Users/Matt/.pico-sdk/sdk/2.2.0/src/rp2_common/pico_cyw43_driver/cyw43_driver.c.obj
                0x1000f018                cyw43_driver_init
 .text.cyw43_driver_deinit
                0x1000f050       0x48 CMakeFiles/picow_tcpip_server_background.dir/C_/Users/Matt/.pico-sdk/sdk/2.2.0/src/rp2_common/pico_cyw43_driver/cyw43_driver.c.obj
                0x1000f050                cyw43_driver_deinit
 .text.cyw43_hal_generate_laa_mac
                0x1000f098       0x28 CMakeFiles/picow_tcpip_server_background.dir/C_/Users/Matt/.pico-sdk/sdk/2.2.0/src/rp2_common/pico_cyw43_driver/cyw43_driver.c.obj
                0x1000f098                cyw43_hal_generate_laa_mac
 .text.cyw43_hal_get_mac
                0x1000f0c0       0x14 CMakeFiles/picow_tcpip_server_background.dir/C_/Users/Matt/.pico-sdk/sdk/2.2.0/src/rp2_common/pico_cyw43_driver/cyw43_driver.c.obj
                0x1000f0c0                cyw43_hal_get_mac
 .text.cyw43_thread_enter
                0x1000f0d4       0x10 CMakeFiles/picow_tcpip_server_background.dir/C_/Users/Matt/.pico-sdk/sdk/2.2.0/src/rp2_common/pico_cyw43_driver/cyw43_driver.c.obj
                0x1000f0d4                cyw43_thread_enter
 .text.cyw43_thread_exit
                0x1000f0e4       0x10 CMakeFiles/picow_tcpip_server_background.dir/C_/Users/Matt/.pico-sdk/sdk/2.2.0/src/rp2_common/pico_cyw43_driver/cyw43_driver.c.obj
                0x1000f0e4                cyw43_thread_exit
 .text.cyw43_await_background_or_timeout_us
                0x1000f0f4       0x6c CMakeFiles/picow_tcpip_server_background.dir/C_/Users/Matt/.pico-sdk/sdk/2.2.0/src/rp2_common/pico_cyw43_driver/cyw43_driver.c.obj
                0x1000f0f4                cyw43_await_background_or_timeout_us
 .text.cyw43_delay_ms
                0x1000f160       0x40 CMakeFiles/picow_tcpip_server_background.dir/C_/Users/Matt/.pico-sdk/sdk/2.2.0/src/rp2_common/pico_cyw43_driver/cyw43_driver.c.obj
                0x1000f160                cyw43_delay_ms
 .text.cyw43_delay_us
                0x1000f1a0       0x38 CMakeFiles/picow_tcpip_server_background.dir/C_/Users/Matt/.pico-sdk/sdk/2.2.0/src/rp2_common/pico_cyw43_driver/cyw43_driver.c.obj
                0x1000f1a0                cyw43_delay_us
 .text.async_context_threadsafe_background_acquire_lock_blocking
                0x1000f1d8        0x8 CMakeFiles/picow_tcpip_server_background.dir/C_/Users/Matt/.pico-sdk/sdk/2.2.0/src/rp2_common/pico_async_context/async_context_threadsafe_background.c.obj
 .text.alarm_handler
                0x1000f1e0       0x20 CMakeFiles/picow_tcpip_server_background.dir/C_/Users/Matt/.pico-sdk/sdk/2.2.0/src/rp2_common/pico_async_context/async_context_threadsafe_background.c.obj
 .text.async_context_threadsafe_background_set_work_pending
                0x1000f200       0x1c CMakeFiles/picow_tcpip_server_background.dir/C_/Users/Matt/.pico-sdk/sdk/2.2.0/src/rp2_common/pico_async_context/async_context_threadsafe_background.c.obj
 .text.process_under_lock
                0x1000f21c       0xb0 CMakeFiles/picow_tcpip_server_background.dir/C_/Users/Matt/.pico-sdk/sdk/2.2.0/src/rp2_common/pico_async_context/async_context_threadsafe_background.c.obj
 .text.async_context_threadsafe_background_execute_sync
                0x1000f2cc       0x3c CMakeFiles/picow_tcpip_server_background.dir/C_/Users/Matt/.pico-sdk/sdk/2.2.0/src/rp2_common/pico_async_context/async_context_threadsafe_background.c.obj
                0x1000f2cc                async_context_threadsafe_background_execute_sync
 .text.async_context_threadsafe_background_deinit
                0x1000f308       0x5c CMakeFiles/picow_tcpip_server_background.dir/C_/Users/Matt/.pico-sdk/sdk/2.2.0/src/rp2_common/pico_async_context/async_context_threadsafe_background.c.obj
 .text.low_priority_irq_handler
                0x1000f364       0x40 CMakeFiles/picow_tcpip_server_background.dir/C_/Users/Matt/.pico-sdk/sdk/2.2.0/src/rp2_common/pico_async_context/async_context_threadsafe_background.c.obj
 .text.async_context_threadsafe_background_wait_for_work_until
                0x1000f3a4        0x8 CMakeFiles/picow_tcpip_server_background.dir/C_/Users/Matt/.pico-sdk/sdk/2.2.0/src/rp2_common/pico_async_context/async_context_threadsafe_background.c.obj
 .text.async_context_threadsafe_background_wait_until
                0x1000f3ac       0x14 CMakeFiles/picow_tcpip_server_background.dir/C_/Users/Matt/.pico-sdk/sdk/2.2.0/src/rp2_common/pico_async_context/async_context_threadsafe_background.c.obj
 .text.async_context_threadsafe_background_lock_check
                0x1000f3c0       0x24 CMakeFiles/picow_tcpip_server_background.dir/C_/Users/Matt/.pico-sdk/sdk/2.2.0/src/rp2_common/pico_async_context/async_context_threadsafe_background.c.obj
 .text.async_context_threadsafe_background_release_lock
                0x1000f3e4       0x28 CMakeFiles/picow_tcpip_server_background.dir/C_/Users/Matt/.pico-sdk/sdk/2.2.0/src/rp2_common/pico_async_context/async_context_threadsafe_background.c.obj
 .text.async_context_threadsafe_background_when_pending_worker
                0x1000f40c       0x3c CMakeFiles/picow_tcpip_server_background.dir/C_/Users/Matt/.pico-sdk/sdk/2.2.0/src/rp2_common/pico_async_context/async_context_threadsafe_background.c.obj
 .text.async_context_threadsafe_background_add_when_pending_worker
                0x1000f448       0x3c CMakeFiles/picow_tcpip_server_background.dir/C_/Users/Matt/.pico-sdk/sdk/2.2.0/src/rp2_common/pico_async_context/async_context_threadsafe_background.c.obj
 .text.async_context_threadsafe_background_remove_at_time_worker
                0x1000f484       0x3c CMakeFiles/picow_tcpip_server_background.dir/C_/Users/Matt/.pico-sdk/sdk/2.2.0/src/rp2_common/pico_async_context/async_context_threadsafe_background.c.obj
 .text.async_context_threadsafe_background_add_at_time_worker
                0x1000f4c0       0x3c CMakeFiles/picow_tcpip_server_background.dir/C_/Users/Matt/.pico-sdk/sdk/2.2.0/src/rp2_common/pico_async_context/async_context_threadsafe_background.c.obj
 .text.async_context_threadsafe_background_default_config
                0x1000f4fc        0xc CMakeFiles/picow_tcpip_server_background.dir/C_/Users/Matt/.pico-sdk/sdk/2.2.0/src/rp2_common/pico_async_context/async_context_threadsafe_background.c.obj
                0x1000f4fc                async_context_threadsafe_background_default_config
 .text.async_context_threadsafe_background_init
                0x1000f508       0x8c CMakeFiles/picow_tcpip_server_background.dir/C_/Users/Matt/.pico-sdk/sdk/2.2.0/src/rp2_common/pico_async_context/async_context_threadsafe_background.c.obj
                0x1000f508                async_context_threadsafe_background_init
 .text.uart_init
                0x1000f594      0x104 CMakeFiles/picow_tcpip_server_background.dir/C_/Users/Matt/.pico-sdk/sdk/2.2.0/src/rp2_common/hardware_uart/uart.c.obj
                0x1000f594                uart_init
 .text.first_per_core_initializer
                0x1000f698        0x4 CMakeFiles/picow_tcpip_server_background.dir/C_/Users/Matt/.pico-sdk/sdk/2.2.0/src/rp2_common/pico_runtime/runtime.c.obj
 .text.hard_assertion_failure
                0x1000f69c        0xc CMakeFiles/picow_tcpip_server_background.dir/C_/Users/Matt/.pico-sdk/sdk/2.2.0/src/rp2_common/pico_runtime/runtime.c.obj
                0x1000f69c                hard_assertion_failure
 .text.runtime_run_initializers
                0x1000f6a8       0x20 CMakeFiles/picow_tcpip_server_background.dir/C_/Users/Matt/.pico-sdk/sdk/2.2.0/src/rp2_common/pico_runtime/runtime.c.obj
                0x1000f6a8                runtime_run_initializers
 .text.runtime_init_early_resets
                0x1000f6c8       0x34 CMakeFiles/picow_tcpip_server_background.dir/C_/Users/Matt/.pico-sdk/sdk/2.2.0/src/rp2_common/pico_runtime_init/runtime_init.c.obj
                0x1000f6c8                runtime_init_early_resets
 .text.runtime_init_usb_power_down
                0x1000f6fc       0x1c CMakeFiles/picow_tcpip_server_background.dir/C_/Users/Matt/.pico-sdk/sdk/2.2.0/src/rp2_common/pico_runtime_init/runtime_init.c.obj
                0x1000f6fc                runtime_init_usb_power_down
 .text.runtime_init_per_core_enable_coprocessors
                0x1000f718       0x1c CMakeFiles/picow_tcpip_server_background.dir/C_/Users/Matt/.pico-sdk/sdk/2.2.0/src/rp2_common/pico_runtime_init/runtime_init.c.obj
                0x1000f718                runtime_init_per_core_enable_coprocessors
 .text.runtime_init_post_clock_resets
                0x1000f734       0x20 CMakeFiles/picow_tcpip_server_background.dir/C_/Users/Matt/.pico-sdk/sdk/2.2.0/src/rp2_common/pico_runtime_init/runtime_init.c.obj
                0x1000f734                runtime_init_post_clock_resets
 .text.runtime_init_bootrom_reset
                0x1000f754       0x14 CMakeFiles/picow_tcpip_server_background.dir/C_/Users/Matt/.pico-sdk/sdk/2.2.0/src/rp2_common/pico_runtime_init/runtime_init.c.obj
                0x1000f754                runtime_init_bootrom_reset
 .text.runtime_init_per_core_bootrom_reset
                0x1000f768       0x14 CMakeFiles/picow_tcpip_server_background.dir/C_/Users/Matt/.pico-sdk/sdk/2.2.0/src/rp2_common/pico_runtime_init/runtime_init.c.obj
                0x1000f768                runtime_init_per_core_bootrom_reset
 .text.runtime_init_spin_locks_reset
                0x1000f77c        0x4 CMakeFiles/picow_tcpip_server_background.dir/C_/Users/Matt/.pico-sdk/sdk/2.2.0/src/rp2_common/pico_runtime_init/runtime_init.c.obj
                0x1000f77c                runtime_init_spin_locks_reset
 .text.runtime_init_install_ram_vector_table
                0x1000f780       0x68 CMakeFiles/picow_tcpip_server_background.dir/C_/Users/Matt/.pico-sdk/sdk/2.2.0/src/rp2_common/pico_runtime_init/runtime_init.c.obj
                0x1000f780                runtime_init_install_ram_vector_table
 .text.runtime_init_clocks
                0x1000f7e8       0xdc CMakeFiles/picow_tcpip_server_background.dir/C_/Users/Matt/.pico-sdk/sdk/2.2.0/src/rp2_common/pico_runtime_init/runtime_init_clocks.c.obj
                0x1000f7e8                runtime_init_clocks
 .text.__rp2350_dcp_engaged_state_save_restore
                0x1000f8c4       0x3a CMakeFiles/picow_tcpip_server_background.dir/C_/Users/Matt/.pico-sdk/sdk/2.2.0/src/rp2_common/pico_double/double_aeabi_dcp.S.obj
 *fill*         0x1000f8fe        0x2 
 .text.__wrap___aeabi_dadd
                0x1000f900       0x28 CMakeFiles/picow_tcpip_server_background.dir/C_/Users/Matt/.pico-sdk/sdk/2.2.0/src/rp2_common/pico_double/double_aeabi_dcp.S.obj
                0x1000f908                __wrap___aeabi_dadd
 .text.__wrap___aeabi_dsub
                0x1000f928       0x28 CMakeFiles/picow_tcpip_server_background.dir/C_/Users/Matt/.pico-sdk/sdk/2.2.0/src/rp2_common/pico_double/double_aeabi_dcp.S.obj
                0x1000f930                __wrap___aeabi_dsub
 .text.__wrap___aeabi_dmul
                0x1000f950       0x4c CMakeFiles/picow_tcpip_server_background.dir/C_/Users/Matt/.pico-sdk/sdk/2.2.0/src/rp2_common/pico_double/double_aeabi_dcp.S.obj
                0x1000f958                __wrap___aeabi_dmul
 .text.__wrap___aeabi_ddiv
                0x1000f99c       0x9c CMakeFiles/picow_tcpip_server_background.dir/C_/Users/Matt/.pico-sdk/sdk/2.2.0/src/rp2_common/pico_double/double_aeabi_dcp.S.obj
                0x1000f9a4                __wrap___aeabi_ddiv
 .text.__wrap___aeabi_i2d
                0x1000fa38       0x24 CMakeFiles/picow_tcpip_server_background.dir/C_/Users/Matt/.pico-sdk/sdk/2.2.0/src/rp2_common/pico_double/double_aeabi_dcp.S.obj
                0x1000fa40                int2double
                0x1000fa40                __wrap___aeabi_i2d
 .text.__wrap___aeabi_ui2d
                0x1000fa5c       0x24 CMakeFiles/picow_tcpip_server_background.dir/C_/Users/Matt/.pico-sdk/sdk/2.2.0/src/rp2_common/pico_double/double_aeabi_dcp.S.obj
                0x1000fa64                uint2double
                0x1000fa64                __wrap___aeabi_ui2d
 .text.__wrap___aeabi_d2iz
                0x1000fa80       0x24 CMakeFiles/picow_tcpip_server_background.dir/C_/Users/Matt/.pico-sdk/sdk/2.2.0/src/rp2_common/pico_double/double_aeabi_dcp.S.obj
                0x1000fa88                double2int_z
                0x1000fa88                __wrap___aeabi_d2iz
 .text.__wrap___aeabi_d2uiz
                0x1000faa4       0x24 CMakeFiles/picow_tcpip_server_background.dir/C_/Users/Matt/.pico-sdk/sdk/2.2.0/src/rp2_common/pico_double/double_aeabi_dcp.S.obj
                0x1000faac                double2uint
                0x1000faac                __wrap___aeabi_d2uiz
                0x1000faac                double2uint_z
 .text.__wrap___aeabi_dcmpun
                0x1000fac8       0x24 CMakeFiles/picow_tcpip_server_background.dir/C_/Users/Matt/.pico-sdk/sdk/2.2.0/src/rp2_common/pico_double/double_aeabi_dcp.S.obj
                0x1000fad0                __wrap___aeabi_dcmpun
 .text.__wrap___aeabi_dcmplt
                0x1000faec       0x28 CMakeFiles/picow_tcpip_server_background.dir/C_/Users/Matt/.pico-sdk/sdk/2.2.0/src/rp2_common/pico_double/double_aeabi_dcp.S.obj
                0x1000faf4                __wrap___aeabi_dcmplt
 .text.__wrap___aeabi_dcmple
                0x1000fb14       0x28 CMakeFiles/picow_tcpip_server_background.dir/C_/Users/Matt/.pico-sdk/sdk/2.2.0/src/rp2_common/pico_double/double_aeabi_dcp.S.obj
                0x1000fb1c                __wrap___aeabi_dcmple
 .text.__wrap___aeabi_dcmpge
                0x1000fb3c       0x28 CMakeFiles/picow_tcpip_server_background.dir/C_/Users/Matt/.pico-sdk/sdk/2.2.0/src/rp2_common/pico_double/double_aeabi_dcp.S.obj
                0x1000fb44                __wrap___aeabi_dcmpge
 .text.__wrap___aeabi_dcmpgt
                0x1000fb64       0x28 CMakeFiles/picow_tcpip_server_background.dir/C_/Users/Matt/.pico-sdk/sdk/2.2.0/src/rp2_common/pico_double/double_aeabi_dcp.S.obj
                0x1000fb6c                __wrap___aeabi_dcmpgt
 .text._out_null
                0x1000fb8c        0x4 CMakeFiles/picow_tcpip_server_background.dir/C_/Users/Matt/.pico-sdk/sdk/2.2.0/src/rp2_common/pico_printf/printf.c.obj
 .text._out_rev
                0x1000fb90       0x9c CMakeFiles/picow_tcpip_server_background.dir/C_/Users/Matt/.pico-sdk/sdk/2.2.0/src/rp2_common/pico_printf/printf.c.obj
 .text._ntoa_format
                0x1000fc2c      0x1d4 CMakeFiles/picow_tcpip_server_background.dir/C_/Users/Matt/.pico-sdk/sdk/2.2.0/src/rp2_common/pico_printf/printf.c.obj
 .text._out_char
                0x1000fe00        0x8 CMakeFiles/picow_tcpip_server_background.dir/C_/Users/Matt/.pico-sdk/sdk/2.2.0/src/rp2_common/pico_printf/printf.c.obj
 .text._out_fct
                0x1000fe08        0xc CMakeFiles/picow_tcpip_server_background.dir/C_/Users/Matt/.pico-sdk/sdk/2.2.0/src/rp2_common/pico_printf/printf.c.obj
 *fill*         0x1000fe14        0x4 
 .text._ftoa    0x1000fe18      0x4bc CMakeFiles/picow_tcpip_server_background.dir/C_/Users/Matt/.pico-sdk/sdk/2.2.0/src/rp2_common/pico_printf/printf.c.obj
 *fill*         0x100102d4        0x4 
 .text._etoa    0x100102d8      0x574 CMakeFiles/picow_tcpip_server_background.dir/C_/Users/Matt/.pico-sdk/sdk/2.2.0/src/rp2_common/pico_printf/printf.c.obj
 .text._vsnprintf
                0x1001084c      0x9e4 CMakeFiles/picow_tcpip_server_background.dir/C_/Users/Matt/.pico-sdk/sdk/2.2.0/src/rp2_common/pico_printf/printf.c.obj
 .text.vfctprintf
                0x10011230       0x28 CMakeFiles/picow_tcpip_server_background.dir/C_/Users/Matt/.pico-sdk/sdk/2.2.0/src/rp2_common/pico_printf/printf.c.obj
                0x10011230                vfctprintf
 .text.weak_raw_vprintf
                0x10011258       0x30 CMakeFiles/picow_tcpip_server_background.dir/C_/Users/Matt/.pico-sdk/sdk/2.2.0/src/rp2_common/pico_printf/printf.c.obj
                0x10011258                weak_raw_vprintf