Archive member included to satisfy reference by file (symbol)

C:/Users/Matt/.pico-sdk/toolchain/14_2_Rel1/bin/../lib/gcc/arm-none-eabi/14.2.1/thumb/v8-m.main+fp/softfp\libm.a(libm_a-wf_sqrt.o)
                              CMakeFiles/picotcpserver_poll.dir/C_/Users/Matt/.pico-sdk/sdk/2.2.0/src/rp2_common/pico_float/float_math.c.obj (sqrtf)
C:/Users/Matt/.pico-sdk/toolchain/14_2_Rel1/bin/../lib/gcc/arm-none-eabi/14.2.1/thumb/v8-m.main+fp/softfp\libm.a(libm_a-ef_sqrt.o)
                              C:/Users/Matt/.pico-sdk/toolchain/14_2_Rel1/bin/../lib/gcc/arm-none-eabi/14.2.1/thumb/v8-m.main+fp/softfp\libm.a(libm_a-wf_sqrt.o) (__ieee754_sqrtf)
C:/Users/Matt/.pico-sdk/toolchain/14_2_Rel1/bin/../lib/gcc/arm-none-eabi/14.2.1/thumb/v8-m.main+fp/softfp\libgcc.a(_arm_addsubdf3.o)
                              CMakeFiles/picotcpserver_poll.dir/C_/Users/Matt/.pico-sdk/sdk/2.2.0/src/rp2_common/pico_float/float_math.c.obj (__aeabi_f2d)
C:/Users/Matt/.pico-sdk/toolchain/14_2_Rel1/bin/../lib/gcc/arm-none-eabi/14.2.1/thumb/v8-m.main+fp/softfp\libgcc.a(_aeabi_ldivmod.o)
                              CMakeFiles/picotcpserver_poll.dir/C_/Users/Matt/.pico-sdk/sdk/2.2.0/src/common/pico_time/time.c.obj (__aeabi_ldivmod)
C:/Users/Matt/.pico-sdk/toolchain/14_2_Rel1/bin/../lib/gcc/arm-none-eabi/14.2.1/thumb/v8-m.main+fp/softfp\libgcc.a(_aeabi_uldivmod.o)
                              CMakeFiles/picotcpserver_poll.dir/C_/Users/Matt/.pico-sdk/sdk/2.2.0/src/rp2_common/pico_lwip/lwip_nosys.c.obj (__aeabi_uldivmod)
C:/Users/Matt/.pico-sdk/toolchain/14_2_Rel1/bin/../lib/gcc/arm-none-eabi/14.2.1/thumb/v8-m.main+fp/softfp\libgcc.a(_udivmoddi4.o)
                              C:/Users/Matt/.pico-sdk/toolchain/14_2_Rel1/bin/../lib/gcc/arm-none-eabi/14.2.1/thumb/v8-m.main+fp/softfp\libgcc.a(_aeabi_ldivmod.o) (__udivmoddi4)
C:/Users/Matt/.pico-sdk/toolchain/14_2_Rel1/bin/../lib/gcc/arm-none-eabi/14.2.1/thumb/v8-m.main+fp/softfp\libgcc.a(_dvmd_tls.o)
                              C:/Users/Matt/.pico-sdk/toolchain/14_2_Rel1/bin/../lib/gcc/arm-none-eabi/14.2.1/thumb/v8-m.main+fp/softfp\libgcc.a(_aeabi_ldivmod.o) (__aeabi_ldiv0)
C:/Users/Matt/.pico-sdk/toolchain/14_2_Rel1/bin/../lib/gcc/arm-none-eabi/14.2.1/thumb/v8-m.main+fp/softfp\libg.a(libc_a-atoi.o)
                              CMakeFiles/picotcpserver_poll.dir/C_/Users/Matt/.pico-sdk/sdk/2.2.0/lib/lwip/src/core/netif.c.obj (atoi)
C:/Users/Matt/.pico-sdk/toolchain/14_2_Rel1/bin/../lib/gcc/arm-none-eabi/14.2.1/thumb/v8-m.main+fp/softfp\libg.a(libc_a-calloc.o)
                              CMakeFiles/picotcpserver_poll.dir/C_/Users/Matt/.pico-sdk/sdk/2.2.0/src/rp2_common/pico_malloc/malloc.c.obj (calloc)
C:/Users/Matt/.pico-sdk/toolchain/14_2_Rel1/bin/../lib/gcc/arm-none-eabi/14.2.1/thumb/v8-m.main+fp/softfp\libg.a(libc_a-callocr.o)
                              C:/Users/Matt/.pico-sdk/toolchain/14_2_Rel1/bin/../lib/gcc/arm-none-eabi/14.2.1/thumb/v8-m.main+fp/softfp\libg.a(libc_a-calloc.o) (_calloc_r)
C:/Users/Matt/.pico-sdk/toolchain/14_2_Rel1/bin/../lib/gcc/arm-none-eabi/14.2.1/thumb/v8-m.main+fp/softfp\libg.a(libc_a-malloc.o)
                              CMakeFiles/picotcpserver_poll.dir/C_/Users/Matt/.pico-sdk/sdk/2.2.0/src/rp2_common/pico_malloc/malloc.c.obj (malloc)
C:/Users/Matt/.pico-sdk/toolchain/14_2_Rel1/bin/../lib/gcc/arm-none-eabi/14.2.1/thumb/v8-m.main+fp/softfp\libg.a(libc_a-mallocr.o)
                              C:/Users/Matt/.pico-sdk/toolchain/14_2_Rel1/bin/../lib/gcc/arm-none-eabi/14.2.1/thumb/v8-m.main+fp/softfp\libg.a(libc_a-callocr.o) (_malloc_r)
C:/Users/Matt/.pico-sdk/toolchain/14_2_Rel1/bin/../lib/gcc/arm-none-eabi/14.2.1/thumb/v8-m.main+fp/softfp\libg.a(libc_a-mlock.o)
                              C:/Users/Matt/.pico-sdk/toolchain/14_2_Rel1/bin/../lib/gcc/arm-none-eabi/14.2.1/thumb/v8-m.main+fp/softfp\libg.a(libc_a-mallocr.o) (__malloc_lock)
C:/Users/Matt/.pico-sdk/toolchain/14_2_Rel1/bin/../lib/gcc/arm-none-eabi/14.2.1/thumb/v8-m.main+fp/softfp\libg.a(libc_a-realloc.o)
                              CMakeFiles/picotcpserver_poll.dir/C_/Users/Matt/.pico-sdk/sdk/2.2.0/src/rp2_common/pico_malloc/malloc.c.obj (realloc)
C:/Users/Matt/.pico-sdk/toolchain/14_2_Rel1/bin/../lib/gcc/arm-none-eabi/14.2.1/thumb/v8-m.main+fp/softfp\libg.a(libc_a-reallocr.o)
                              C:/Users/Matt/.pico-sdk/toolchain/14_2_Rel1/bin/../lib/gcc/arm-none-eabi/14.2.1/thumb/v8-m.main+fp/softfp\libg.a(libc_a-realloc.o) (_realloc_r)
C:/Users/Matt/.pico-sdk/toolchain/14_2_Rel1/bin/../lib/gcc/arm-none-eabi/14.2.1/thumb/v8-m.main+fp/softfp\libg.a(libc_a-strtol.o)
                              C:/Users/Matt/.pico-sdk/toolchain/14_2_Rel1/bin/../lib/gcc/arm-none-eabi/14.2.1/thumb/v8-m.main+fp/softfp\libg.a(libc_a-atoi.o) (_strtol_r)
C:/Users/Matt/.pico-sdk/toolchain/14_2_Rel1/bin/../lib/gcc/arm-none-eabi/14.2.1/thumb/v8-m.main+fp/softfp\libg.a(libc_a-ctype_.o)
[...]
Memory Configuration

Name             Origin             Length             Attributes
FLASH            0x10000000         0x00400000         xr
RAM              0x20000000         0x00080000         xrw
SCRATCH_X        0x20080000         0x00001000         xrw
SCRATCH_Y        0x20081000         0x00001000         xrw
*default*        0x00000000         0xffffffff

Linker script and memory map

LOAD C:/Users/Matt/.pico-sdk/toolchain/14_2_Rel1/bin/../lib/gcc/arm-none-eabi/14.2.1/thumb/v8-m.main+fp/softfp/crti.o
LOAD C:/Users/Matt/.pico-sdk/toolchain/14_2_Rel1/bin/../lib/gcc/arm-none-eabi/14.2.1/thumb/v8-m.main+fp/softfp/crtbegin.o
LOAD C:/Users/Matt/.pico-sdk/toolchain/14_2_Rel1/bin/../lib/gcc/arm-none-eabi/14.2.1/thumb/v8-m.main+fp/softfp/crt0.o

.flash_begin    0x10000000        0x0
                0x10000000                        __flash_binary_start = .

.text           0x10000000    0x11de0
                0x10000000                        __logical_binary_start = .
 *(.vectors)
 .vectors       0x10000000      0x124 CMakeFiles/picotcpserver_poll.dir/C_/Users/Matt/.pico-sdk/sdk/2.2.0/src/rp2_common/pico_crt0/crt0.S.obj
                0x10000000                __VECTOR_TABLE
                0x10000000                __vectors
                0x10000110                __unhandled_user_irq
                0x10000110                isr_irq49
                0x10000110                isr_irq13
                0x10000110                isr_irq43
                0x10000110                isr_irq45
                0x10000110                isr_irq27
                0x10000110                isr_irq32
                0x10000110                isr_irq31
                0x10000110                isr_irq12
                0x10000110                isr_irq5
                0x10000110                isr_irq11
                0x10000110                isr_irq3
                0x10000110                isr_irq23
                0x10000110                isr_usagefault
                0x10000110                isr_irq48
                0x10000110                isr_irq30
                0x10000110                isr_irq18
                0x10000110                isr_irq50
                0x10000110                isr_irq33
                0x10000110                isr_irq40
                0x10000110                isr_irq28
                0x10000110                isr_irq19
                0x10000110                isr_irq36
                0x10000110                isr_irq41
                0x10000110                isr_irq0
                0x10000110                isr_irq6
                0x10000110                isr_irq26
                0x10000110                isr_irq29
                0x10000110                isr_memmanage
                0x10000110                isr_irq37
                0x10000110                isr_irq42
                0x10000110                isr_irq22
                0x10000110                isr_irq35
                0x10000110                isr_irq17
                0x10000110                isr_irq38
                0x10000110                isr_irq14
                0x10000110                __vectors_end
                0x10000110                __default_isrs_start
                0x10000110                isr_irq2
                0x10000110                isr_irq10
                0x10000110                isr_irq8
                0x10000110                isr_debugmonitor
                0x10000110                isr_irq24
                0x10000110                isr_irq46
                0x10000110                isr_irq1
                0x10000110                isr_irq47
                0x10000110                isr_irq51
                0x10000110                isr_irq7
                0x10000110                isr_irq21
                0x10000110                isr_irq39
                0x10000110                isr_irq20
                0x10000110                isr_irq15
                0x10000110                isr_irq25
                0x10000110                isr_irq34
                0x10000110                isr_irq44
                0x10000110                isr_securefault
                0x10000110                isr_irq4
                0x10000110                isr_busfault
                0x10000110                isr_irq16
                0x10000110                isr_irq9
                0x10000116                unhandled_user_irq_num_in_r0
                0x10000118                isr_invalid
                0x1000011a                isr_nmi
                0x1000011c                isr_hardfault
                0x1000011e                isr_svcall
                0x10000120                isr_pendsv
                0x10000122                isr_systick
                0x10000124                __default_isrs_end
 *(.binary_info_header)
 .binary_info_header
                0x10000124       0x14 CMakeFiles/picotcpserver_poll.dir/C_/Users/Matt/.pico-sdk/sdk/2.2.0/src/rp2_common/pico_crt0/crt0.S.obj
                0x10000138                        __binary_info_header_end = .
 *(.embedded_block)
 .embedded_block
                0x10000138       0x14 CMakeFiles/picotcpserver_poll.dir/C_/Users/Matt/.pico-sdk/sdk/2.2.0/src/rp2_common/pico_crt0/crt0.S.obj
                0x1000014c                        __embedded_block_end = .
 *(.reset)
 .reset         0x1000014c       0x98 CMakeFiles/picotcpserver_poll.dir/C_/Users/Matt/.pico-sdk/sdk/2.2.0/src/rp2_common/pico_crt0/crt0.S.obj
                0x1000014c                _entry_point
 *(.init)
 .init          0x100001e4        0x4 C:/Users/Matt/.pico-sdk/toolchain/14_2_Rel1/bin/../lib/gcc/arm-none-eabi/14.2.1/thumb/v8-m.main+fp/softfp/crti.o
                0x100001e4                _init
 SORT_BY_NAME(REVERSE(*libgcc.a:cmse_nonsecure_call.o))()
 *(EXCLUDE_FILE(*libm.a: *libc.a:*lib_a-mem*.o *libgcc.a:) .text*)
 .text.register_tm_clones
                0x100001e8       0x28 C:/Users/Matt/.pico-sdk/toolchain/14_2_Rel1/bin/../lib/gcc/arm-none-eabi/14.2.1/thumb/v8-m.main+fp/softfp/crtbegin.o
 .text.frame_dummy
                0x10000210       0x24 C:/Users/Matt/.pico-sdk/toolchain/14_2_Rel1/bin/../lib/gcc/arm-none-eabi/14.2.1/thumb/v8-m.main+fp/softfp/crtbegin.o
 .text.tcp_accept_cb
                0x10000234       0x20 CMakeFiles/picotcpserver_poll.dir/picotcpserver.c.obj
 .text.tcp_recv_cb
                0x10000254       0x44 CMakeFiles/picotcpserver_poll.dir/picotcpserver.c.obj
 .text.start_tcp_server
                0x10000298       0x5c CMakeFiles/picotcpserver_poll.dir/picotcpserver.c.obj
                0x10000298                start_tcp_server
 .text.startup.main
                0x100002f4       0x58 CMakeFiles/picotcpserver_poll.dir/picotcpserver.c.obj
                0x100002f4                main
 .text.lwip_timeout_reached
                0x1000034c        0x4 CMakeFiles/picotcpserver_poll.dir/C_/Users/Matt/.pico-sdk/sdk/2.2.0/src/rp2_common/pico_lwip/lwip_nosys.c.obj
 .text.update_next_timeout
                0x10000350       0x5c CMakeFiles/picotcpserver_poll.dir/C_/Users/Matt/.pico-sdk/sdk/2.2.0/src/rp2_common/pico_lwip/lwip_nosys.c.obj
 .text.lwip_nosys_init
                0x100003ac       0x30 CMakeFiles/picotcpserver_poll.dir/C_/Users/Matt/.pico-sdk/sdk/2.2.0/src/rp2_common/pico_lwip/lwip_nosys.c.obj
                0x100003ac                lwip_nosys_init
 .text.lwip_nosys_deinit
                0x100003dc       0x24 CMakeFiles/picotcpserver_poll.dir/C_/Users/Matt/.pico-sdk/sdk/2.2.0/src/rp2_common/pico_lwip/lwip_nosys.c.obj
                0x100003dc                lwip_nosys_deinit
 .text.sys_arch_protect
                0x10000400        0x4 CMakeFiles/picotcpserver_poll.dir/C_/Users/Matt/.pico-sdk/sdk/2.2.0/src/rp2_common/pico_lwip/lwip_nosys.c.obj
                0x10000400                sys_arch_protect
 .text.sys_arch_unprotect
                0x10000404        0x4 CMakeFiles/picotcpserver_poll.dir/C_/Users/Matt/.pico-sdk/sdk/2.2.0/src/rp2_common/pico_lwip/lwip_nosys.c.obj
                0x10000404                sys_arch_unprotect
 .text.sys_now  0x10000408       0x24 CMakeFiles/picotcpserver_poll.dir/C_/Users/Matt/.pico-sdk/sdk/2.2.0/src/rp2_common/pico_lwip/lwip_nosys.c.obj
                0x10000408                sys_now
 .text.async_context_base_add_at_time_worker
                0x1000042c       0x24 CMakeFiles/picotcpserver_poll.dir/C_/Users/Matt/.pico-sdk/sdk/2.2.0/src/rp2_common/pico_async_context/async_context_base.c.obj
                0x1000042c                async_context_base_add_at_time_worker
 .text.async_context_base_remove_at_time_worker
                0x10000450       0x20 CMakeFiles/picotcpserver_poll.dir/C_/Users/Matt/.pico-sdk/sdk/2.2.0/src/rp2_common/pico_async_context/async_context_base.c.obj
                0x10000450                async_context_base_remove_at_time_worker
 .text.async_context_base_add_when_pending_worker
                0x10000470       0x20 CMakeFiles/picotcpserver_poll.dir/C_/Users/Matt/.pico-sdk/sdk/2.2.0/src/rp2_common/pico_async_context/async_context_base.c.obj
                0x10000470                async_context_base_add_when_pending_worker
 .text.async_context_base_remove_when_pending_worker
                0x10000490       0x20 CMakeFiles/picotcpserver_poll.dir/C_/Users/Matt/.pico-sdk/sdk/2.2.0/src/rp2_common/pico_async_context/async_context_base.c.obj
                0x10000490                async_context_base_remove_when_pending_worker
 .text.async_context_base_execute_once
                0x100004b0       0xd8 CMakeFiles/picotcpserver_poll.dir/C_/Users/Matt/.pico-sdk/sdk/2.2.0/src/rp2_common/pico_async_context/async_context_base.c.obj
                0x100004b0                async_context_base_execute_once
 .text.panic    0x10000588       0x30 CMakeFiles/picotcpserver_poll.dir/C_/Users/Matt/.pico-sdk/sdk/2.2.0/src/rp2_common/pico_platform_panic/panic.c.obj
                0x10000588                panic
 .text.splitmix64
                0x100005b8       0x70 CMakeFiles/picotcpserver_poll.dir/C_/Users/Matt/.pico-sdk/sdk/2.2.0/src/rp2_common/pico_rand/rand.c.obj
 .text.capture_additional_trng_samples
                0x10000628       0xa0 CMakeFiles/picotcpserver_poll.dir/C_/Users/Matt/.pico-sdk/sdk/2.2.0/src/rp2_common/pico_rand/rand.c.obj
 .text.xoroshiro128ss
                0x100006c8       0x8c CMakeFiles/picotcpserver_poll.dir/C_/Users/Matt/.pico-sdk/sdk/2.2.0/src/rp2_common/pico_rand/rand.c.obj
 .text.get_rand_64
                0x10000754      0x188 CMakeFiles/picotcpserver_poll.dir/C_/Users/Matt/.pico-sdk/sdk/2.2.0/src/rp2_common/pico_rand/rand.c.obj
                0x10000754                get_rand_64
 .text.get_rand_32
                0x100008dc        0x8 CMakeFiles/picotcpserver_poll.dir/C_/Users/Matt/.pico-sdk/sdk/2.2.0/src/rp2_common/pico_rand/rand.c.obj
                0x100008dc                get_rand_32
 .text.clock_configure_undivided
                0x100008e4       0xd0 CMakeFiles/picotcpserver_poll.dir/C_/Users/Matt/.pico-sdk/sdk/2.2.0/src/rp2_common/hardware_clocks/clocks.c.obj
                0x100008e4                clock_configure_undivided
 .text.clock_get_hz
                0x100009b4        0xc CMakeFiles/picotcpserver_poll.dir/C_/Users/Matt/.pico-sdk/sdk/2.2.0/src/rp2_common/hardware_clocks/clocks.c.obj
                0x100009b4                clock_get_hz
 .text.hw_claim_lock
                0x100009c0       0x24 CMakeFiles/picotcpserver_poll.dir/C_/Users/Matt/.pico-sdk/sdk/2.2.0/src/common/hardware_claim/claim.c.obj
                0x100009c0                hw_claim_lock
 .text.hw_claim_unlock
                0x100009e4       0x14 CMakeFiles/picotcpserver_poll.dir/C_/Users/Matt/.pico-sdk/sdk/2.2.0/src/common/hardware_claim/claim.c.obj
                0x100009e4                hw_claim_unlock
 .text.hw_claim_or_assert
                0x100009f8       0x58 CMakeFiles/picotcpserver_poll.dir/C_/Users/Matt/.pico-sdk/sdk/2.2.0/src/common/hardware_claim/claim.c.obj
                0x100009f8                hw_claim_or_assert
 .text.hw_claim_unused_from_range
                0x10000a50       0x80 CMakeFiles/picotcpserver_poll.dir/C_/Users/Matt/.pico-sdk/sdk/2.2.0/src/common/hardware_claim/claim.c.obj
                0x10000a50                hw_claim_unused_from_range
 .text.hw_claim_clear
                0x10000ad0       0x50 CMakeFiles/picotcpserver_poll.dir/C_/Users/Matt/.pico-sdk/sdk/2.2.0/src/common/hardware_claim/claim.c.obj
                0x10000ad0                hw_claim_clear
 .text.next_striped_spin_lock_num
                0x10000b20       0x18 CMakeFiles/picotcpserver_poll.dir/C_/Users/Matt/.pico-sdk/sdk/2.2.0/src/rp2_common/hardware_sync/sync.c.obj
                0x10000b20                next_striped_spin_lock_num
 .text.spinlock_set_extexclall
                0x10000b38       0x10 CMakeFiles/picotcpserver_poll.dir/C_/Users/Matt/.pico-sdk/sdk/2.2.0/src/rp2_common/hardware_sync_spin_lock/sync_spin_lock.c.obj
 .text.spin_locks_reset
                0x10000b48       0x18 CMakeFiles/picotcpserver_poll.dir/C_/Users/Matt/.pico-sdk/sdk/2.2.0/src/rp2_common/hardware_sync_spin_lock/sync_spin_lock.c.obj
                0x10000b48                spin_locks_reset
 .text.gpio_set_function
                0x10000b60       0x3c CMakeFiles/picotcpserver_poll.dir/C_/Users/Matt/.pico-sdk/sdk/2.2.0/src/rp2_common/hardware_gpio/gpio.c.obj
                0x10000b60                gpio_set_function
 .text.gpio_set_pulls
                0x10000b9c       0x28 CMakeFiles/picotcpserver_poll.dir/C_/Users/Matt/.pico-sdk/sdk/2.2.0/src/rp2_common/hardware_gpio/gpio.c.obj
                0x10000b9c                gpio_set_pulls
 .text.gpio_set_input_hysteresis_enabled
                0x10000bc4       0x20 CMakeFiles/picotcpserver_poll.dir/C_/Users/Matt/.pico-sdk/sdk/2.2.0/src/rp2_common/hardware_gpio/gpio.c.obj
                0x10000bc4                gpio_set_input_hysteresis_enabled
 .text.gpio_set_irq_enabled
                0x10000be4       0x48 CMakeFiles/picotcpserver_poll.dir/C_/Users/Matt/.pico-sdk/sdk/2.2.0/src/rp2_common/hardware_gpio/gpio.c.obj
                0x10000be4                gpio_set_irq_enabled
 .text.gpio_add_raw_irq_handler_with_order_priority_masked
                0x10000c2c       0x44 CMakeFiles/picotcpserver_poll.dir/C_/Users/Matt/.pico-sdk/sdk/2.2.0/src/rp2_common/hardware_gpio/gpio.c.obj
                0x10000c2c                gpio_add_raw_irq_handler_with_order_priority_masked
 .text.gpio_remove_raw_irq_handler_masked
                0x10000c70       0x24 CMakeFiles/picotcpserver_poll.dir/C_/Users/Matt/.pico-sdk/sdk/2.2.0/src/rp2_common/hardware_gpio/gpio.c.obj
                0x10000c70                gpio_remove_raw_irq_handler_masked
 .text.gpio_init
                0x10000c94       0x48 CMakeFiles/picotcpserver_poll.dir/C_/Users/Matt/.pico-sdk/sdk/2.2.0/src/rp2_common/hardware_gpio/gpio.c.obj
                0x10000c94                gpio_init
 .text.runtime_init_per_core_irq_priorities
                0x10000cdc       0x40 CMakeFiles/picotcpserver_poll.dir/C_/Users/Matt/.pico-sdk/sdk/2.2.0/src/rp2_common/hardware_irq/irq.c.obj
                0x10000cdc                runtime_init_per_core_irq_priorities
 .text.irq_set_enabled
                0x10000d1c       0x2c CMakeFiles/picotcpserver_poll.dir/C_/Users/Matt/.pico-sdk/sdk/2.2.0/src/rp2_common/hardware_irq/irq.c.obj
                0x10000d1c                irq_set_enabled
 .text.irq_set_exclusive_handler
                0x10000d48       0x60 CMakeFiles/picotcpserver_poll.dir/C_/Users/Matt/.pico-sdk/sdk/2.2.0/src/rp2_common/hardware_irq/irq.c.obj
                0x10000d48                irq_set_exclusive_handler
 .text.irq_add_shared_handler
                0x10000da8      0x1e8 CMakeFiles/picotcpserver_poll.dir/C_/Users/Matt/.pico-sdk/sdk/2.2.0/src/rp2_common/hardware_irq/irq.c.obj
                0x10000da8                irq_add_shared_handler
 .text.irq_remove_handler
                0x10000f90      0x1f4 CMakeFiles/picotcpserver_poll.dir/C_/Users/Matt/.pico-sdk/sdk/2.2.0/src/rp2_common/hardware_irq/irq.c.obj
                0x10000f90                irq_remove_handler
 .text.irq_add_tail_to_free_list
                0x10001184       0xbc CMakeFiles/picotcpserver_poll.dir/C_/Users/Matt/.pico-sdk/sdk/2.2.0/src/rp2_common/hardware_irq/irq.c.obj
                0x10001184                irq_add_tail_to_free_list
 .text.sem_init
                0x10001240       0x20 CMakeFiles/picotcpserver_poll.dir/C_/Users/Matt/.pico-sdk/sdk/2.2.0/src/common/pico_sync/sem.c.obj
                0x10001240                sem_init
 .text.lock_init
                0x10001260        0xc CMakeFiles/picotcpserver_poll.dir/C_/Users/Matt/.pico-sdk/sdk/2.2.0/src/common/pico_sync/lock_core.c.obj
                0x10001260                lock_init
 .text.runtime_init_mutex
                0x1000126c       0x4c CMakeFiles/picotcpserver_poll.dir/C_/Users/Matt/.pico-sdk/sdk/2.2.0/src/common/pico_sync/mutex.c.obj
                0x1000126c                runtime_init_mutex
 .text.sleep_until_callback
                0x100012b8       0x3c CMakeFiles/picotcpserver_poll.dir/C_/Users/Matt/.pico-sdk/sdk/2.2.0/src/common/pico_time/time.c.obj
 *fill*         0x100012f4        0x4 
 .text.alarm_pool_irq_handler
                0x100012f8      0x2f0 CMakeFiles/picotcpserver_poll.dir/C_/Users/Matt/.pico-sdk/sdk/2.2.0/src/common/pico_time/time.c.obj
 .text.runtime_init_default_alarm_pool
                0x100015e8      0x100 CMakeFiles/picotcpserver_poll.dir/C_/Users/Matt/.pico-sdk/sdk/2.2.0/src/common/pico_time/time.c.obj
                0x100015e8                runtime_init_default_alarm_pool
 .text.alarm_pool_add_alarm_at_force_in_context
                0x100016e8       0xc8 CMakeFiles/picotcpserver_poll.dir/C_/Users/Matt/.pico-sdk/sdk/2.2.0/src/common/pico_time/time.c.obj
                0x100016e8                alarm_pool_add_alarm_at_force_in_context
 .text.alarm_pool_cancel_alarm
                0x100017b0       0x80 CMakeFiles/picotcpserver_poll.dir/C_/Users/Matt/.pico-sdk/sdk/2.2.0/src/common/pico_time/time.c.obj
                0x100017b0                alarm_pool_cancel_alarm
 .text.sleep_until
                0x10001830       0xbc CMakeFiles/picotcpserver_poll.dir/C_/Users/Matt/.pico-sdk/sdk/2.2.0/src/common/pico_time/time.c.obj
                0x10001830                sleep_until
 .text.sleep_ms
                0x100018ec       0xdc CMakeFiles/picotcpserver_poll.dir/C_/Users/Matt/.pico-sdk/sdk/2.2.0/src/common/pico_time/time.c.obj
                0x100018ec                sleep_ms
 .text.best_effort_wfe_or_timeout
                0x100019c8       0xd4 CMakeFiles/picotcpserver_poll.dir/C_/Users/Matt/.pico-sdk/sdk/2.2.0/src/common/pico_time/time.c.obj
                0x100019c8                best_effort_wfe_or_timeout
 .text.timer_hardware_alarm_claim
                0x10001a9c       0x24 CMakeFiles/picotcpserver_poll.dir/C_/Users/Matt/.pico-sdk/sdk/2.2.0/src/rp2_common/hardware_timer/timer.c.obj
                0x10001a9c                timer_hardware_alarm_claim
 .text.timer_time_us_64
                0x10001ac0       0x10 CMakeFiles/picotcpserver_poll.dir/C_/Users/Matt/.pico-sdk/sdk/2.2.0/src/rp2_common/hardware_timer/timer.c.obj
                0x10001ac0                timer_time_us_64
 .text.time_us_64
                0x10001ad0       0x14 CMakeFiles/picotcpserver_poll.dir/C_/Users/Matt/.pico-sdk/sdk/2.2.0/src/rp2_common/hardware_timer/timer.c.obj
                0x10001ad0                time_us_64
 .text.busy_wait_us
                0x10001ae4       0x5c CMakeFiles/picotcpserver_poll.dir/C_/Users/Matt/.pico-sdk/sdk/2.2.0/src/rp2_common/hardware_timer/timer.c.obj
                0x10001ae4                busy_wait_us
 .text.busy_wait_until
                0x10001b40       0x24 CMakeFiles/picotcpserver_poll.dir/C_/Users/Matt/.pico-sdk/sdk/2.2.0/src/rp2_common/hardware_timer/timer.c.obj
                0x10001b40                busy_wait_until
 .text.pll_init
                0x10001b64       0x8c CMakeFiles/picotcpserver_poll.dir/C_/Users/Matt/.pico-sdk/sdk/2.2.0/src/rp2_common/hardware_pll/pll.c.obj
                0x10001b64                pll_init
 .text.tick_start
                0x10001bf0       0x18 CMakeFiles/picotcpserver_poll.dir/C_/Users/Matt/.pico-sdk/sdk/2.2.0/src/rp2_common/hardware_ticks/ticks.c.obj
                0x10001bf0                tick_start
 .text.rom_func_lookup
                0x10001c08       0x18 CMakeFiles/picotcpserver_poll.dir/C_/Users/Matt/.pico-sdk/sdk/2.2.0/src/rp2_common/pico_bootrom/bootrom.c.obj
                0x10001c08                rom_func_lookup
 .text.rom_get_boot_random
                0x10001c20       0x48 CMakeFiles/picotcpserver_poll.dir/C_/Users/Matt/.pico-sdk/sdk/2.2.0/src/rp2_common/pico_bootrom/bootrom.c.obj
                0x10001c20                rom_get_boot_random
 .text.runtime_init_bootrom_locking_enable
                0x10001c68       0x14 CMakeFiles/picotcpserver_poll.dir/C_/Users/Matt/.pico-sdk/sdk/2.2.0/src/rp2_common/pico_bootrom/bootrom_lock.c.obj
                0x10001c68                runtime_init_bootrom_locking_enable
 .text.runtime_init_boot_locks_reset
                0x10001c7c       0x1c CMakeFiles/picotcpserver_poll.dir/C_/Users/Matt/.pico-sdk/sdk/2.2.0/src/rp2_common/hardware_boot_lock/boot_lock.c.obj
                0x10001c7c                runtime_init_boot_locks_reset
 .text.xosc_init
                0x10001c98       0x30 CMakeFiles/picotcpserver_poll.dir/C_/Users/Matt/.pico-sdk/sdk/2.2.0/src/rp2_common/hardware_xosc/xosc.c.obj
                0x10001c98                xosc_init
 .text.startup._retrieve_unique_id_on_boot
                0x10001cc8       0x30 CMakeFiles/picotcpserver_poll.dir/C_/Users/Matt/.pico-sdk/sdk/2.2.0/src/rp2_common/pico_unique_id/unique_id.c.obj
 .text.pico_get_unique_board_id
                0x10001cf8       0x10 CMakeFiles/picotcpserver_poll.dir/C_/Users/Matt/.pico-sdk/sdk/2.2.0/src/rp2_common/pico_unique_id/unique_id.c.obj
                0x10001cf8                pico_get_unique_board_id
 .text.lwip_init
                0x10001d08       0x28 CMakeFiles/picotcpserver_poll.dir/C_/Users/Matt/.pico-sdk/sdk/2.2.0/lib/lwip/src/core/init.c.obj
                0x10001d08                lwip_init
 .text.lwip_htons
                0x10001d30        0x8 CMakeFiles/picotcpserver_poll.dir/C_/Users/Matt/.pico-sdk/sdk/2.2.0/lib/lwip/src/core/def.c.obj
                0x10001d30                lwip_htons
 .text.lwip_htonl
                0x10001d38        0x4 CMakeFiles/picotcpserver_poll.dir/C_/Users/Matt/.pico-sdk/sdk/2.2.0/lib/lwip/src/core/def.c.obj
                0x10001d38                lwip_htonl
 .text.dns_call_found
                0x10001d3c      0x15c CMakeFiles/picotcpserver_poll.dir/C_/Users/Matt/.pico-sdk/sdk/2.2.0/lib/lwip/src/core/dns.c.obj
 .text.dns_send.isra.0
                0x10001e98      0x168 CMakeFiles/picotcpserver_poll.dir/C_/Users/Matt/.pico-sdk/sdk/2.2.0/lib/lwip/src/core/dns.c.obj
 .text.dns_init
                0x10002000        0x4 CMakeFiles/picotcpserver_poll.dir/C_/Users/Matt/.pico-sdk/sdk/2.2.0/lib/lwip/src/core/dns.c.obj
                0x10002000                dns_init
 .text.dns_setserver
                0x10002004       0x28 CMakeFiles/picotcpserver_poll.dir/C_/Users/Matt/.pico-sdk/sdk/2.2.0/lib/lwip/src/core/dns.c.obj
                0x10002004                dns_setserver
 .text.dns_tmr  0x1000202c      0x134 CMakeFiles/picotcpserver_poll.dir/C_/Users/Matt/.pico-sdk/sdk/2.2.0/lib/lwip/src/core/dns.c.obj
                0x1000202c                dns_tmr
 .text.lwip_standard_chksum
                0x10002160       0xcc CMakeFiles/picotcpserver_poll.dir/C_/Users/Matt/.pico-sdk/sdk/2.2.0/lib/lwip/src/core/inet_chksum.c.obj
                0x10002160                lwip_standard_chksum
 .text.inet_chksum_pseudo
                0x1000222c       0x88 CMakeFiles/picotcpserver_poll.dir/C_/Users/Matt/.pico-sdk/sdk/2.2.0/lib/lwip/src/core/inet_chksum.c.obj
                0x1000222c                inet_chksum_pseudo
 .text.ip_chksum_pseudo
                0x100022b4        0x4 CMakeFiles/picotcpserver_poll.dir/C_/Users/Matt/.pico-sdk/sdk/2.2.0/lib/lwip/src/core/inet_chksum.c.obj
                0x100022b4                ip_chksum_pseudo
 .text.inet_chksum
                0x100022b8        0xc CMakeFiles/picotcpserver_poll.dir/C_/Users/Matt/.pico-sdk/sdk/2.2.0/lib/lwip/src/core/inet_chksum.c.obj
                0x100022b8                inet_chksum
 .text.inet_chksum_pbuf
                0x100022c4       0x48 CMakeFiles/picotcpserver_poll.dir/C_/Users/Matt/.pico-sdk/sdk/2.2.0/lib/lwip/src/core/inet_chksum.c.obj
                0x100022c4                inet_chksum_pbuf
 .text.mem_init
                0x1000230c        0x4 CMakeFiles/picotcpserver_poll.dir/C_/Users/Matt/.pico-sdk/sdk/2.2.0/lib/lwip/src/core/mem.c.obj
                0x1000230c                mem_init
 .text.mem_trim
                0x10002310        0x4 CMakeFiles/picotcpserver_poll.dir/C_/Users/Matt/.pico-sdk/sdk/2.2.0/lib/lwip/src/core/mem.c.obj
                0x10002310                mem_trim
 .text.mem_malloc
                0x10002314       0x2c CMakeFiles/picotcpserver_poll.dir/C_/Users/Matt/.pico-sdk/sdk/2.2.0/lib/lwip/src/core/mem.c.obj
                0x10002314                mem_malloc
 .text.mem_free
                0x10002340       0x2c CMakeFiles/picotcpserver_poll.dir/C_/Users/Matt/.pico-sdk/sdk/2.2.0/lib/lwip/src/core/mem.c.obj
                0x10002340                mem_free
 .text.memp_init
                0x1000236c       0x58 CMakeFiles/picotcpserver_poll.dir/C_/Users/Matt/.pico-sdk/sdk/2.2.0/lib/lwip/src/core/memp.c.obj
                0x1000236c                memp_init
 .text.memp_malloc
                0x100023c4       0x40 CMakeFiles/picotcpserver_poll.dir/C_/Users/Matt/.pico-sdk/sdk/2.2.0/lib/lwip/src/core/memp.c.obj
                0x100023c4                memp_malloc
 .text.memp_free
                0x10002404       0x3c CMakeFiles/picotcpserver_poll.dir/C_/Users/Matt/.pico-sdk/sdk/2.2.0/lib/lwip/src/core/memp.c.obj
                0x10002404                memp_free
 .text.netif_null_output_ip4
                0x10002440        0x8 CMakeFiles/picotcpserver_poll.dir/C_/Users/Matt/.pico-sdk/sdk/2.2.0/lib/lwip/src/core/netif.c.obj
 .text.netif_do_set_ipaddr.isra.0
                0x10002448       0x70 CMakeFiles/picotcpserver_poll.dir/C_/Users/Matt/.pico-sdk/sdk/2.2.0/lib/lwip/src/core/netif.c.obj
 .text.netif_init
                0x100024b8        0x4 CMakeFiles/picotcpserver_poll.dir/C_/Users/Matt/.pico-sdk/sdk/2.2.0/lib/lwip/src/core/netif.c.obj
                0x100024b8                netif_init
 .text.netif_add
                0x100024bc      0x148 CMakeFiles/picotcpserver_poll.dir/C_/Users/Matt/.pico-sdk/sdk/2.2.0/lib/lwip/src/core/netif.c.obj
                0x100024bc                netif_add
 .text.netif_set_addr
                0x10002604       0xa4 CMakeFiles/picotcpserver_poll.dir/C_/Users/Matt/.pico-sdk/sdk/2.2.0/lib/lwip/src/core/netif.c.obj
                0x10002604                netif_set_addr
 .text.netif_remove
                0x100026a8       0x90 CMakeFiles/picotcpserver_poll.dir/C_/Users/Matt/.pico-sdk/sdk/2.2.0/lib/lwip/src/core/netif.c.obj
                0x100026a8                netif_remove
 .text.netif_set_default
                0x10002738        0xc CMakeFiles/picotcpserver_poll.dir/C_/Users/Matt/.pico-sdk/sdk/2.2.0/lib/lwip/src/core/netif.c.obj
                0x10002738                netif_set_default
 .text.netif_set_up
                0x10002744       0x44 CMakeFiles/picotcpserver_poll.dir/C_/Users/Matt/.pico-sdk/sdk/2.2.0/lib/lwip/src/core/netif.c.obj
                0x10002744                netif_set_up
 .text.netif_set_link_up
                0x10002788       0x4c CMakeFiles/picotcpserver_poll.dir/C_/Users/Matt/.pico-sdk/sdk/2.2.0/lib/lwip/src/core/netif.c.obj
                0x10002788                netif_set_link_up
 .text.netif_set_link_down
                0x100027d4       0x1c CMakeFiles/picotcpserver_poll.dir/C_/Users/Matt/.pico-sdk/sdk/2.2.0/lib/lwip/src/core/netif.c.obj
                0x100027d4                netif_set_link_down
 .text.netif_get_by_index
                0x100027f0       0x24 CMakeFiles/picotcpserver_poll.dir/C_/Users/Matt/.pico-sdk/sdk/2.2.0/lib/lwip/src/core/netif.c.obj
                0x100027f0                netif_get_by_index
 .text.pbuf_free.part.0
                0x10002814       0x74 CMakeFiles/picotcpserver_poll.dir/C_/Users/Matt/.pico-sdk/sdk/2.2.0/lib/lwip/src/core/pbuf.c.obj
 .text.pbuf_free_ooseq
                0x10002888       0x34 CMakeFiles/picotcpserver_poll.dir/C_/Users/Matt/.pico-sdk/sdk/2.2.0/lib/lwip/src/core/pbuf.c.obj
                0x10002888                pbuf_free_ooseq
 .text.pbuf_alloc
                0x100028bc      0x118 CMakeFiles/picotcpserver_poll.dir/C_/Users/Matt/.pico-sdk/sdk/2.2.0/lib/lwip/src/core/pbuf.c.obj
                0x100028bc                pbuf_alloc
 .text.pbuf_realloc
                0x100029d4       0x84 CMakeFiles/picotcpserver_poll.dir/C_/Users/Matt/.pico-sdk/sdk/2.2.0/lib/lwip/src/core/pbuf.c.obj
                0x100029d4                pbuf_realloc
 .text.pbuf_add_header
                0x10002a58       0x4c CMakeFiles/picotcpserver_poll.dir/C_/Users/Matt/.pico-sdk/sdk/2.2.0/lib/lwip/src/core/pbuf.c.obj
                0x10002a58                pbuf_add_header
 .text.pbuf_remove_header
                0x10002aa4       0x38 CMakeFiles/picotcpserver_poll.dir/C_/Users/Matt/.pico-sdk/sdk/2.2.0/lib/lwip/src/core/pbuf.c.obj
                0x10002aa4                pbuf_remove_header
 .text.pbuf_header_force
                0x10002adc       0x68 CMakeFiles/picotcpserver_poll.dir/C_/Users/Matt/.pico-sdk/sdk/2.2.0/lib/lwip/src/core/pbuf.c.obj
                0x10002adc                pbuf_header_force
 .text.pbuf_free
                0x10002b44       0x14 CMakeFiles/picotcpserver_poll.dir/C_/Users/Matt/.pico-sdk/sdk/2.2.0/lib/lwip/src/core/pbuf.c.obj
                0x10002b44                pbuf_free
 .text.pbuf_clen
                0x10002b58       0x14 CMakeFiles/picotcpserver_poll.dir/C_/Users/Matt/.pico-sdk/sdk/2.2.0/lib/lwip/src/core/pbuf.c.obj
                0x10002b58                pbuf_clen
 .text.pbuf_ref
                0x10002b6c       0x28 CMakeFiles/picotcpserver_poll.dir/C_/Users/Matt/.pico-sdk/sdk/2.2.0/lib/lwip/src/core/pbuf.c.obj
                0x10002b6c                pbuf_ref
 .text.pbuf_cat
                0x10002b94       0x50 CMakeFiles/picotcpserver_poll.dir/C_/Users/Matt/.pico-sdk/sdk/2.2.0/lib/lwip/src/core/pbuf.c.obj
                0x10002b94                pbuf_cat
 .text.pbuf_chain
                0x10002be4       0x68 CMakeFiles/picotcpserver_poll.dir/C_/Users/Matt/.pico-sdk/sdk/2.2.0/lib/lwip/src/core/pbuf.c.obj
                0x10002be4                pbuf_chain
 .text.pbuf_copy_partial_pbuf
                0x10002c4c      0x148 CMakeFiles/picotcpserver_poll.dir/C_/Users/Matt/.pico-sdk/sdk/2.2.0/lib/lwip/src/core/pbuf.c.obj
                0x10002c4c                pbuf_copy_partial_pbuf
 .text.pbuf_copy
                0x10002d94       0x10 CMakeFiles/picotcpserver_poll.dir/C_/Users/Matt/.pico-sdk/sdk/2.2.0/lib/lwip/src/core/pbuf.c.obj
                0x10002d94                pbuf_copy
 .text.pbuf_copy_partial
                0x10002da4       0x7c CMakeFiles/picotcpserver_poll.dir/C_/Users/Matt/.pico-sdk/sdk/2.2.0/lib/lwip/src/core/pbuf.c.obj
                0x10002da4                pbuf_copy_partial
 .text.pbuf_take
                0x10002e20       0x6c CMakeFiles/picotcpserver_poll.dir/C_/Users/Matt/.pico-sdk/sdk/2.2.0/lib/lwip/src/core/pbuf.c.obj
                0x10002e20                pbuf_take
 .text.pbuf_take_at
                0x10002e8c       0xb4 CMakeFiles/picotcpserver_poll.dir/C_/Users/Matt/.pico-sdk/sdk/2.2.0/lib/lwip/src/core/pbuf.c.obj
                0x10002e8c                pbuf_take_at
 .text.pbuf_clone
                0x10002f40       0x2c CMakeFiles/picotcpserver_poll.dir/C_/Users/Matt/.pico-sdk/sdk/2.2.0/lib/lwip/src/core/pbuf.c.obj
                0x10002f40                pbuf_clone
 .text.pbuf_put_at
                0x10002f6c       0x1c CMakeFiles/picotcpserver_poll.dir/C_/Users/Matt/.pico-sdk/sdk/2.2.0/lib/lwip/src/core/pbuf.c.obj
                0x10002f6c                pbuf_put_at
 .text.raw_input
                0x10002f88      0x124 CMakeFiles/picotcpserver_poll.dir/C_/Users/Matt/.pico-sdk/sdk/2.2.0/lib/lwip/src/core/raw.c.obj
                0x10002f88                raw_input
 .text.raw_netif_ip_addr_changed
                0x100030ac       0x3c CMakeFiles/picotcpserver_poll.dir/C_/Users/Matt/.pico-sdk/sdk/2.2.0/lib/lwip/src/core/raw.c.obj
                0x100030ac                raw_netif_ip_addr_changed
 .text.stats_init
                0x100030e8        0x4 CMakeFiles/picotcpserver_poll.dir/C_/Users/Matt/.pico-sdk/sdk/2.2.0/lib/lwip/src/core/stats.c.obj
                0x100030e8                stats_init
 .text.tcp_close_shutdown_fin
                0x100030ec       0x4c CMakeFiles/picotcpserver_poll.dir/C_/Users/Matt/.pico-sdk/sdk/2.2.0/lib/lwip/src/core/tcp.c.obj
 .text.tcp_pcb_purge.part.0
                0x10003138       0xb0 CMakeFiles/picotcpserver_poll.dir/C_/Users/Matt/.pico-sdk/sdk/2.2.0/lib/lwip/src/core/tcp.c.obj
 .text.tcp_init
                0x100031e8       0x18 CMakeFiles/picotcpserver_poll.dir/C_/Users/Matt/.pico-sdk/sdk/2.2.0/lib/lwip/src/core/tcp.c.obj
                0x100031e8                tcp_init
 .text.tcp_free
                0x10003200       0x20 CMakeFiles/picotcpserver_poll.dir/C_/Users/Matt/.pico-sdk/sdk/2.2.0/lib/lwip/src/core/tcp.c.obj
                0x10003200                tcp_free
 .text.tcp_bind
                0x10003220       0xd0 CMakeFiles/picotcpserver_poll.dir/C_/Users/Matt/.pico-sdk/sdk/2.2.0/lib/lwip/src/core/tcp.c.obj
                0x10003220                tcp_bind
 .text.tcp_listen_with_backlog
                0x100032f0       0xa0 CMakeFiles/picotcpserver_poll.dir/C_/Users/Matt/.pico-sdk/sdk/2.2.0/lib/lwip/src/core/tcp.c.obj
                0x100032f0                tcp_listen_with_backlog
 .text.tcp_update_rcv_ann_wnd
                0x10003390       0x58 CMakeFiles/picotcpserver_poll.dir/C_/Users/Matt/.pico-sdk/sdk/2.2.0/lib/lwip/src/core/tcp.c.obj
                0x10003390                tcp_update_rcv_ann_wnd
 .text.tcp_recved
                0x100033e8       0x90 CMakeFiles/picotcpserver_poll.dir/C_/Users/Matt/.pico-sdk/sdk/2.2.0/lib/lwip/src/core/tcp.c.obj
                0x100033e8                tcp_recved
 .text.tcp_slowtmr
                0x10003478      0x4f0 CMakeFiles/picotcpserver_poll.dir/C_/Users/Matt/.pico-sdk/sdk/2.2.0/lib/lwip/src/core/tcp.c.obj
                0x10003478                tcp_slowtmr
 .text.tcp_segs_free
                0x10003968       0x34 CMakeFiles/picotcpserver_poll.dir/C_/Users/Matt/.pico-sdk/sdk/2.2.0/lib/lwip/src/core/tcp.c.obj
                0x10003968                tcp_segs_free
 .text.tcp_seg_free
                0x1000399c       0x1c CMakeFiles/picotcpserver_poll.dir/C_/Users/Matt/.pico-sdk/sdk/2.2.0/lib/lwip/src/core/tcp.c.obj
                0x1000399c                tcp_seg_free
 .text.tcp_seg_copy
                0x100039b8       0x34 CMakeFiles/picotcpserver_poll.dir/C_/Users/Matt/.pico-sdk/sdk/2.2.0/lib/lwip/src/core/tcp.c.obj
                0x100039b8                tcp_seg_copy
 .text.tcp_recv
                0x100039ec       0x1c CMakeFiles/picotcpserver_poll.dir/C_/Users/Matt/.pico-sdk/sdk/2.2.0/lib/lwip/src/core/tcp.c.obj
                0x100039ec                tcp_recv
 .text.tcp_accept
                0x10003a08        0xc CMakeFiles/picotcpserver_poll.dir/C_/Users/Matt/.pico-sdk/sdk/2.2.0/lib/lwip/src/core/tcp.c.obj
                0x10003a08                tcp_accept
 .text.tcp_pcb_purge
                0x10003a14       0x14 CMakeFiles/picotcpserver_poll.dir/C_/Users/Matt/.pico-sdk/sdk/2.2.0/lib/lwip/src/core/tcp.c.obj
                0x10003a14                tcp_pcb_purge
 .text.tcp_pcb_remove
                0x10003a28       0xd4 CMakeFiles/picotcpserver_poll.dir/C_/Users/Matt/.pico-sdk/sdk/2.2.0/lib/lwip/src/core/tcp.c.obj
                0x10003a28                tcp_pcb_remove
 .text.tcp_abandon
                0x10003afc      0x188 CMakeFiles/picotcpserver_poll.dir/C_/Users/Matt/.pico-sdk/sdk/2.2.0/lib/lwip/src/core/tcp.c.obj
                0x10003afc                tcp_abandon
 .text.tcp_abort
                0x10003c84        0x8 CMakeFiles/picotcpserver_poll.dir/C_/Users/Matt/.pico-sdk/sdk/2.2.0/lib/lwip/src/core/tcp.c.obj
                0x10003c84                tcp_abort
 .text.tcp_accept_null
                0x10003c8c       0x1c CMakeFiles/picotcpserver_poll.dir/C_/Users/Matt/.pico-sdk/sdk/2.2.0/lib/lwip/src/core/tcp.c.obj
 .text.tcp_alloc
                0x10003ca8      0x1a0 CMakeFiles/picotcpserver_poll.dir/C_/Users/Matt/.pico-sdk/sdk/2.2.0/lib/lwip/src/core/tcp.c.obj
                0x10003ca8                tcp_alloc
 .text.tcp_new  0x10003e48        0x8 CMakeFiles/picotcpserver_poll.dir/C_/Users/Matt/.pico-sdk/sdk/2.2.0/lib/lwip/src/core/tcp.c.obj
                0x10003e48                tcp_new
 .text.tcp_close_shutdown
                0x10003e50      0x184 CMakeFiles/picotcpserver_poll.dir/C_/Users/Matt/.pico-sdk/sdk/2.2.0/lib/lwip/src/core/tcp.c.obj
 .text.tcp_recv_null
                0x10003fd4       0xc0 CMakeFiles/picotcpserver_poll.dir/C_/Users/Matt/.pico-sdk/sdk/2.2.0/lib/lwip/src/core/tcp.c.obj
                0x10003fd4                tcp_recv_null
 .text.tcp_process_refused_data
                0x10004094       0x70 CMakeFiles/picotcpserver_poll.dir/C_/Users/Matt/.pico-sdk/sdk/2.2.0/lib/lwip/src/core/tcp.c.obj
                0x10004094                tcp_process_refused_data
 .text.tcp_fasttmr
                0x10004104       0x84 CMakeFiles/picotcpserver_poll.dir/C_/Users/Matt/.pico-sdk/sdk/2.2.0/lib/lwip/src/core/tcp.c.obj
                0x10004104                tcp_fasttmr
 .text.tcp_tmr  0x10004188       0x24 CMakeFiles/picotcpserver_poll.dir/C_/Users/Matt/.pico-sdk/sdk/2.2.0/lib/lwip/src/core/tcp.c.obj
                0x10004188                tcp_tmr
 .text.tcp_close
                0x100041ac      0x178 CMakeFiles/picotcpserver_poll.dir/C_/Users/Matt/.pico-sdk/sdk/2.2.0/lib/lwip/src/core/tcp.c.obj
                0x100041ac                tcp_close
 .text.tcp_next_iss
                0x10004324       0x24 CMakeFiles/picotcpserver_poll.dir/C_/Users/Matt/.pico-sdk/sdk/2.2.0/lib/lwip/src/core/tcp.c.obj
                0x10004324                tcp_next_iss
 .text.tcp_eff_send_mss_netif
                0x10004348       0x28 CMakeFiles/picotcpserver_poll.dir/C_/Users/Matt/.pico-sdk/sdk/2.2.0/lib/lwip/src/core/tcp.c.obj
                0x10004348                tcp_eff_send_mss_netif
 .text.tcp_netif_ip_addr_changed
                0x10004370       0x94 CMakeFiles/picotcpserver_poll.dir/C_/Users/Matt/.pico-sdk/sdk/2.2.0/lib/lwip/src/core/tcp.c.obj
                0x10004370                tcp_netif_ip_addr_changed
 .text.tcp_free_ooseq
                0x10004404       0x38 CMakeFiles/picotcpserver_poll.dir/C_/Users/Matt/.pico-sdk/sdk/2.2.0/lib/lwip/src/core/tcp.c.obj
                0x10004404                tcp_free_ooseq
 .text.tcp_parseopt
                0x1000443c      0x1a8 CMakeFiles/picotcpserver_poll.dir/C_/Users/Matt/.pico-sdk/sdk/2.2.0/lib/lwip/src/core/tcp_in.c.obj
 .text.tcp_oos_insert_segment
                0x100045e4       0x88 CMakeFiles/picotcpserver_poll.dir/C_/Users/Matt/.pico-sdk/sdk/2.2.0/lib/lwip/src/core/tcp_in.c.obj
 .text.tcp_free_acked_segments.isra.0
                0x1000466c       0xb0 CMakeFiles/picotcpserver_poll.dir/C_/Users/Matt/.pico-sdk/sdk/2.2.0/lib/lwip/src/core/tcp_in.c.obj
 .text.tcp_receive
                0x1000471c      0x8b0 CMakeFiles/picotcpserver_poll.dir/C_/Users/Matt/.pico-sdk/sdk/2.2.0/lib/lwip/src/core/tcp_in.c.obj
 .text.tcp_input
                0x10004fcc      0xce4 CMakeFiles/picotcpserver_poll.dir/C_/Users/Matt/.pico-sdk/sdk/2.2.0/lib/lwip/src/core/tcp_in.c.obj
                0x10004fcc                tcp_input
 .text.tcp_trigger_input_pcb_close
                0x10005cb0       0x10 CMakeFiles/picotcpserver_poll.dir/C_/Users/Matt/.pico-sdk/sdk/2.2.0/lib/lwip/src/core/tcp_in.c.obj
                0x10005cb0                tcp_trigger_input_pcb_close
 .text.tcp_create_segment
                0x10005cc0       0xc4 CMakeFiles/picotcpserver_poll.dir/C_/Users/Matt/.pico-sdk/sdk/2.2.0/lib/lwip/src/core/tcp_out.c.obj
 .text.tcp_output_control_segment
                0x10005d84       0xa8 CMakeFiles/picotcpserver_poll.dir/C_/Users/Matt/.pico-sdk/sdk/2.2.0/lib/lwip/src/core/tcp_out.c.obj
 .text.tcp_write
                0x10005e2c      0x430 CMakeFiles/picotcpserver_poll.dir/C_/Users/Matt/.pico-sdk/sdk/2.2.0/lib/lwip/src/core/tcp_out.c.obj
                0x10005e2c                tcp_write
 .text.tcp_split_unsent_seg
                0x1000625c      0x180 CMakeFiles/picotcpserver_poll.dir/C_/Users/Matt/.pico-sdk/sdk/2.2.0/lib/lwip/src/core/tcp_out.c.obj
                0x1000625c                tcp_split_unsent_seg
 .text.tcp_send_fin
                0x100063dc      0x100 CMakeFiles/picotcpserver_poll.dir/C_/Users/Matt/.pico-sdk/sdk/2.2.0/lib/lwip/src/core/tcp_out.c.obj
                0x100063dc                tcp_send_fin
 .text.tcp_enqueue_flags
                0x100064dc      0x110 CMakeFiles/picotcpserver_poll.dir/C_/Users/Matt/.pico-sdk/sdk/2.2.0/lib/lwip/src/core/tcp_out.c.obj
                0x100064dc                tcp_enqueue_flags
 .text.tcp_rexmit_rto_prepare
                0x100065ec       0x74 CMakeFiles/picotcpserver_poll.dir/C_/Users/Matt/.pico-sdk/sdk/2.2.0/lib/lwip/src/core/tcp_out.c.obj
                0x100065ec                tcp_rexmit_rto_prepare
 .text.tcp_rexmit
                0x10006660       0x78 CMakeFiles/picotcpserver_poll.dir/C_/Users/Matt/.pico-sdk/sdk/2.2.0/lib/lwip/src/core/tcp_out.c.obj
                0x10006660                tcp_rexmit
 .text.tcp_rexmit_fast
                0x100066d8       0x64 CMakeFiles/picotcpserver_poll.dir/C_/Users/Matt/.pico-sdk/sdk/2.2.0/lib/lwip/src/core/tcp_out.c.obj
                0x100066d8                tcp_rexmit_fast
 .text.tcp_rst  0x1000673c       0xb4 CMakeFiles/picotcpserver_poll.dir/C_/Users/Matt/.pico-sdk/sdk/2.2.0/lib/lwip/src/core/tcp_out.c.obj
                0x1000673c                tcp_rst
 .text.tcp_rst_netif
                0x100067f0       0xfc CMakeFiles/picotcpserver_poll.dir/C_/Users/Matt/.pico-sdk/sdk/2.2.0/lib/lwip/src/core/tcp_out.c.obj
                0x100067f0                tcp_rst_netif
 .text.tcp_send_empty_ack
                0x100068ec       0xc4 CMakeFiles/picotcpserver_poll.dir/C_/Users/Matt/.pico-sdk/sdk/2.2.0/lib/lwip/src/core/tcp_out.c.obj
                0x100068ec                tcp_send_empty_ack
 .text.tcp_output
                0x100069b0      0x398 CMakeFiles/picotcpserver_poll.dir/C_/Users/Matt/.pico-sdk/sdk/2.2.0/lib/lwip/src/core/tcp_out.c.obj
                0x100069b0                tcp_output
 .text.tcp_rexmit_rto_commit
                0x10006d48       0x24 CMakeFiles/picotcpserver_poll.dir/C_/Users/Matt/.pico-sdk/sdk/2.2.0/lib/lwip/src/core/tcp_out.c.obj
                0x10006d48                tcp_rexmit_rto_commit
 .text.tcp_rexmit_rto
                0x10006d6c       0x84 CMakeFiles/picotcpserver_poll.dir/C_/Users/Matt/.pico-sdk/sdk/2.2.0/lib/lwip/src/core/tcp_out.c.obj
                0x10006d6c                tcp_rexmit_rto
 .text.tcp_keepalive
                0x10006df0       0xa8 CMakeFiles/picotcpserver_poll.dir/C_/Users/Matt/.pico-sdk/sdk/2.2.0/lib/lwip/src/core/tcp_out.c.obj
                0x10006df0                tcp_keepalive
 .text.tcp_zero_window_probe
                0x10006e98      0x148 CMakeFiles/picotcpserver_poll.dir/C_/Users/Matt/.pico-sdk/sdk/2.2.0/lib/lwip/src/core/tcp_out.c.obj
                0x10006e98                tcp_zero_window_probe
 .text.tcpip_tcp_timer
                0x10006fe0       0x70 CMakeFiles/picotcpserver_poll.dir/C_/Users/Matt/.pico-sdk/sdk/2.2.0/lib/lwip/src/core/timeouts.c.obj
 .text.lwip_cyclic_timer
                0x10007050       0x90 CMakeFiles/picotcpserver_poll.dir/C_/Users/Matt/.pico-sdk/sdk/2.2.0/lib/lwip/src/core/timeouts.c.obj
 .text.tcp_timer_needed
                0x100070e0       0x74 CMakeFiles/picotcpserver_poll.dir/C_/Users/Matt/.pico-sdk/sdk/2.2.0/lib/lwip/src/core/timeouts.c.obj
                0x100070e0                tcp_timer_needed
 .text.sys_timeouts_init
                0x10007154       0x84 CMakeFiles/picotcpserver_poll.dir/C_/Users/Matt/.pico-sdk/sdk/2.2.0/lib/lwip/src/core/timeouts.c.obj
                0x10007154                sys_timeouts_init
 .text.sys_check_timeouts
                0x100071d8       0x5c CMakeFiles/picotcpserver_poll.dir/C_/Users/Matt/.pico-sdk/sdk/2.2.0/lib/lwip/src/core/timeouts.c.obj
                0x100071d8                sys_check_timeouts
 .text.sys_timeouts_sleeptime
                0x10007234       0x24 CMakeFiles/picotcpserver_poll.dir/C_/Users/Matt/.pico-sdk/sdk/2.2.0/lib/lwip/src/core/timeouts.c.obj
                0x10007234                sys_timeouts_sleeptime
 .text.udp_init
                0x10007258       0x18 CMakeFiles/picotcpserver_poll.dir/C_/Users/Matt/.pico-sdk/sdk/2.2.0/lib/lwip/src/core/udp.c.obj
                0x10007258                udp_init
 .text.udp_input
                0x10007270      0x2ec CMakeFiles/picotcpserver_poll.dir/C_/Users/Matt/.pico-sdk/sdk/2.2.0/lib/lwip/src/core/udp.c.obj
                0x10007270                udp_input
 .text.udp_bind
                0x1000755c       0xf4 CMakeFiles/picotcpserver_poll.dir/C_/Users/Matt/.pico-sdk/sdk/2.2.0/lib/lwip/src/core/udp.c.obj
                0x1000755c                udp_bind
 .text.udp_sendto_if_src
                0x10007650      0x118 CMakeFiles/picotcpserver_poll.dir/C_/Users/Matt/.pico-sdk/sdk/2.2.0/lib/lwip/src/core/udp.c.obj
                0x10007650                udp_sendto_if_src
 .text.udp_sendto_if
                0x10007768       0x40 CMakeFiles/picotcpserver_poll.dir/C_/Users/Matt/.pico-sdk/sdk/2.2.0/lib/lwip/src/core/udp.c.obj
                0x10007768                udp_sendto_if
 .text.udp_sendto
                0x100077a8       0x7c CMakeFiles/picotcpserver_poll.dir/C_/Users/Matt/.pico-sdk/sdk/2.2.0/lib/lwip/src/core/udp.c.obj
                0x100077a8                udp_sendto
 .text.udp_connect
                0x10007824       0x58 CMakeFiles/picotcpserver_poll.dir/C_/Users/Matt/.pico-sdk/sdk/2.2.0/lib/lwip/src/core/udp.c.obj
                0x10007824                udp_connect
 .text.udp_recv
                0x1000787c        0x8 CMakeFiles/picotcpserver_poll.dir/C_/Users/Matt/.pico-sdk/sdk/2.2.0/lib/lwip/src/core/udp.c.obj
                0x1000787c                udp_recv
 .text.udp_remove
                0x10007884       0x34 CMakeFiles/picotcpserver_poll.dir/C_/Users/Matt/.pico-sdk/sdk/2.2.0/lib/lwip/src/core/udp.c.obj
                0x10007884                udp_remove
 .text.udp_new  0x100078b8       0x1c CMakeFiles/picotcpserver_poll.dir/C_/Users/Matt/.pico-sdk/sdk/2.2.0/lib/lwip/src/core/udp.c.obj
                0x100078b8                udp_new
 .text.udp_netif_ip_addr_changed
                0x100078d4       0x3c CMakeFiles/picotcpserver_poll.dir/C_/Users/Matt/.pico-sdk/sdk/2.2.0/lib/lwip/src/core/udp.c.obj
                0x100078d4                udp_netif_ip_addr_changed
 .text.dhcp_create_msg
                0x10007910      0x108 CMakeFiles/picotcpserver_poll.dir/C_/Users/Matt/.pico-sdk/sdk/2.2.0/lib/lwip/src/core/ipv4/dhcp.c.obj
 .text.dhcp_inc_pcb_refcount
                0x10007a18       0x64 CMakeFiles/picotcpserver_poll.dir/C_/Users/Matt/.pico-sdk/sdk/2.2.0/lib/lwip/src/core/ipv4/dhcp.c.obj
 .text.dhcp_bind
                0x10007a7c      0x140 CMakeFiles/picotcpserver_poll.dir/C_/Users/Matt/.pico-sdk/sdk/2.2.0/lib/lwip/src/core/ipv4/dhcp.c.obj
 .text.dhcp_option_hostname.isra.0
                0x10007bbc       0x7c CMakeFiles/picotcpserver_poll.dir/C_/Users/Matt/.pico-sdk/sdk/2.2.0/lib/lwip/src/core/ipv4/dhcp.c.obj
 .text.dhcp_handle_ack.isra.0
                0x10007c38       0xbc CMakeFiles/picotcpserver_poll.dir/C_/Users/Matt/.pico-sdk/sdk/2.2.0/lib/lwip/src/core/ipv4/dhcp.c.obj
 .text.dhcp_reboot.isra.0
                0x10007cf4      0x19c CMakeFiles/picotcpserver_poll.dir/C_/Users/Matt/.pico-sdk/sdk/2.2.0/lib/lwip/src/core/ipv4/dhcp.c.obj
 .text.dhcp_discover.isra.0
                0x10007e90      0x140 CMakeFiles/picotcpserver_poll.dir/C_/Users/Matt/.pico-sdk/sdk/2.2.0/lib/lwip/src/core/ipv4/dhcp.c.obj
 .text.dhcp_select.isra.0
                0x10007fd0      0x1f8 CMakeFiles/picotcpserver_poll.dir/C_/Users/Matt/.pico-sdk/sdk/2.2.0/lib/lwip/src/core/ipv4/dhcp.c.obj
 .text.dhcp_recv
                0x100081c8      0x5c0 CMakeFiles/picotcpserver_poll.dir/C_/Users/Matt/.pico-sdk/sdk/2.2.0/lib/lwip/src/core/ipv4/dhcp.c.obj
 .text.dhcp_set_struct
                0x10008788       0x3c CMakeFiles/picotcpserver_poll.dir/C_/Users/Matt/.pico-sdk/sdk/2.2.0/lib/lwip/src/core/ipv4/dhcp.c.obj
                0x10008788                dhcp_set_struct
 .text.dhcp_start
                0x100087c4       0xa4 CMakeFiles/picotcpserver_poll.dir/C_/Users/Matt/.pico-sdk/sdk/2.2.0/lib/lwip/src/core/ipv4/dhcp.c.obj
                0x100087c4                dhcp_start
 .text.dhcp_network_changed_link_up
                0x10008868       0x40 CMakeFiles/picotcpserver_poll.dir/C_/Users/Matt/.pico-sdk/sdk/2.2.0/lib/lwip/src/core/ipv4/dhcp.c.obj
                0x10008868                dhcp_network_changed_link_up
 .text.dhcp_renew
                0x100088a8      0x154 CMakeFiles/picotcpserver_poll.dir/C_/Users/Matt/.pico-sdk/sdk/2.2.0/lib/lwip/src/core/ipv4/dhcp.c.obj
                0x100088a8                dhcp_renew
 .text.dhcp_release_and_stop
                0x100089fc      0x158 CMakeFiles/picotcpserver_poll.dir/C_/Users/Matt/.pico-sdk/sdk/2.2.0/lib/lwip/src/core/ipv4/dhcp.c.obj
                0x100089fc                dhcp_release_and_stop
 .text.dhcp_coarse_tmr
                0x10008b54      0x1e4 CMakeFiles/picotcpserver_poll.dir/C_/Users/Matt/.pico-sdk/sdk/2.2.0/lib/lwip/src/core/ipv4/dhcp.c.obj
                0x10008b54                dhcp_coarse_tmr
 .text.dhcp_fine_tmr
                0x10008d38       0xa0 CMakeFiles/picotcpserver_poll.dir/C_/Users/Matt/.pico-sdk/sdk/2.2.0/lib/lwip/src/core/ipv4/dhcp.c.obj
                0x10008d38                dhcp_fine_tmr
 .text.dhcp_stop
                0x10008dd8      0x158 CMakeFiles/picotcpserver_poll.dir/C_/Users/Matt/.pico-sdk/sdk/2.2.0/lib/lwip/src/core/ipv4/dhcp.c.obj
                0x10008dd8                dhcp_stop
 .text.etharp_find_entry
                0x10008f30      0x3cc CMakeFiles/picotcpserver_poll.dir/C_/Users/Matt/.pico-sdk/sdk/2.2.0/lib/lwip/src/core/ipv4/etharp.c.obj
 .text.etharp_raw
                0x100092fc       0xd4 CMakeFiles/picotcpserver_poll.dir/C_/Users/Matt/.pico-sdk/sdk/2.2.0/lib/lwip/src/core/ipv4/etharp.c.obj
 .text.etharp_output_to_arp_index
                0x100093d0       0xb8 CMakeFiles/picotcpserver_poll.dir/C_/Users/Matt/.pico-sdk/sdk/2.2.0/lib/lwip/src/core/ipv4/etharp.c.obj
 .text.etharp_tmr
                0x10009488       0x84 CMakeFiles/picotcpserver_poll.dir/C_/Users/Matt/.pico-sdk/sdk/2.2.0/lib/lwip/src/core/ipv4/etharp.c.obj
                0x10009488                etharp_tmr
 .text.etharp_cleanup_netif
                0x1000950c      0x164 CMakeFiles/picotcpserver_poll.dir/C_/Users/Matt/.pico-sdk/sdk/2.2.0/lib/lwip/src/core/ipv4/etharp.c.obj
                0x1000950c                etharp_cleanup_netif
 .text.etharp_input
                0x10009670      0x174 CMakeFiles/picotcpserver_poll.dir/C_/Users/Matt/.pico-sdk/sdk/2.2.0/lib/lwip/src/core/ipv4/etharp.c.obj
                0x10009670                etharp_input
 .text.etharp_query
                0x100097e4      0x180 CMakeFiles/picotcpserver_poll.dir/C_/Users/Matt/.pico-sdk/sdk/2.2.0/lib/lwip/src/core/ipv4/etharp.c.obj
                0x100097e4                etharp_query
 .text.etharp_output
                0x10009964      0x224 CMakeFiles/picotcpserver_poll.dir/C_/Users/Matt/.pico-sdk/sdk/2.2.0/lib/lwip/src/core/ipv4/etharp.c.obj
                0x10009964                etharp_output
 .text.etharp_request
                0x10009b88       0xd0 CMakeFiles/picotcpserver_poll.dir/C_/Users/Matt/.pico-sdk/sdk/2.2.0/lib/lwip/src/core/ipv4/etharp.c.obj
                0x10009b88                etharp_request
 .text.icmp_input
                0x10009c58      0x1b8 CMakeFiles/picotcpserver_poll.dir/C_/Users/Matt/.pico-sdk/sdk/2.2.0/lib/lwip/src/core/ipv4/icmp.c.obj
                0x10009c58                icmp_input
 .text.icmp_dest_unreach
                0x10009e10       0xac CMakeFiles/picotcpserver_poll.dir/C_/Users/Matt/.pico-sdk/sdk/2.2.0/lib/lwip/src/core/ipv4/icmp.c.obj
                0x10009e10                icmp_dest_unreach
 .text.icmp_time_exceeded
                0x10009ebc       0xac CMakeFiles/picotcpserver_poll.dir/C_/Users/Matt/.pico-sdk/sdk/2.2.0/lib/lwip/src/core/ipv4/icmp.c.obj
                0x10009ebc                icmp_time_exceeded
 .text.ip_reass_free_complete_datagram
                0x10009f68       0xe4 CMakeFiles/picotcpserver_poll.dir/C_/Users/Matt/.pico-sdk/sdk/2.2.0/lib/lwip/src/core/ipv4/ip4_frag.c.obj
 .text.ip_reass_remove_oldest_datagram
                0x1000a04c       0xc0 CMakeFiles/picotcpserver_poll.dir/C_/Users/Matt/.pico-sdk/sdk/2.2.0/lib/lwip/src/core/ipv4/ip4_frag.c.obj
 .text.ip_reass_tmr
                0x1000a10c       0x30 CMakeFiles/picotcpserver_poll.dir/C_/Users/Matt/.pico-sdk/sdk/2.2.0/lib/lwip/src/core/ipv4/ip4_frag.c.obj
                0x1000a10c                ip_reass_tmr
 .text.ip4_reass
                0x1000a13c      0x41c CMakeFiles/picotcpserver_poll.dir/C_/Users/Matt/.pico-sdk/sdk/2.2.0/lib/lwip/src/core/ipv4/ip4_frag.c.obj
                0x1000a13c                ip4_reass
 .text.ip4_frag
                0x1000a558      0x22c CMakeFiles/picotcpserver_poll.dir/C_/Users/Matt/.pico-sdk/sdk/2.2.0/lib/lwip/src/core/ipv4/ip4_frag.c.obj
                0x1000a558                ip4_frag
 .text.ip4_route
                0x1000a784       0x6c CMakeFiles/picotcpserver_poll.dir/C_/Users/Matt/.pico-sdk/sdk/2.2.0/lib/lwip/src/core/ipv4/ip4.c.obj
                0x1000a784                ip4_route
 .text.ip4_input
                0x1000a7f0      0x2b0 CMakeFiles/picotcpserver_poll.dir/C_/Users/Matt/.pico-sdk/sdk/2.2.0/lib/lwip/src/core/ipv4/ip4.c.obj
                0x1000a7f0                ip4_input
 .text.ip4_output_if
                0x1000aaa0      0x138 CMakeFiles/picotcpserver_poll.dir/C_/Users/Matt/.pico-sdk/sdk/2.2.0/lib/lwip/src/core/ipv4/ip4.c.obj
                0x1000aaa0                ip4_output_if
 .text.ip4_output_if_src
                0x1000abd8      0x138 CMakeFiles/picotcpserver_poll.dir/C_/Users/Matt/.pico-sdk/sdk/2.2.0/lib/lwip/src/core/ipv4/ip4.c.obj
                0x1000abd8                ip4_output_if_src
 .text.ip4_addr_isbroadcast_u32
                0x1000ad10       0x38 CMakeFiles/picotcpserver_poll.dir/C_/Users/Matt/.pico-sdk/sdk/2.2.0/lib/lwip/src/core/ipv4/ip4_addr.c.obj
                0x1000ad10                ip4_addr_isbroadcast_u32
 .text.ethernet_input
                0x1000ad48       0xc4 CMakeFiles/picotcpserver_poll.dir/C_/Users/Matt/.pico-sdk/sdk/2.2.0/lib/lwip/src/netif/ethernet.c.obj
                0x1000ad48                ethernet_input
 .text.ethernet_output
                0x1000ae0c       0x60 CMakeFiles/picotcpserver_poll.dir/C_/Users/Matt/.pico-sdk/sdk/2.2.0/lib/lwip/src/netif/ethernet.c.obj
                0x1000ae0c                ethernet_output
 .text.cyw43_arch_set_async_context
                0x1000ae6c        0xc CMakeFiles/picotcpserver_poll.dir/C_/Users/Matt/.pico-sdk/sdk/2.2.0/src/rp2_common/pico_cyw43_arch/cyw43_arch.c.obj
                0x1000ae6c                cyw43_arch_set_async_context
 .text.cyw43_arch_enable_ap_mode
                0x1000ae78       0x68 CMakeFiles/picotcpserver_poll.dir/C_/Users/Matt/.pico-sdk/sdk/2.2.0/src/rp2_common/pico_cyw43_arch/cyw43_arch.c.obj
                0x1000ae78                cyw43_arch_enable_ap_mode
 .text.cyw43_arch_async_context
                0x1000aee0        0xc CMakeFiles/picotcpserver_poll.dir/C_/Users/Matt/.pico-sdk/sdk/2.2.0/src/rp2_common/pico_cyw43_arch/cyw43_arch.c.obj
                0x1000aee0                cyw43_arch_async_context
 .text.cyw43_arch_poll
                0x1000aeec       0x14 CMakeFiles/picotcpserver_poll.dir/C_/Users/Matt/.pico-sdk/sdk/2.2.0/src/rp2_common/pico_cyw43_arch/cyw43_arch.c.obj
                0x1000aeec                cyw43_arch_poll
 .text.cyw43_arch_init
                0x1000af00       0x64 CMakeFiles/picotcpserver_poll.dir/C_/Users/Matt/.pico-sdk/sdk/2.2.0/src/rp2_common/pico_cyw43_arch/cyw43_arch_poll.c.obj
                0x1000af00                cyw43_arch_init
 .text.ns_delay.constprop.0
                0x1000af64       0x24 CMakeFiles/picotcpserver_poll.dir/C_/Users/Matt/.pico-sdk/sdk/2.2.0/src/rp2_common/pico_cyw43_driver/cyw43_bus_pio_spi.c.obj
 .text.cyw43_spi_deinit
                0x1000af88       0x6c CMakeFiles/picotcpserver_poll.dir/C_/Users/Matt/.pico-sdk/sdk/2.2.0/src/rp2_common/pico_cyw43_driver/cyw43_bus_pio_spi.c.obj
                0x1000af88                cyw43_spi_deinit
 .text.cyw43_spi_init
                0x1000aff4      0x128 CMakeFiles/picotcpserver_poll.dir/C_/Users/Matt/.pico-sdk/sdk/2.2.0/src/rp2_common/pico_cyw43_driver/cyw43_bus_pio_spi.c.obj
                0x1000aff4                cyw43_spi_init
 .text.cyw43_spi_transfer
                0x1000b11c      0x39c CMakeFiles/picotcpserver_poll.dir/C_/Users/Matt/.pico-sdk/sdk/2.2.0/src/rp2_common/pico_cyw43_driver/cyw43_bus_pio_spi.c.obj
                0x1000b11c                cyw43_spi_transfer
 .text.cyw43_spi_gpio_setup
                0x1000b4b8       0x40 CMakeFiles/picotcpserver_poll.dir/C_/Users/Matt/.pico-sdk/sdk/2.2.0/src/rp2_common/pico_cyw43_driver/cyw43_bus_pio_spi.c.obj
                0x1000b4b8                cyw43_spi_gpio_setup
 .text.cyw43_spi_reset
                0x1000b4f8       0x30 CMakeFiles/picotcpserver_poll.dir/C_/Users/Matt/.pico-sdk/sdk/2.2.0/src/rp2_common/pico_cyw43_driver/cyw43_bus_pio_spi.c.obj
                0x1000b4f8                cyw43_spi_reset
 .text.read_reg_u32_swap
                0x1000b528       0x44 CMakeFiles/picotcpserver_poll.dir/C_/Users/Matt/.pico-sdk/sdk/2.2.0/src/rp2_common/pico_cyw43_driver/cyw43_bus_pio_spi.c.obj
                0x1000b528                read_reg_u32_swap
 .text.cyw43_read_reg_u32
                0x1000b56c       0x54 CMakeFiles/picotcpserver_poll.dir/C_/Users/Matt/.pico-sdk/sdk/2.2.0/src/rp2_common/pico_cyw43_driver/cyw43_bus_pio_spi.c.obj
                0x1000b56c                cyw43_read_reg_u32
 .text.cyw43_read_reg_u16
                0x1000b5c0       0x58 CMakeFiles/picotcpserver_poll.dir/C_/Users/Matt/.pico-sdk/sdk/2.2.0/src/rp2_common/pico_cyw43_driver/cyw43_bus_pio_spi.c.obj
                0x1000b5c0                cyw43_read_reg_u16
 .text.cyw43_read_reg_u8
                0x1000b618       0x58 CMakeFiles/picotcpserver_poll.dir/C_/Users/Matt/.pico-sdk/sdk/2.2.0/src/rp2_common/pico_cyw43_driver/cyw43_bus_pio_spi.c.obj
                0x1000b618                cyw43_read_reg_u8
 .text.write_reg_u32_swap
                0x1000b670      0x1cc CMakeFiles/picotcpserver_poll.dir/C_/Users/Matt/.pico-sdk/sdk/2.2.0/src/rp2_common/pico_cyw43_driver/cyw43_bus_pio_spi.c.obj
                0x1000b670                write_reg_u32_swap
 .text.cyw43_write_reg_u32
                0x1000b83c      0x1c8 CMakeFiles/picotcpserver_poll.dir/C_/Users/Matt/.pico-sdk/sdk/2.2.0/src/rp2_common/pico_cyw43_driver/cyw43_bus_pio_spi.c.obj
                0x1000b83c                cyw43_write_reg_u32
 .text.cyw43_write_reg_u16
                0x1000ba04      0x1c8 CMakeFiles/picotcpserver_poll.dir/C_/Users/Matt/.pico-sdk/sdk/2.2.0/src/rp2_common/pico_cyw43_driver/cyw43_bus_pio_spi.c.obj
                0x1000ba04                cyw43_write_reg_u16
 .text.cyw43_write_reg_u8
                0x1000bbcc      0x1c8 CMakeFiles/picotcpserver_poll.dir/C_/Users/Matt/.pico-sdk/sdk/2.2.0/src/rp2_common/pico_cyw43_driver/cyw43_bus_pio_spi.c.obj
                0x1000bbcc                cyw43_write_reg_u8
 .text.cyw43_read_bytes
                0x1000bd94       0x84 CMakeFiles/picotcpserver_poll.dir/C_/Users/Matt/.pico-sdk/sdk/2.2.0/src/rp2_common/pico_cyw43_driver/cyw43_bus_pio_spi.c.obj
                0x1000bd94                cyw43_read_bytes
 .text.cyw43_write_bytes
                0x1000be18       0xcc CMakeFiles/picotcpserver_poll.dir/C_/Users/Matt/.pico-sdk/sdk/2.2.0/src/rp2_common/pico_cyw43_driver/cyw43_bus_pio_spi.c.obj
                0x1000be18                cyw43_write_bytes
 .text.cyw43_set_backplane_window
                0x1000bee4       0x70 CMakeFiles/picotcpserver_poll.dir/C_/Users/Matt/.pico-sdk/sdk/2.2.0/lib/cyw43-driver/src/cyw43_ll.c.obj
 .text.cyw43_ll_parse_async_event
                0x1000bf54      0x114 CMakeFiles/picotcpserver_poll.dir/C_/Users/Matt/.pico-sdk/sdk/2.2.0/lib/cyw43-driver/src/cyw43_ll.c.obj
 .text.cyw43_kso_set
                0x1000c068       0x78 CMakeFiles/picotcpserver_poll.dir/C_/Users/Matt/.pico-sdk/sdk/2.2.0/lib/cyw43-driver/src/cyw43_ll.c.obj
 .text.cyw43_ll_sdpcm_poll_device
                0x1000c0e0      0x230 CMakeFiles/picotcpserver_poll.dir/C_/Users/Matt/.pico-sdk/sdk/2.2.0/lib/cyw43-driver/src/cyw43_ll.c.obj
 .text.cyw43_sdpcm_send_common
                0x1000c310       0xe8 CMakeFiles/picotcpserver_poll.dir/C_/Users/Matt/.pico-sdk/sdk/2.2.0/lib/cyw43-driver/src/cyw43_ll.c.obj
 .text.cyw43_do_ioctl.part.0
                0x1000c3f8       0xb8 CMakeFiles/picotcpserver_poll.dir/C_/Users/Matt/.pico-sdk/sdk/2.2.0/lib/cyw43-driver/src/cyw43_ll.c.obj
 .text.cyw43_write_iovar_u32.constprop.0
                0x1000c4b0       0x74 CMakeFiles/picotcpserver_poll.dir/C_/Users/Matt/.pico-sdk/sdk/2.2.0/lib/cyw43-driver/src/cyw43_ll.c.obj
 .text.cyw43_write_iovar_n
                0x1000c524       0x80 CMakeFiles/picotcpserver_poll.dir/C_/Users/Matt/.pico-sdk/sdk/2.2.0/lib/cyw43-driver/src/cyw43_ll.c.obj
 .text.cyw43_write_iovar_u32_u32.constprop.0
                0x1000c5a4       0xa0 CMakeFiles/picotcpserver_poll.dir/C_/Users/Matt/.pico-sdk/sdk/2.2.0/lib/cyw43-driver/src/cyw43_ll.c.obj
 .text.cyw43_read_backplane.constprop.0
                0x1000c644       0xe4 CMakeFiles/picotcpserver_poll.dir/C_/Users/Matt/.pico-sdk/sdk/2.2.0/lib/cyw43-driver/src/cyw43_ll.c.obj
 .text.cyw43_write_backplane
                0x1000c728       0xf8 CMakeFiles/picotcpserver_poll.dir/C_/Users/Matt/.pico-sdk/sdk/2.2.0/lib/cyw43-driver/src/cyw43_ll.c.obj
 .text.reset_device_core.constprop.0
                0x1000c820      0x3ac CMakeFiles/picotcpserver_poll.dir/C_/Users/Matt/.pico-sdk/sdk/2.2.0/lib/cyw43-driver/src/cyw43_ll.c.obj
 .text.cyw43_ll_init
                0x1000cbcc       0x18 CMakeFiles/picotcpserver_poll.dir/C_/Users/Matt/.pico-sdk/sdk/2.2.0/lib/cyw43-driver/src/cyw43_ll.c.obj
                0x1000cbcc                cyw43_ll_init
 .text.cyw43_ll_deinit
                0x1000cbe4        0x4 CMakeFiles/picotcpserver_poll.dir/C_/Users/Matt/.pico-sdk/sdk/2.2.0/lib/cyw43-driver/src/cyw43_ll.c.obj
                0x1000cbe4                cyw43_ll_deinit
 .text.cyw43_ll_send_ethernet
                0x1000cbe8       0x54 CMakeFiles/picotcpserver_poll.dir/C_/Users/Matt/.pico-sdk/sdk/2.2.0/lib/cyw43-driver/src/cyw43_ll.c.obj
                0x1000cbe8                cyw43_ll_send_ethernet
 .text.cyw43_ll_process_packets
                0x1000cc3c       0x44 CMakeFiles/picotcpserver_poll.dir/C_/Users/Matt/.pico-sdk/sdk/2.2.0/lib/cyw43-driver/src/cyw43_ll.c.obj
                0x1000cc3c                cyw43_ll_process_packets
 .text.cyw43_ll_ioctl
                0x1000cc80       0x78 CMakeFiles/picotcpserver_poll.dir/C_/Users/Matt/.pico-sdk/sdk/2.2.0/lib/cyw43-driver/src/cyw43_ll.c.obj
                0x1000cc80                cyw43_ll_ioctl
 .text.cyw43_ll_bus_sleep
                0x1000ccf8       0x30 CMakeFiles/picotcpserver_poll.dir/C_/Users/Matt/.pico-sdk/sdk/2.2.0/lib/cyw43-driver/src/cyw43_ll.c.obj
                0x1000ccf8                cyw43_ll_bus_sleep
 .text.cyw43_ll_wifi_on
                0x1000cd28      0x208 CMakeFiles/picotcpserver_poll.dir/C_/Users/Matt/.pico-sdk/sdk/2.2.0/lib/cyw43-driver/src/cyw43_ll.c.obj
                0x1000cd28                cyw43_ll_wifi_on
 .text.cyw43_ll_wifi_get_mac
                0x1000cf30       0x84 CMakeFiles/picotcpserver_poll.dir/C_/Users/Matt/.pico-sdk/sdk/2.2.0/lib/cyw43-driver/src/cyw43_ll.c.obj
                0x1000cf30                cyw43_ll_wifi_get_mac
 .text.cyw43_ll_bus_init
                0x1000cfb4      0x840 CMakeFiles/picotcpserver_poll.dir/C_/Users/Matt/.pico-sdk/sdk/2.2.0/lib/cyw43-driver/src/cyw43_ll.c.obj
                0x1000cfb4                cyw43_ll_bus_init
 .text.cyw43_ll_wifi_pm
                0x1000d7f4      0x114 CMakeFiles/picotcpserver_poll.dir/C_/Users/Matt/.pico-sdk/sdk/2.2.0/lib/cyw43-driver/src/cyw43_ll.c.obj
                0x1000d7f4                cyw43_ll_wifi_pm
 .text.cyw43_ll_wifi_set_wpa_auth
                0x1000d908       0x48 CMakeFiles/picotcpserver_poll.dir/C_/Users/Matt/.pico-sdk/sdk/2.2.0/lib/cyw43-driver/src/cyw43_ll.c.obj
                0x1000d908                cyw43_ll_wifi_set_wpa_auth
 .text.cyw43_ll_wifi_rejoin
                0x1000d950       0x74 CMakeFiles/picotcpserver_poll.dir/C_/Users/Matt/.pico-sdk/sdk/2.2.0/lib/cyw43-driver/src/cyw43_ll.c.obj
                0x1000d950                cyw43_ll_wifi_rejoin
 .text.cyw43_ll_wifi_ap_init
                0x1000d9c4      0x47c CMakeFiles/picotcpserver_poll.dir/C_/Users/Matt/.pico-sdk/sdk/2.2.0/lib/cyw43-driver/src/cyw43_ll.c.obj
                0x1000d9c4                cyw43_ll_wifi_ap_init
 .text.cyw43_ll_wifi_ap_set_up
                0x1000de40       0x6c CMakeFiles/picotcpserver_poll.dir/C_/Users/Matt/.pico-sdk/sdk/2.2.0/lib/cyw43-driver/src/cyw43_ll.c.obj
                0x1000de40                cyw43_ll_wifi_ap_set_up
 .text.cyw43_ll_has_work
                0x1000deac       0x14 CMakeFiles/picotcpserver_poll.dir/C_/Users/Matt/.pico-sdk/sdk/2.2.0/lib/cyw43-driver/src/cyw43_ll.c.obj
                0x1000deac                cyw43_ll_has_work
 .text.cyw43_netif_init
                0x1000dec0       0x3c CMakeFiles/picotcpserver_poll.dir/C_/Users/Matt/.pico-sdk/sdk/2.2.0/lib/cyw43-driver/src/cyw43_lwip.c.obj
 .text.cyw43_netif_output
                0x1000defc       0x34 CMakeFiles/picotcpserver_poll.dir/C_/Users/Matt/.pico-sdk/sdk/2.2.0/lib/cyw43-driver/src/cyw43_lwip.c.obj
 .text.cyw43_cb_tcpip_init
                0x1000df30       0xe4 CMakeFiles/picotcpserver_poll.dir/C_/Users/Matt/.pico-sdk/sdk/2.2.0/lib/cyw43-driver/src/cyw43_lwip.c.obj
                0x1000df30                cyw43_cb_tcpip_init
 .text.cyw43_cb_tcpip_deinit
                0x1000e014       0x40 CMakeFiles/picotcpserver_poll.dir/C_/Users/Matt/.pico-sdk/sdk/2.2.0/lib/cyw43-driver/src/cyw43_lwip.c.obj
                0x1000e014                cyw43_cb_tcpip_deinit
 .text.cyw43_cb_process_ethernet
                0x1000e054       0x54 CMakeFiles/picotcpserver_poll.dir/C_/Users/Matt/.pico-sdk/sdk/2.2.0/lib/cyw43-driver/src/cyw43_lwip.c.obj
                0x1000e054                cyw43_cb_process_ethernet
 .text.cyw43_cb_tcpip_set_link_up
                0x1000e0a8        0xc CMakeFiles/picotcpserver_poll.dir/C_/Users/Matt/.pico-sdk/sdk/2.2.0/lib/cyw43-driver/src/cyw43_lwip.c.obj
                0x1000e0a8                cyw43_cb_tcpip_set_link_up
 .text.cyw43_cb_tcpip_set_link_down
                0x1000e0b4        0xc CMakeFiles/picotcpserver_poll.dir/C_/Users/Matt/.pico-sdk/sdk/2.2.0/lib/cyw43-driver/src/cyw43_lwip.c.obj
                0x1000e0b4                cyw43_cb_tcpip_set_link_down
 .text.cyw43_ensure_up
                0x1000e0c0       0x78 CMakeFiles/picotcpserver_poll.dir/C_/Users/Matt/.pico-sdk/sdk/2.2.0/lib/cyw43-driver/src/cyw43_ctrl.c.obj
 .text.cyw43_poll_func
                0x1000e138       0xb8 CMakeFiles/picotcpserver_poll.dir/C_/Users/Matt/.pico-sdk/sdk/2.2.0/lib/cyw43-driver/src/cyw43_ctrl.c.obj
 .text.cyw43_init
                0x1000e1f0       0x5c CMakeFiles/picotcpserver_poll.dir/C_/Users/Matt/.pico-sdk/sdk/2.2.0/lib/cyw43-driver/src/cyw43_ctrl.c.obj
                0x1000e1f0                cyw43_init
 .text.cyw43_deinit
                0x1000e24c       0x80 CMakeFiles/picotcpserver_poll.dir/C_/Users/Matt/.pico-sdk/sdk/2.2.0/lib/cyw43-driver/src/cyw43_ctrl.c.obj
                0x1000e24c                cyw43_deinit
 .text.cyw43_cb_read_host_interrupt_pin
                0x1000e2cc        0xc CMakeFiles/picotcpserver_poll.dir/C_/Users/Matt/.pico-sdk/sdk/2.2.0/lib/cyw43-driver/src/cyw43_ctrl.c.obj
                0x1000e2cc                cyw43_cb_read_host_interrupt_pin
 .text.cyw43_cb_ensure_awake
                0x1000e2d8        0xc CMakeFiles/picotcpserver_poll.dir/C_/Users/Matt/.pico-sdk/sdk/2.2.0/lib/cyw43-driver/src/cyw43_ctrl.c.obj
                0x1000e2d8                cyw43_cb_ensure_awake
 .text.cyw43_cb_process_async_event
                0x1000e2e4      0x23c CMakeFiles/picotcpserver_poll.dir/C_/Users/Matt/.pico-sdk/sdk/2.2.0/lib/cyw43-driver/src/cyw43_ctrl.c.obj
                0x1000e2e4                cyw43_cb_process_async_event
 .text.cyw43_send_ethernet
                0x1000e520       0xac CMakeFiles/picotcpserver_poll.dir/C_/Users/Matt/.pico-sdk/sdk/2.2.0/lib/cyw43-driver/src/cyw43_ctrl.c.obj
                0x1000e520                cyw43_send_ethernet
 .text.cyw43_wifi_get_mac
                0x1000e5cc       0x10 CMakeFiles/picotcpserver_poll.dir/C_/Users/Matt/.pico-sdk/sdk/2.2.0/lib/cyw43-driver/src/cyw43_ctrl.c.obj
                0x1000e5cc                cyw43_wifi_get_mac
 .text.cyw43_wifi_set_up
                0x1000e5dc      0x14c CMakeFiles/picotcpserver_poll.dir/C_/Users/Matt/.pico-sdk/sdk/2.2.0/lib/cyw43-driver/src/cyw43_ctrl.c.obj
                0x1000e5dc                cyw43_wifi_set_up
 .text.pio_sm_set_pindirs_with_mask64
                0x1000e728       0x68 CMakeFiles/picotcpserver_poll.dir/C_/Users/Matt/.pico-sdk/sdk/2.2.0/src/rp2_common/hardware_pio/pio.c.obj
                0x1000e728                pio_sm_set_pindirs_with_mask64
 .text.pio_sm_set_consecutive_pindirs
                0x1000e790       0x8c CMakeFiles/picotcpserver_poll.dir/C_/Users/Matt/.pico-sdk/sdk/2.2.0/src/rp2_common/hardware_pio/pio.c.obj
                0x1000e790                pio_sm_set_consecutive_pindirs
 .text.pio_claim_free_sm_and_add_program_for_gpio_range
                0x1000e81c      0x170 CMakeFiles/picotcpserver_poll.dir/C_/Users/Matt/.pico-sdk/sdk/2.2.0/src/rp2_common/hardware_pio/pio.c.obj
                0x1000e81c                pio_claim_free_sm_and_add_program_for_gpio_range
 .text.pio_remove_program_and_unclaim_sm
                0x1000e98c       0x4c CMakeFiles/picotcpserver_poll.dir/C_/Users/Matt/.pico-sdk/sdk/2.2.0/src/rp2_common/hardware_pio/pio.c.obj
                0x1000e98c                pio_remove_program_and_unclaim_sm
 .text.dma_channel_unclaim
                0x1000e9d8        0xc CMakeFiles/picotcpserver_poll.dir/C_/Users/Matt/.pico-sdk/sdk/2.2.0/src/rp2_common/hardware_dma/dma.c.obj
                0x1000e9d8                dma_channel_unclaim
 .text.dma_claim_unused_channel
                0x1000e9e4       0x20 CMakeFiles/picotcpserver_poll.dir/C_/Users/Matt/.pico-sdk/sdk/2.2.0/src/rp2_common/hardware_dma/dma.c.obj
                0x1000e9e4                dma_claim_unused_channel
 .text.dma_channel_cleanup
                0x1000ea04       0x50 CMakeFiles/picotcpserver_poll.dir/C_/Users/Matt/.pico-sdk/sdk/2.2.0/src/rp2_common/hardware_dma/dma.c.obj
                0x1000ea04                dma_channel_cleanup
 .text.cyw43_sleep_timeout_reached
                0x1000ea54        0xc CMakeFiles/picotcpserver_poll.dir/C_/Users/Matt/.pico-sdk/sdk/2.2.0/src/rp2_common/pico_cyw43_driver/cyw43_driver.c.obj
 .text.cyw43_irq_init
                0x1000ea60       0x28 CMakeFiles/picotcpserver_poll.dir/C_/Users/Matt/.pico-sdk/sdk/2.2.0/src/rp2_common/pico_cyw43_driver/cyw43_driver.c.obj
                0x1000ea60                cyw43_irq_init
 .text.cyw43_irq_deinit
                0x1000ea88       0x20 CMakeFiles/picotcpserver_poll.dir/C_/Users/Matt/.pico-sdk/sdk/2.2.0/src/rp2_common/pico_cyw43_driver/cyw43_driver.c.obj
                0x1000ea88                cyw43_irq_deinit
 .text.cyw43_gpio_irq_handler
                0x1000eaa8       0x48 CMakeFiles/picotcpserver_poll.dir/C_/Users/Matt/.pico-sdk/sdk/2.2.0/src/rp2_common/pico_cyw43_driver/cyw43_driver.c.obj
 .text.cyw43_do_poll
                0x1000eaf0       0x70 CMakeFiles/picotcpserver_poll.dir/C_/Users/Matt/.pico-sdk/sdk/2.2.0/src/rp2_common/pico_cyw43_driver/cyw43_driver.c.obj
 .text.cyw43_post_poll_hook
                0x1000eb60        0xc CMakeFiles/picotcpserver_poll.dir/C_/Users/Matt/.pico-sdk/sdk/2.2.0/src/rp2_common/pico_cyw43_driver/cyw43_driver.c.obj
                0x1000eb60                cyw43_post_poll_hook
 .text.cyw43_schedule_internal_poll_dispatch
                0x1000eb6c       0x14 CMakeFiles/picotcpserver_poll.dir/C_/Users/Matt/.pico-sdk/sdk/2.2.0/src/rp2_common/pico_cyw43_driver/cyw43_driver.c.obj
                0x1000eb6c                cyw43_schedule_internal_poll_dispatch
 .text.cyw43_driver_init
                0x1000eb80       0x38 CMakeFiles/picotcpserver_poll.dir/C_/Users/Matt/.pico-sdk/sdk/2.2.0/src/rp2_common/pico_cyw43_driver/cyw43_driver.c.obj
                0x1000eb80                cyw43_driver_init
 .text.cyw43_driver_deinit
                0x1000ebb8       0x48 CMakeFiles/picotcpserver_poll.dir/C_/Users/Matt/.pico-sdk/sdk/2.2.0/src/rp2_common/pico_cyw43_driver/cyw43_driver.c.obj
                0x1000ebb8                cyw43_driver_deinit
 .text.cyw43_hal_generate_laa_mac
                0x1000ec00       0x28 CMakeFiles/picotcpserver_poll.dir/C_/Users/Matt/.pico-sdk/sdk/2.2.0/src/rp2_common/pico_cyw43_driver/cyw43_driver.c.obj
                0x1000ec00                cyw43_hal_generate_laa_mac
 .text.cyw43_hal_get_mac
                0x1000ec28       0x14 CMakeFiles/picotcpserver_poll.dir/C_/Users/Matt/.pico-sdk/sdk/2.2.0/src/rp2_common/pico_cyw43_driver/cyw43_driver.c.obj
                0x1000ec28                cyw43_hal_get_mac
 .text.cyw43_thread_enter
                0x1000ec3c       0x10 CMakeFiles/picotcpserver_poll.dir/C_/Users/Matt/.pico-sdk/sdk/2.2.0/src/rp2_common/pico_cyw43_driver/cyw43_driver.c.obj
                0x1000ec3c                cyw43_thread_enter
 .text.cyw43_thread_exit
                0x1000ec4c       0x10 CMakeFiles/picotcpserver_poll.dir/C_/Users/Matt/.pico-sdk/sdk/2.2.0/src/rp2_common/pico_cyw43_driver/cyw43_driver.c.obj
                0x1000ec4c                cyw43_thread_exit
 .text.cyw43_await_background_or_timeout_us
                0x1000ec5c       0x6c CMakeFiles/picotcpserver_poll.dir/C_/Users/Matt/.pico-sdk/sdk/2.2.0/src/rp2_common/pico_cyw43_driver/cyw43_driver.c.obj
                0x1000ec5c                cyw43_await_background_or_timeout_us
 .text.cyw43_delay_ms
                0x1000ecc8       0x40 CMakeFiles/picotcpserver_poll.dir/C_/Users/Matt/.pico-sdk/sdk/2.2.0/src/rp2_common/pico_cyw43_driver/cyw43_driver.c.obj
                0x1000ecc8                cyw43_delay_ms
 .text.cyw43_delay_us
                0x1000ed08       0x38 CMakeFiles/picotcpserver_poll.dir/C_/Users/Matt/.pico-sdk/sdk/2.2.0/src/rp2_common/pico_cyw43_driver/cyw43_driver.c.obj
                0x1000ed08                cyw43_delay_us
 .text.noop     0x1000ed40        0x4 CMakeFiles/picotcpserver_poll.dir/C_/Users/Matt/.pico-sdk/sdk/2.2.0/src/rp2_common/pico_async_context/async_context_poll.c.obj
 .text.async_context_poll_execute_sync
                0x1000ed44        0x4 CMakeFiles/picotcpserver_poll.dir/C_/Users/Matt/.pico-sdk/sdk/2.2.0/src/rp2_common/pico_async_context/async_context_poll.c.obj
                0x1000ed44                async_context_poll_execute_sync
 .text.async_context_poll_wait_for_work_until
                0x1000ed48       0x20 CMakeFiles/picotcpserver_poll.dir/C_/Users/Matt/.pico-sdk/sdk/2.2.0/src/rp2_common/pico_async_context/async_context_poll.c.obj
 .text.async_context_poll_wait_until
                0x1000ed68        0x8 CMakeFiles/picotcpserver_poll.dir/C_/Users/Matt/.pico-sdk/sdk/2.2.0/src/rp2_common/pico_async_context/async_context_poll.c.obj
 .text.async_context_poll_poll
                0x1000ed70        0x4 CMakeFiles/picotcpserver_poll.dir/C_/Users/Matt/.pico-sdk/sdk/2.2.0/src/rp2_common/pico_async_context/async_context_poll.c.obj
 .text.async_context_poll_requires_update
                0x1000ed74        0xc CMakeFiles/picotcpserver_poll.dir/C_/Users/Matt/.pico-sdk/sdk/2.2.0/src/rp2_common/pico_async_context/async_context_poll.c.obj
 .text.async_context_poll_lock_check
                0x1000ed80       0x24 CMakeFiles/picotcpserver_poll.dir/C_/Users/Matt/.pico-sdk/sdk/2.2.0/src/rp2_common/pico_async_context/async_context_poll.c.obj
 .text.async_context_poll_init_with_defaults
                0x1000eda4       0x30 CMakeFiles/picotcpserver_poll.dir/C_/Users/Matt/.pico-sdk/sdk/2.2.0/src/rp2_common/pico_async_context/async_context_poll.c.obj
                0x1000eda4                async_context_poll_init_with_defaults
 .text.uart_init
                0x1000edd4      0x104 CMakeFiles/picotcpserver_poll.dir/C_/Users/Matt/.pico-sdk/sdk/2.2.0/src/rp2_common/hardware_uart/uart.c.obj
                0x1000edd4                uart_init
 .text.first_per_core_initializer
                0x1000eed8        0x4 CMakeFiles/picotcpserver_poll.dir/C_/Users/Matt/.pico-sdk/sdk/2.2.0/src/rp2_common/pico_runtime/runtime.c.obj
 .text.hard_assertion_failure
                0x1000eedc        0xc CMakeFiles/picotcpserver_poll.dir/C_/Users/Matt/.pico-sdk/sdk/2.2.0/src/rp2_common/pico_runtime/runtime.c.obj
                0x1000eedc                hard_assertion_failure
 .text.runtime_run_initializers
                0x1000eee8       0x20 CMakeFiles/picotcpserver_poll.dir/C_/Users/Matt/.pico-sdk/sdk/2.2.0/src/rp2_common/pico_runtime/runtime.c.obj
                0x1000eee8                runtime_run_initializers
 .text.runtime_init_early_resets
                0x1000ef08       0x34 CMakeFiles/picotcpserver_poll.dir/C_/Users/Matt/.pico-sdk/sdk/2.2.0/src/rp2_common/pico_runtime_init/runtime_init.c.obj
                0x1000ef08                runtime_init_early_resets
 .text.runtime_init_usb_power_down
                0x1000ef3c       0x1c CMakeFiles/picotcpserver_poll.dir/C_/Users/Matt/.pico-sdk/sdk/2.2.0/src/rp2_common/pico_runtime_init/runtime_init.c.obj
                0x1000ef3c                runtime_init_usb_power_down
 .text.runtime_init_per_core_enable_coprocessors
                0x1000ef58       0x1c CMakeFiles/picotcpserver_poll.dir/C_/Users/Matt/.pico-sdk/sdk/2.2.0/src/rp2_common/pico_runtime_init/runtime_init.c.obj
                0x1000ef58                runtime_init_per_core_enable_coprocessors
 .text.runtime_init_post_clock_resets
                0x1000ef74       0x20 CMakeFiles/picotcpserver_poll.dir/C_/Users/Matt/.pico-sdk/sdk/2.2.0/src/rp2_common/pico_runtime_init/runtime_init.c.obj
                0x1000ef74                runtime_init_post_clock_resets
 .text.runtime_init_bootrom_reset
                0x1000ef94       0x14 CMakeFiles/picotcpserver_poll.dir/C_/Users/Matt/.pico-sdk/sdk/2.2.0/src/rp2_common/pico_runtime_init/runtime_init.c.obj
                0x1000ef94                runtime_init_bootrom_reset
 .text.runtime_init_per_core_bootrom_reset
                0x1000efa8       0x14 CMakeFiles/picotcpserver_poll.dir/C_/Users/Matt/.pico-sdk/sdk/2.2.0/src/rp2_common/pico_runtime_init/runtime_init.c.obj
                0x1000efa8                runtime_init_per_core_bootrom_reset
 .text.runtime_init_spin_locks_reset
                0x1000efbc        0x4 CMakeFiles/picotcpserver_poll.dir/C_/Users/Matt/.pico-sdk/sdk/2.2.0/src/rp2_common/pico_runtime_init/runtime_init.c.obj
                0x1000efbc                runtime_init_spin_locks_reset
 .text.runtime_init_install_ram_vector_table
                0x1000efc0       0x68 CMakeFiles/picotcpserver_poll.dir/C_/Users/Matt/.pico-sdk/sdk/2.2.0/src/rp2_common/pico_runtime_init/runtime_init.c.obj
                0x1000efc0                runtime_init_install_ram_vector_table
 .text.runtime_init_clocks
                0x1000f028       0xdc CMakeFiles/picotcpserver_poll.dir/C_/Users/Matt/.pico-sdk/sdk/2.2.0/src/rp2_common/pico_runtime_init/runtime_init_clocks.c.obj
                0x1000f028                runtime_init_clocks
 .text.__rp2350_dcp_engaged_state_save_restore
                0x1000f104       0x3a CMakeFiles/picotcpserver_poll.dir/C_/Users/Matt/.pico-sdk/sdk/2.2.0/src/rp2_common/pico_double/double_aeabi_dcp.S.obj
 *fill*         0x1000f13e        0x2 
 .text.__wrap___aeabi_dadd
                0x1000f140       0x28 CMakeFiles/picotcpserver_poll.dir/C_/Users/Matt/.pico-sdk/sdk/2.2.0/src/rp2_common/pico_double/double_aeabi_dcp.S.obj
                0x1000f148                __wrap___aeabi_dadd
 .text.__wrap___aeabi_dsub
                0x1000f168       0x28 CMakeFiles/picotcpserver_poll.dir/C_/Users/Matt/.pico-sdk/sdk/2.2.0/src/rp2_common/pico_double/double_aeabi_dcp.S.obj
                0x1000f170                __wrap___aeabi_dsub
 .text.__wrap___aeabi_dmul
                0x1000f190       0x4c CMakeFiles/picotcpserver_poll.dir/C_/Users/Matt/.pico-sdk/sdk/2.2.0/src/rp2_common/pico_double/double_aeabi_dcp.S.obj
                0x1000f198                __wrap___aeabi_dmul
 .text.__wrap___aeabi_ddiv
                0x1000f1dc       0x9c CMakeFiles/picotcpserver_poll.dir/C_/Users/Matt/.pico-sdk/sdk/2.2.0/src/rp2_common/pico_double/double_aeabi_dcp.S.obj
                0x1000f1e4                __wrap___aeabi_ddiv
 .text.__wrap___aeabi_i2d
                0x1000f278       0x24 CMakeFiles/picotcpserver_poll.dir/C_/Users/Matt/.pico-sdk/sdk/2.2.0/src/rp2_common/pico_double/double_aeabi_dcp.S.obj
                0x1000f280                int2double
                0x1000f280                __wrap___aeabi_i2d
 .text.__wrap___aeabi_ui2d
                0x1000f29c       0x24 CMakeFiles/picotcpserver_poll.dir/C_/Users/Matt/.pico-sdk/sdk/2.2.0/src/rp2_common/pico_double/double_aeabi_dcp.S.obj
                0x1000f2a4                uint2double
                0x1000f2a4                __wrap___aeabi_ui2d
 .text.__wrap___aeabi_d2iz
                0x1000f2c0       0x24 CMakeFiles/picotcpserver_poll.dir/C_/Users/Matt/.pico-sdk/sdk/2.2.0/src/rp2_common/pico_double/double_aeabi_dcp.S.obj
                0x1000f2c8                double2int_z
                0x1000f2c8                __wrap___aeabi_d2iz
 .text.__wrap___aeabi_d2uiz
                0x1000f2e4       0x24 CMakeFiles/picotcpserver_poll.dir/C_/Users/Matt/.pico-sdk/sdk/2.2.0/src/rp2_common/pico_double/double_aeabi_dcp.S.obj
                0x1000f2ec                double2uint
                0x1000f2ec                __wrap___aeabi_d2uiz
                0x1000f2ec                double2uint_z
 .text.__wrap___aeabi_dcmpun
                0x1000f308       0x24 CMakeFiles/picotcpserver_poll.dir/C_/Users/Matt/.pico-sdk/sdk/2.2.0/src/rp2_common/pico_double/double_aeabi_dcp.S.obj
                0x1000f310                __wrap___aeabi_dcmpun
 .text.__wrap___aeabi_dcmplt
                0x1000f32c       0x28 CMakeFiles/picotcpserver_poll.dir/C_/Users/Matt/.pico-sdk/sdk/2.2.0/src/rp2_common/pico_double/double_aeabi_dcp.S.obj
                0x1000f334                __wrap___aeabi_dcmplt
 .text.__wrap___aeabi_dcmple
                0x1000f354       0x28 CMakeFiles/picotcpserver_poll.dir/C_/Users/Matt/.pico-sdk/sdk/2.2.0/src/rp2_common/pico_double/double_aeabi_dcp.S.obj
                0x1000f35c                __wrap___aeabi_dcmple
 .text.__wrap___aeabi_dcmpge
                0x1000f37c       0x28 CMakeFiles/picotcpserver_poll.dir/C_/Users/Matt/.pico-sdk/sdk/2.2.0/src/rp2_common/pico_double/double_aeabi_dcp.S.obj
                0x1000f384                __wrap___aeabi_dcmpge
 .text.__wrap___aeabi_dcmpgt
                0x1000f3a4       0x28 CMakeFiles/picotcpserver_poll.dir/C_/Users/Matt/.pico-sdk/sdk/2.2.0/src/rp2_common/pico_double/double_aeabi_dcp.S.obj
                0x1000f3ac                __wrap___aeabi_dcmpgt
 .text.__wrap_malloc
                0x1000f3cc       0x24 CMakeFiles/picotcpserver_poll.dir/C_/Users/Matt/.pico-sdk/sdk/2.2.0/src/rp2_common/pico_malloc/malloc.c.obj
                0x1000f3cc                __wrap_malloc
 .text.__wrap_free
                0x1000f3f0        0x4 CMakeFiles/picotcpserver_poll.dir/C_/Users/Matt/.pico-sdk/sdk/2.2.0/src/rp2_common/pico_malloc/malloc.c.obj
                0x1000f3f0                __wrap_free
 .text._out_null
                0x1000f3f4        0x4 CMakeFiles/picotcpserver_poll.dir/C_/Users/Matt/.pico-sdk/sdk/2.2.0/src/rp2_common/pico_printf/printf.c.obj
 .text._out_rev
                0x1000f3f8       0x9c CMakeFiles/picotcpserver_poll.dir/C_/Users/Matt/.pico-sdk/sdk/2.2.0/src/rp2_common/pico_printf/printf.c.obj
 .text._ntoa_format
                0x1000f494      0x1d4 CMakeFiles/picotcpserver_poll.dir/C_/Users/Matt/.pico-sdk/sdk/2.2.0/src/rp2_common/pico_printf/printf.c.obj
 .text._out_char
                0x1000f668        0x8 CMakeFiles/picotcpserver_poll.dir/C_/Users/Matt/.pico-sdk/sdk/2.2.0/src/rp2_common/pico_printf/printf.c.obj
 .text._out_fct
                0x1000f670        0xc CMakeFiles/picotcpserver_poll.dir/C_/Users/Matt/.pico-sdk/sdk/2.2.0/src/rp2_common/pico_printf/printf.c.obj
 *fill*         0x1000f67c        0x4 
 .text._ftoa    0x1000f680      0x4bc CMakeFiles/picotcpserver_poll.dir/C_/Users/Matt/.pico-sdk/sdk/2.2.0/src/rp2_common/pico_printf/printf.c.obj
 *fill*         0x1000fb3c        0x4 
 .text._etoa    0x1000fb40      0x574 CMakeFiles/picotcpserver_poll.dir/C_/Users/Matt/.pico-sdk/sdk/2.2.0/src/rp2_common/pico_printf/printf.c.obj
 .text._vsnprintf
                0x100100b4      0x9e4 CMakeFiles/picotcpserver_poll.dir/C_/Users/Matt/.pico-sdk/sdk/2.2.0/src/rp2_common/pico_printf/printf.c.obj
 .text.vfctprintf
                0x10010a98       0x28 CMakeFiles/picotcpserver_poll.dir/C_/Users/Matt/.pico-sdk/sdk/2.2.0/src/rp2_common/pico_printf/printf.c.obj
                0x10010a98                vfctprintf
 .text.weak_raw_vprintf
                0x10010ac0       0x30 CMakeFiles/picotcpserver_poll.dir/C_/Users/Matt/.pico-sdk/sdk/2.2.0/src/rp2_common/pico_printf/printf.c.obj
                0x10010ac0                weak_raw_vprintf
 .text._exit    0x10010af0        0x4 CMakeFiles/picotcpserver_poll.dir/C_/Users/Matt/.pico-sdk/sdk/2.2.0/src/rp2_common/pico_clib_interface/newlib_interface.c.obj
                0x10010af0                _exit
 .text._sbrk    0x10010af4       0x2c CMakeFiles/picotcpserver_poll.dir/C_/Users/Matt/.pico-sdk/sdk/2.2.0/src/rp2_common/pico_clib_interface/newlib_interface.c.obj
                0x10010af4                _sbrk
 .text.exit     0x10010b20        0x8 CMakeFiles/picotcpserver_poll.dir/C_/Users/Matt/.pico-sdk/sdk/2.2.0/src/rp2_common/pico_clib_interface/newlib_interface.c.obj
                0x10010b20                exit
 .text.runtime_init
                0x10010b28       0x24 CMakeFiles/picotcpserver_poll.dir/C_/Users/Matt/.pico-sdk/sdk/2.2.0/src/rp2_common/pico_clib_interface/newlib_interface.c.obj
                0x10010b28                runtime_init
 .text.stdio_out_chars_no_crlf
                0x10010b4c        0x8 CMakeFiles/picotcpserver_poll.dir/C_/Users/Matt/.pico-sdk/sdk/2.2.0/src/rp2_common/pico_stdio/stdio.c.obj
 .text.stdio_out_chars_crlf
                0x10010b54       0xb0 CMakeFiles/picotcpserver_poll.dir/C_/Users/Matt/.pico-sdk/sdk/2.2.0/src/rp2_common/pico_stdio/stdio.c.obj
 .text.stdio_buffered_printer
                0x10010c04       0x60 CMakeFiles/picotcpserver_poll.dir/C_/Users/Matt/.pico-sdk/sdk/2.2.0/src/rp2_common/pico_stdio/stdio.c.obj
 .text.stdio_put_string
                0x10010c64       0xec CMakeFiles/picotcpserver_poll.dir/C_/Users/Matt/.pico-sdk/sdk/2.2.0/src/rp2_common/pico_stdio/stdio.c.obj
                0x10010c64                stdio_put_string
 .text.stdio_set_driver_enabled
                0x10010d50       0x28 CMakeFiles/picotcpserver_poll.dir/C_/Users/Matt/.pico-sdk/sdk/2.2.0/src/rp2_common/pico_stdio/stdio.c.obj
                0x10010d50                stdio_set_driver_enabled
 .text.stdio_init_all
                0x10010d78        0xc CMakeFiles/picotcpserver_poll.dir/C_/Users/Matt/.pico-sdk/sdk/2.2.0/src/rp2_common/pico_stdio/stdio.c.obj
                0x10010d78                stdio_init_all
 .text.__wrap_putchar
                0x10010d84       0x84 CMakeFiles/picotcpserver_poll.dir/C_/Users/Matt/.pico-sdk/sdk/2.2.0/src/rp2_common/pico_stdio/stdio.c.obj
                0x10010d84                __wrap_putchar
                0x10010d84                stdio_putchar
 .text.__wrap_puts
                0x10010e08       0x3c CMakeFiles/picotcpserver_poll.dir/C_/Users/Matt/.pico-sdk/sdk/2.2.0/src/rp2_common/pico_stdio/stdio.c.obj
                0x10010e08                stdio_puts
                0x10010e08                __wrap_puts
 .text.__wrap_vprintf
                0x10010e44       0xc4 CMakeFiles/picotcpserver_poll.dir/C_/Users/Matt/.pico-sdk/sdk/2.2.0/src/rp2_common/pico_stdio/stdio.c.obj
                0x10010e44                stdio_vprintf
                0x10010e44                __wrap_vprintf
 .text.__wrap_printf
                0x10010f08       0x1c CMakeFiles/picotcpserver_poll.dir/C_/Users/Matt/.pico-sdk/sdk/2.2.0/src/rp2_common/pico_stdio/stdio.c.obj
                0x10010f08                __wrap_printf
                0x10010f08                stdio_printf
 .text.stdio_uart_out_chars
                0x10010f24       0x50 CMakeFiles/picotcpserver_poll.dir/C_/Users/Matt/.pico-sdk/sdk/2.2.0/src/rp2_common/pico_stdio_uart/stdio_uart.c.obj
 .text.stdio_uart_in_chars
                0x10010f74       0x94 CMakeFiles/picotcpserver_poll.dir/C_/Users/Matt/.pico-sdk/sdk/2.2.0/src/rp2_common/pico_stdio_uart/stdio_uart.c.obj
                0x10010f74                stdio_uart_in_chars
 .text.on_uart_rx
                0x10011008       0x24 CMakeFiles/picotcpserver_poll.dir/C_/Users/Matt/.pico-sdk/sdk/2.2.0/src/rp2_common/pico_stdio_uart/stdio_uart.c.obj
 .text.stdio_uart_out_flush
                0x1001102c       0x10 CMakeFiles/picotcpserver_poll.dir/C_/Users/Matt/.pico-sdk/sdk/2.2.0/src/rp2_common/pico_stdio_uart/stdio_uart.c.obj
 .text.stdio_uart_set_chars_available_callback
                0x1001103c       0x88 CMakeFiles/picotcpserver_poll.dir/C_/Users/Matt/.pico-sdk/sdk/2.2.0/src/rp2_common/pico_stdio_uart/stdio_uart.c.obj
 .text.stdio_uart_init
                0x100110c4       0x54 CMakeFiles/picotcpserver_poll.dir/C_/Users/Matt/.pico-sdk/sdk/2.2.0/src/rp2_common/pico_stdio_uart/stdio_uart.c.obj
                0x100110c4                stdio_uart_init
 .text.malloc   0x10011118       0x10 C:/Users/Matt/.pico-sdk/toolchain/14_2_Rel1/bin/../lib/gcc/arm-none-eabi/14.2.1/thumb/v8-m.main+fp/softfp\libg.a(libc_a-malloc.o)
                0x10011118                malloc
 .text.free     0x10011128       0x10 C:/Users/Matt/.pico-sdk/toolchain/14_2_Rel1/bin/../lib/gcc/arm-none-eabi/14.2.1/thumb/v8-m.main+fp/softfp\libg.a(libc_a-malloc.o)
                0x10011128                free
 .text._malloc_r
                0x10011138      0x578 C:/Users/Matt/.pico-sdk/toolchain/14_2_Rel1/bin/../lib/gcc/arm-none-eabi/14.2.1/thumb/v8-m.main+fp/softfp\libg.a(libc_a-mallocr.o)
                0x10011138                _malloc_r
 .text.__malloc_lock
                0x100116b0        0xc C:/Users/Matt/.pico-sdk/toolchain/14_2_Rel1/bin/../lib/gcc/arm-none-eabi/14.2.1/thumb/v8-m.main+fp/softfp\libg.a(libc_a-mlock.o)
                0x100116b0                __malloc_lock
 .text.__malloc_unlock
                0x100116bc        0xc C:/Users/Matt/.pico-sdk/toolchain/14_2_Rel1/bin/../lib/gcc/arm-none-eabi/14.2.1/thumb/v8-m.main+fp/softfp\libg.a(libc_a-mlock.o)
                0x100116bc                __malloc_unlock
 .text.memcmp   0x100116c8       0x5c C:/Users/Matt/.pico-sdk/toolchain/14_2_Rel1/bin/../lib/gcc/arm-none-eabi/14.2.1/thumb/v8-m.main+fp/softfp\libg.a(libc_a-memcmp.o)
                0x100116c8                memcmp
 .text.memmove  0x10011724       0xfc C:/Users/Matt/.pico-sdk/toolchain/14_2_Rel1/bin/../lib/gcc/arm-none-eabi/14.2.1/thumb/v8-m.main+fp/softfp\libg.a(libc_a-memmove.o)
                0x10011724                memmove
 .text.memset   0x10011820       0x9c C:/Users/Matt/.pico-sdk/toolchain/14_2_Rel1/bin/../lib/gcc/arm-none-eabi/14.2.1/thumb/v8-m.main+fp/softfp\libg.a(libc_a-memset.o)
                0x10011820                memset
 .text.strncmp  0x100118bc       0x74 C:/Users/Matt/.pico-sdk/toolchain/14_2_Rel1/bin/../lib/gcc/arm-none-eabi/14.2.1/thumb/v8-m.main+fp/softfp\libg.a(libc_a-strncmp.o)
                0x100118bc                strncmp
 .text._sbrk_r  0x10011930       0x24 C:/Users/Matt/.pico-sdk/toolchain/14_2_Rel1/bin/../lib/gcc/arm-none-eabi/14.2.1/thumb/v8-m.main+fp/softfp\libg.a(libc_a-sbrkr.o)
                0x10011930                _sbrk_r
 .text.__errno  0x10011954        0xc C:/Users/Matt/.pico-sdk/toolchain/14_2_Rel1/bin/../lib/gcc/arm-none-eabi/14.2.1/thumb/v8-m.main+fp/softfp\libg.a(libc_a-errno.o)
                0x10011954                __errno
 .text.__retarget_lock_acquire_recursive
                0x10011960        0x4 C:/Users/Matt/.pico-sdk/toolchain/14_2_Rel1/bin/../lib/gcc/arm-none-eabi/14.2.1/thumb/v8-m.main+fp/softfp\libg.a(libc_a-lock.o)
                0x10011960                __retarget_lock_acquire_recursive
 .text.__retarget_lock_release_recursive
                0x10011964        0x4 C:/Users/Matt/.pico-sdk/toolchain/14_2_Rel1/bin/../lib/gcc/arm-none-eabi/14.2.1/thumb/v8-m.main+fp/softfp\libg.a(libc_a-lock.o)
                0x10011964                __retarget_lock_release_recursive
 .text.sysconf  0x10011968       0x1c C:/Users/Matt/.pico-sdk/toolchain/14_2_Rel1/bin/../lib/gcc/arm-none-eabi/14.2.1/thumb/v8-m.main+fp/softfp\libg.a(libc_a-sysconf.o)
                0x10011968                sysconf
 .text          0x10011984       0xec C:/Users/Matt/.pico-sdk/toolchain/14_2_Rel1/bin/../lib/gcc/arm-none-eabi/14.2.1/thumb/v8-m.main+fp/softfp\libg.a(libc_a-memcpy.o)
                0x10011984                memcpy
 .text.strlen   0x10011a70       0x5c C:/Users/Matt/.pico-sdk/toolchain/14_2_Rel1/bin/../lib/gcc/arm-none-eabi/14.2.1/thumb/v8-m.main+fp/softfp\libg.a(libc_a-strlen-stub.o)