Archive member included to satisfy reference by file (symbol)

C:/Users/Matt/.pico-sdk/toolchain/14_2_Rel1/bin/../lib/gcc/arm-none-eabi/14.2.1/thumb/v8-m.main+fp/softfp\libm.a(libm_a-wf_sqrt.o)
                              CMakeFiles/picow_tcpip_server_background.dir/C_/Users/Matt/.pico-sdk/sdk/2.2.0/src/rp2_common/pico_float/float_math.c.obj (sqrtf)
C:/Users/Matt/.pico-sdk/toolchain/14_2_Rel1/bin/../lib/gcc/arm-none-eabi/14.2.1/thumb/v8-m.main+fp/softfp\libm.a(libm_a-ef_sqrt.o)
                              C:/Users/Matt/.pico-sdk/toolchain/14_2_Rel1/bin/../lib/gcc/arm-none-eabi/14.2.1/thumb/v8-m.main+fp/softfp\libm.a(libm_a-wf_sqrt.o) (__ieee754_sqrtf)
C:/Users/Matt/.pico-sdk/toolchain/14_2_Rel1/bin/../lib/gcc/arm-none-eabi/14.2.1/thumb/v8-m.main+fp/softfp\libgcc.a(_arm_addsubdf3.o)
                              CMakeFiles/picow_tcpip_server_background.dir/C_/Users/Matt/.pico-sdk/sdk/2.2.0/src/rp2_common/pico_float/float_math.c.obj (__aeabi_f2d)
C:/Users/Matt/.pico-sdk/toolchain/14_2_Rel1/bin/../lib/gcc/arm-none-eabi/14.2.1/thumb/v8-m.main+fp/softfp\libgcc.a(_aeabi_ldivmod.o)
                              CMakeFiles/picow_tcpip_server_background.dir/C_/Users/Matt/.pico-sdk/sdk/2.2.0/src/common/pico_time/time.c.obj (__aeabi_ldivmod)
C:/Users/Matt/.pico-sdk/toolchain/14_2_Rel1/bin/../lib/gcc/arm-none-eabi/14.2.1/thumb/v8-m.main+fp/softfp\libgcc.a(_aeabi_uldivmod.o)
                              CMakeFiles/picow_tcpip_server_background.dir/C_/Users/Matt/.pico-sdk/sdk/2.2.0/src/rp2_common/pico_lwip/lwip_nosys.c.obj (__aeabi_uldivmod)
C:/Users/Matt/.pico-sdk/toolchain/14_2_Rel1/bin/../lib/gcc/arm-none-eabi/14.2.1/thumb/v8-m.main+fp/softfp\libgcc.a(_udivmoddi4.o)
                              C:/Users/Matt/.pico-sdk/toolchain/14_2_Rel1/bin/../lib/gcc/arm-none-eabi/14.2.1/thumb/v8-m.main+fp/softfp\libgcc.a(_aeabi_ldivmod.o) (__udivmoddi4)
C:/Users/Matt/.pico-sdk/toolchain/14_2_Rel1/bin/../lib/gcc/arm-none-eabi/14.2.1/thumb/v8-m.main+fp/softfp\libgcc.a(_dvmd_tls.o)
                              C:/Users/Matt/.pico-sdk/toolchain/14_2_Rel1/bin/../lib/gcc/arm-none-eabi/14.2.1/thumb/v8-m.main+fp/softfp\libgcc.a(_aeabi_ldivmod.o) (__aeabi_ldiv0)
C:/Users/Matt/.pico-sdk/toolchain/14_2_Rel1/bin/../lib/gcc/arm-none-eabi/14.2.1/thumb/v8-m.main+fp/softfp\libg.a(libc_a-atoi.o)
                              CMakeFiles/picow_tcpip_server_background.dir/C_/Users/Matt/.pico-sdk/sdk/2.2.0/lib/lwip/src/core/netif.c.obj (atoi)
C:/Users/Matt/.pico-sdk/toolchain/14_2_Rel1/bin/../lib/gcc/arm-none-eabi/14.2.1/thumb/v8-m.main+fp/softfp\libg.a(libc_a-calloc.o)
                              CMakeFiles/picow_tcpip_server_background.dir/C_/Users/Matt/.pico-sdk/sdk/2.2.0/src/rp2_common/pico_malloc/malloc.c.obj (calloc)
C:/Users/Matt/.pico-sdk/toolchain/14_2_Rel1/bin/../lib/gcc/arm-none-eabi/14.2.1/thumb/v8-m.main+fp/softfp\libg.a(libc_a-callocr.o)
                              C:/Users/Matt/.pico-sdk/toolchain/14_2_Rel1/bin/../lib/gcc/arm-none-eabi/14.2.1/thumb/v8-m.main+fp/softfp\libg.a(libc_a-calloc.o) (_calloc_r)
C:/Users/Matt/.pico-sdk/toolchain/14_2_Rel1/bin/../lib/gcc/arm-none-eabi/14.2.1/thumb/v8-m.main+fp/softfp\libg.a(libc_a-malloc.o)
                              CMakeFiles/picow_tcpip_server_background.dir/C_/Users/Matt/.pico-sdk/sdk/2.2.0/src/rp2_common/pico_malloc/malloc.c.obj (malloc)
C:/Users/Matt/.pico-sdk/toolchain/14_2_Rel1/bin/../lib/gcc/arm-none-eabi/14.2.1/thumb/v8-m.main+fp/softfp\libg.a(libc_a-mallocr.o)
                              C:/Users/Matt/.pico-sdk/toolchain/14_2_Rel1/bin/../lib/gcc/arm-none-eabi/14.2.1/thumb/v8-m.main+fp/softfp\libg.a(libc_a-callocr.o) (_malloc_r)
C:/Users/Matt/.pico-sdk/toolchain/14_2_Rel1/bin/../lib/gcc/arm-none-eabi/14.2.1/thumb/v8-m.main+fp/softfp\libg.a(libc_a-mlock.o)
                              C:/Users/Matt/.pico-sdk/toolchain/14_2_Rel1/bin/../lib/gcc/arm-none-eabi/14.2.1/thumb/v8-m.main+fp/softfp\libg.a(libc_a-mallocr.o) (__malloc_lock)
C:/Users/Matt/.pico-sdk/toolchain/14_2_Rel1/bin/../lib/gcc/arm-none-eabi/14.2.1/thumb/v8-m.main+fp/softfp\libg.a(libc_a-realloc.o)
                              CMakeFiles/picow_tcpip_server_background.dir/C_/Users/Matt/.pico-sdk/sdk/2.2.0/src/rp2_common/pico_malloc/malloc.c.obj (realloc)
C:/Users/Matt/.pico-sdk/toolchain/14_2_Rel1/bin/../lib/gcc/arm-none-eabi/14.2.1/thumb/v8-m.main+fp/softfp\libg.a(libc_a-reallocr.o)
                              C:/Users/Matt/.pico-sdk/toolchain/14_2_Rel1/bin/../lib/gcc/arm-none-eabi/14.2.1/thumb/v8-m.main+fp/softfp\libg.a(libc_a-realloc.o) (_realloc_r)
C:/Users/Matt/.pico-sdk/toolchain/14_2_Rel1/bin/../lib/gcc/arm-none-eabi/14.2.1/thumb/v8-m.main+fp/softfp\libg.a(libc_a-strtol.o)
                              C:/Users/Matt/.pico-sdk/toolchain/14_2_Rel1/bin/../lib/gcc/arm-none-eabi/14.2.1/thumb/v8-m.main+fp/softfp\libg.a(libc_a-atoi.o) (_strtol_r)
C:/Users/Matt/.pico-sdk/toolchain/14_2_Rel1/bin/../lib/gcc/arm-none-eabi/14.2.1/thumb/v8-m.main+fp/softfp\libg.a(libc_a-ctype_.o)
[...]
Memory Configuration

Name             Origin             Length             Attributes
FLASH            0x10000000         0x00400000         xr
RAM              0x20000000         0x00080000         xrw
SCRATCH_X        0x20080000         0x00001000         xrw
SCRATCH_Y        0x20081000         0x00001000         xrw
*default*        0x00000000         0xffffffff

Linker script and memory map

LOAD C:/Users/Matt/.pico-sdk/toolchain/14_2_Rel1/bin/../lib/gcc/arm-none-eabi/14.2.1/thumb/v8-m.main+fp/softfp/crti.o
LOAD C:/Users/Matt/.pico-sdk/toolchain/14_2_Rel1/bin/../lib/gcc/arm-none-eabi/14.2.1/thumb/v8-m.main+fp/softfp/crtbegin.o
LOAD C:/Users/Matt/.pico-sdk/toolchain/14_2_Rel1/bin/../lib/gcc/arm-none-eabi/14.2.1/thumb/v8-m.main+fp/softfp/crt0.o

.flash_begin    0x10000000        0x0
                0x10000000                        __flash_binary_start = .

.text           0x10000000    0x11e50
                0x10000000                        __logical_binary_start = .
 *(.vectors)
 .vectors       0x10000000      0x124 CMakeFiles/picow_tcpip_server_background.dir/C_/Users/Matt/.pico-sdk/sdk/2.2.0/src/rp2_common/pico_crt0/crt0.S.obj
                0x10000000                __VECTOR_TABLE
                0x10000000                __vectors
                0x10000110                __unhandled_user_irq
                0x10000110                isr_irq49
                0x10000110                isr_irq13
                0x10000110                isr_irq43
                0x10000110                isr_irq45
                0x10000110                isr_irq27
                0x10000110                isr_irq32
                0x10000110                isr_irq31
                0x10000110                isr_irq12
                0x10000110                isr_irq5
                0x10000110                isr_irq11
                0x10000110                isr_irq3
                0x10000110                isr_irq23
                0x10000110                isr_usagefault
                0x10000110                isr_irq48
                0x10000110                isr_irq30
                0x10000110                isr_irq18
                0x10000110                isr_irq50
                0x10000110                isr_irq33
                0x10000110                isr_irq40
                0x10000110                isr_irq28
                0x10000110                isr_irq19
                0x10000110                isr_irq36
                0x10000110                isr_irq41
                0x10000110                isr_irq0
                0x10000110                isr_irq6
                0x10000110                isr_irq26
                0x10000110                isr_irq29
                0x10000110                isr_memmanage
                0x10000110                isr_irq37
                0x10000110                isr_irq42
                0x10000110                isr_irq22
                0x10000110                isr_irq35
                0x10000110                isr_irq17
                0x10000110                isr_irq38
                0x10000110                isr_irq14
                0x10000110                __vectors_end
                0x10000110                __default_isrs_start
                0x10000110                isr_irq2
                0x10000110                isr_irq10
                0x10000110                isr_irq8
                0x10000110                isr_debugmonitor
                0x10000110                isr_irq24
                0x10000110                isr_irq46
                0x10000110                isr_irq1
                0x10000110                isr_irq47
                0x10000110                isr_irq51
                0x10000110                isr_irq7
                0x10000110                isr_irq21
                0x10000110                isr_irq39
                0x10000110                isr_irq20
                0x10000110                isr_irq15
                0x10000110                isr_irq25
                0x10000110                isr_irq34
                0x10000110                isr_irq44
                0x10000110                isr_securefault
                0x10000110                isr_irq4
                0x10000110                isr_busfault
                0x10000110                isr_irq16
                0x10000110                isr_irq9
                0x10000116                unhandled_user_irq_num_in_r0
                0x10000118                isr_invalid
                0x1000011a                isr_nmi
                0x1000011c                isr_hardfault
                0x1000011e                isr_svcall
                0x10000120                isr_pendsv
                0x10000122                isr_systick
                0x10000124                __default_isrs_end
 *(.binary_info_header)
 .binary_info_header
                0x10000124       0x14 CMakeFiles/picow_tcpip_server_background.dir/C_/Users/Matt/.pico-sdk/sdk/2.2.0/src/rp2_common/pico_crt0/crt0.S.obj
                0x10000138                        __binary_info_header_end = .
 *(.embedded_block)
 .embedded_block
                0x10000138       0x14 CMakeFiles/picow_tcpip_server_background.dir/C_/Users/Matt/.pico-sdk/sdk/2.2.0/src/rp2_common/pico_crt0/crt0.S.obj
                0x1000014c                        __embedded_block_end = .
 *(.reset)
 .reset         0x1000014c       0x98 CMakeFiles/picow_tcpip_server_background.dir/C_/Users/Matt/.pico-sdk/sdk/2.2.0/src/rp2_common/pico_crt0/crt0.S.obj
                0x1000014c                _entry_point
 *(.init)
 .init          0x100001e4        0x4 C:/Users/Matt/.pico-sdk/toolchain/14_2_Rel1/bin/../lib/gcc/arm-none-eabi/14.2.1/thumb/v8-m.main+fp/softfp/crti.o
                0x100001e4                _init
 SORT_BY_NAME(REVERSE(*libgcc.a:cmse_nonsecure_call.o))()
 *(EXCLUDE_FILE(*libm.a: *libc.a:*lib_a-mem*.o *libgcc.a:) .text*)
 .text.register_tm_clones
                0x100001e8       0x28 C:/Users/Matt/.pico-sdk/toolchain/14_2_Rel1/bin/../lib/gcc/arm-none-eabi/14.2.1/thumb/v8-m.main+fp/softfp/crtbegin.o
 .text.frame_dummy
                0x10000210       0x24 C:/Users/Matt/.pico-sdk/toolchain/14_2_Rel1/bin/../lib/gcc/arm-none-eabi/14.2.1/thumb/v8-m.main+fp/softfp/crtbegin.o
 .text.tcp_accept_cb
                0x10000234       0x6c CMakeFiles/picow_tcpip_server_background.dir/picotcpserver.c.obj
 .text.tcp_recv_cb
                0x100002a0       0x58 CMakeFiles/picow_tcpip_server_background.dir/picotcpserver.c.obj
 .text.start_tcp_server
                0x100002f8       0x5c CMakeFiles/picow_tcpip_server_background.dir/picotcpserver.c.obj
                0x100002f8                start_tcp_server
 .text.configure_static_ip
                0x10000354       0x3c CMakeFiles/picow_tcpip_server_background.dir/picotcpserver.c.obj
                0x10000354                configure_static_ip
 .text.startup.main
                0x10000390       0x5c CMakeFiles/picow_tcpip_server_background.dir/picotcpserver.c.obj
                0x10000390                main
 .text.lwip_timeout_reached
                0x100003ec        0x4 CMakeFiles/picow_tcpip_server_background.dir/C_/Users/Matt/.pico-sdk/sdk/2.2.0/src/rp2_common/pico_lwip/lwip_nosys.c.obj
 .text.update_next_timeout
                0x100003f0       0x5c CMakeFiles/picow_tcpip_server_background.dir/C_/Users/Matt/.pico-sdk/sdk/2.2.0/src/rp2_common/pico_lwip/lwip_nosys.c.obj
 .text.lwip_nosys_init
                0x1000044c       0x30 CMakeFiles/picow_tcpip_server_background.dir/C_/Users/Matt/.pico-sdk/sdk/2.2.0/src/rp2_common/pico_lwip/lwip_nosys.c.obj
                0x1000044c                lwip_nosys_init
 .text.lwip_nosys_deinit
                0x1000047c       0x24 CMakeFiles/picow_tcpip_server_background.dir/C_/Users/Matt/.pico-sdk/sdk/2.2.0/src/rp2_common/pico_lwip/lwip_nosys.c.obj
                0x1000047c                lwip_nosys_deinit
 .text.sys_arch_protect
                0x100004a0        0x4 CMakeFiles/picow_tcpip_server_background.dir/C_/Users/Matt/.pico-sdk/sdk/2.2.0/src/rp2_common/pico_lwip/lwip_nosys.c.obj
                0x100004a0                sys_arch_protect
 .text.sys_arch_unprotect
                0x100004a4        0x4 CMakeFiles/picow_tcpip_server_background.dir/C_/Users/Matt/.pico-sdk/sdk/2.2.0/src/rp2_common/pico_lwip/lwip_nosys.c.obj
                0x100004a4                sys_arch_unprotect
 .text.sys_now  0x100004a8       0x24 CMakeFiles/picow_tcpip_server_background.dir/C_/Users/Matt/.pico-sdk/sdk/2.2.0/src/rp2_common/pico_lwip/lwip_nosys.c.obj
                0x100004a8                sys_now
 .text.async_context_base_add_at_time_worker
                0x100004cc       0x24 CMakeFiles/picow_tcpip_server_background.dir/C_/Users/Matt/.pico-sdk/sdk/2.2.0/src/rp2_common/pico_async_context/async_context_base.c.obj
                0x100004cc                async_context_base_add_at_time_worker
 .text.async_context_base_remove_at_time_worker
                0x100004f0       0x20 CMakeFiles/picow_tcpip_server_background.dir/C_/Users/Matt/.pico-sdk/sdk/2.2.0/src/rp2_common/pico_async_context/async_context_base.c.obj
                0x100004f0                async_context_base_remove_at_time_worker
 .text.async_context_base_add_when_pending_worker
                0x10000510       0x20 CMakeFiles/picow_tcpip_server_background.dir/C_/Users/Matt/.pico-sdk/sdk/2.2.0/src/rp2_common/pico_async_context/async_context_base.c.obj
                0x10000510                async_context_base_add_when_pending_worker
 .text.async_context_base_remove_when_pending_worker
                0x10000530       0x20 CMakeFiles/picow_tcpip_server_background.dir/C_/Users/Matt/.pico-sdk/sdk/2.2.0/src/rp2_common/pico_async_context/async_context_base.c.obj
                0x10000530                async_context_base_remove_when_pending_worker
 .text.async_context_base_execute_once
                0x10000550       0xd8 CMakeFiles/picow_tcpip_server_background.dir/C_/Users/Matt/.pico-sdk/sdk/2.2.0/src/rp2_common/pico_async_context/async_context_base.c.obj
                0x10000550                async_context_base_execute_once
 .text.panic    0x10000628       0x30 CMakeFiles/picow_tcpip_server_background.dir/C_/Users/Matt/.pico-sdk/sdk/2.2.0/src/rp2_common/pico_platform_panic/panic.c.obj
                0x10000628                panic
 .text.splitmix64
                0x10000658       0x70 CMakeFiles/picow_tcpip_server_background.dir/C_/Users/Matt/.pico-sdk/sdk/2.2.0/src/rp2_common/pico_rand/rand.c.obj
 .text.capture_additional_trng_samples
                0x100006c8       0xa0 CMakeFiles/picow_tcpip_server_background.dir/C_/Users/Matt/.pico-sdk/sdk/2.2.0/src/rp2_common/pico_rand/rand.c.obj
 .text.xoroshiro128ss
                0x10000768       0x8c CMakeFiles/picow_tcpip_server_background.dir/C_/Users/Matt/.pico-sdk/sdk/2.2.0/src/rp2_common/pico_rand/rand.c.obj
 .text.get_rand_64
                0x100007f4      0x188 CMakeFiles/picow_tcpip_server_background.dir/C_/Users/Matt/.pico-sdk/sdk/2.2.0/src/rp2_common/pico_rand/rand.c.obj
                0x100007f4                get_rand_64
 .text.get_rand_32
                0x1000097c        0x8 CMakeFiles/picow_tcpip_server_background.dir/C_/Users/Matt/.pico-sdk/sdk/2.2.0/src/rp2_common/pico_rand/rand.c.obj
                0x1000097c                get_rand_32
 .text.clock_configure_undivided
                0x10000984       0xd0 CMakeFiles/picow_tcpip_server_background.dir/C_/Users/Matt/.pico-sdk/sdk/2.2.0/src/rp2_common/hardware_clocks/clocks.c.obj
                0x10000984                clock_configure_undivided
 .text.clock_get_hz
                0x10000a54        0xc CMakeFiles/picow_tcpip_server_background.dir/C_/Users/Matt/.pico-sdk/sdk/2.2.0/src/rp2_common/hardware_clocks/clocks.c.obj
                0x10000a54                clock_get_hz
 .text.hw_claim_lock
                0x10000a60       0x24 CMakeFiles/picow_tcpip_server_background.dir/C_/Users/Matt/.pico-sdk/sdk/2.2.0/src/common/hardware_claim/claim.c.obj
                0x10000a60                hw_claim_lock
 .text.hw_claim_unlock
                0x10000a84       0x14 CMakeFiles/picow_tcpip_server_background.dir/C_/Users/Matt/.pico-sdk/sdk/2.2.0/src/common/hardware_claim/claim.c.obj
                0x10000a84                hw_claim_unlock
 .text.hw_claim_or_assert
                0x10000a98       0x58 CMakeFiles/picow_tcpip_server_background.dir/C_/Users/Matt/.pico-sdk/sdk/2.2.0/src/common/hardware_claim/claim.c.obj
                0x10000a98                hw_claim_or_assert
 .text.hw_claim_unused_from_range
                0x10000af0       0x80 CMakeFiles/picow_tcpip_server_background.dir/C_/Users/Matt/.pico-sdk/sdk/2.2.0/src/common/hardware_claim/claim.c.obj
                0x10000af0                hw_claim_unused_from_range
 .text.hw_claim_clear
                0x10000b70       0x50 CMakeFiles/picow_tcpip_server_background.dir/C_/Users/Matt/.pico-sdk/sdk/2.2.0/src/common/hardware_claim/claim.c.obj
                0x10000b70                hw_claim_clear
 .text.next_striped_spin_lock_num
                0x10000bc0       0x18 CMakeFiles/picow_tcpip_server_background.dir/C_/Users/Matt/.pico-sdk/sdk/2.2.0/src/rp2_common/hardware_sync/sync.c.obj
                0x10000bc0                next_striped_spin_lock_num
 .text.spinlock_set_extexclall
                0x10000bd8       0x10 CMakeFiles/picow_tcpip_server_background.dir/C_/Users/Matt/.pico-sdk/sdk/2.2.0/src/rp2_common/hardware_sync_spin_lock/sync_spin_lock.c.obj
 .text.spin_locks_reset
                0x10000be8       0x18 CMakeFiles/picow_tcpip_server_background.dir/C_/Users/Matt/.pico-sdk/sdk/2.2.0/src/rp2_common/hardware_sync_spin_lock/sync_spin_lock.c.obj
                0x10000be8                spin_locks_reset
 .text.gpio_set_function
                0x10000c00       0x3c CMakeFiles/picow_tcpip_server_background.dir/C_/Users/Matt/.pico-sdk/sdk/2.2.0/src/rp2_common/hardware_gpio/gpio.c.obj
                0x10000c00                gpio_set_function
 .text.gpio_set_pulls
                0x10000c3c       0x28 CMakeFiles/picow_tcpip_server_background.dir/C_/Users/Matt/.pico-sdk/sdk/2.2.0/src/rp2_common/hardware_gpio/gpio.c.obj
                0x10000c3c                gpio_set_pulls
 .text.gpio_set_input_hysteresis_enabled
                0x10000c64       0x20 CMakeFiles/picow_tcpip_server_background.dir/C_/Users/Matt/.pico-sdk/sdk/2.2.0/src/rp2_common/hardware_gpio/gpio.c.obj
                0x10000c64                gpio_set_input_hysteresis_enabled
 .text.gpio_set_irq_enabled
                0x10000c84       0x48 CMakeFiles/picow_tcpip_server_background.dir/C_/Users/Matt/.pico-sdk/sdk/2.2.0/src/rp2_common/hardware_gpio/gpio.c.obj
                0x10000c84                gpio_set_irq_enabled
 .text.gpio_add_raw_irq_handler_with_order_priority_masked
                0x10000ccc       0x44 CMakeFiles/picow_tcpip_server_background.dir/C_/Users/Matt/.pico-sdk/sdk/2.2.0/src/rp2_common/hardware_gpio/gpio.c.obj
                0x10000ccc                gpio_add_raw_irq_handler_with_order_priority_masked
 .text.gpio_remove_raw_irq_handler_masked
                0x10000d10       0x24 CMakeFiles/picow_tcpip_server_background.dir/C_/Users/Matt/.pico-sdk/sdk/2.2.0/src/rp2_common/hardware_gpio/gpio.c.obj
                0x10000d10                gpio_remove_raw_irq_handler_masked
 .text.gpio_init
                0x10000d34       0x48 CMakeFiles/picow_tcpip_server_background.dir/C_/Users/Matt/.pico-sdk/sdk/2.2.0/src/rp2_common/hardware_gpio/gpio.c.obj
                0x10000d34                gpio_init
 .text.runtime_init_per_core_irq_priorities
                0x10000d7c       0x40 CMakeFiles/picow_tcpip_server_background.dir/C_/Users/Matt/.pico-sdk/sdk/2.2.0/src/rp2_common/hardware_irq/irq.c.obj
                0x10000d7c                runtime_init_per_core_irq_priorities
 .text.irq_set_enabled
                0x10000dbc       0x2c CMakeFiles/picow_tcpip_server_background.dir/C_/Users/Matt/.pico-sdk/sdk/2.2.0/src/rp2_common/hardware_irq/irq.c.obj
                0x10000dbc                irq_set_enabled
 .text.irq_set_pending
                0x10000de8       0x18 CMakeFiles/picow_tcpip_server_background.dir/C_/Users/Matt/.pico-sdk/sdk/2.2.0/src/rp2_common/hardware_irq/irq.c.obj
                0x10000de8                irq_set_pending
 .text.irq_set_exclusive_handler
                0x10000e00       0x60 CMakeFiles/picow_tcpip_server_background.dir/C_/Users/Matt/.pico-sdk/sdk/2.2.0/src/rp2_common/hardware_irq/irq.c.obj
                0x10000e00                irq_set_exclusive_handler
 .text.irq_add_shared_handler
                0x10000e60      0x1e8 CMakeFiles/picow_tcpip_server_background.dir/C_/Users/Matt/.pico-sdk/sdk/2.2.0/src/rp2_common/hardware_irq/irq.c.obj
                0x10000e60                irq_add_shared_handler
 .text.irq_remove_handler
                0x10001048      0x1f4 CMakeFiles/picow_tcpip_server_background.dir/C_/Users/Matt/.pico-sdk/sdk/2.2.0/src/rp2_common/hardware_irq/irq.c.obj
                0x10001048                irq_remove_handler
 .text.irq_set_priority
                0x1000123c       0x28 CMakeFiles/picow_tcpip_server_background.dir/C_/Users/Matt/.pico-sdk/sdk/2.2.0/src/rp2_common/hardware_irq/irq.c.obj
                0x1000123c                irq_set_priority
 .text.irq_add_tail_to_free_list
                0x10001264       0xbc CMakeFiles/picow_tcpip_server_background.dir/C_/Users/Matt/.pico-sdk/sdk/2.2.0/src/rp2_common/hardware_irq/irq.c.obj
                0x10001264                irq_add_tail_to_free_list
 .text.user_irq_unclaim
                0x10001320       0x10 CMakeFiles/picow_tcpip_server_background.dir/C_/Users/Matt/.pico-sdk/sdk/2.2.0/src/rp2_common/hardware_irq/irq.c.obj
                0x10001320                user_irq_unclaim
 .text.user_irq_claim_unused
                0x10001330       0x28 CMakeFiles/picow_tcpip_server_background.dir/C_/Users/Matt/.pico-sdk/sdk/2.2.0/src/rp2_common/hardware_irq/irq.c.obj
                0x10001330                user_irq_claim_unused
 .text.sem_init
                0x10001358       0x20 CMakeFiles/picow_tcpip_server_background.dir/C_/Users/Matt/.pico-sdk/sdk/2.2.0/src/common/pico_sync/sem.c.obj
                0x10001358                sem_init
 .text.lock_init
                0x10001378        0xc CMakeFiles/picow_tcpip_server_background.dir/C_/Users/Matt/.pico-sdk/sdk/2.2.0/src/common/pico_sync/lock_core.c.obj
                0x10001378                lock_init
 .text.runtime_init_mutex
                0x10001384       0x4c CMakeFiles/picow_tcpip_server_background.dir/C_/Users/Matt/.pico-sdk/sdk/2.2.0/src/common/pico_sync/mutex.c.obj
                0x10001384                runtime_init_mutex
 .text.recursive_mutex_init
                0x100013d0       0x1c CMakeFiles/picow_tcpip_server_background.dir/C_/Users/Matt/.pico-sdk/sdk/2.2.0/src/common/pico_sync/mutex.c.obj
                0x100013d0                recursive_mutex_init
 .text.sleep_until_callback
                0x100013ec       0x3c CMakeFiles/picow_tcpip_server_background.dir/C_/Users/Matt/.pico-sdk/sdk/2.2.0/src/common/pico_time/time.c.obj
 .text.alarm_pool_irq_handler
                0x10001428      0x2f0 CMakeFiles/picow_tcpip_server_background.dir/C_/Users/Matt/.pico-sdk/sdk/2.2.0/src/common/pico_time/time.c.obj
 .text.runtime_init_default_alarm_pool
                0x10001718      0x100 CMakeFiles/picow_tcpip_server_background.dir/C_/Users/Matt/.pico-sdk/sdk/2.2.0/src/common/pico_time/time.c.obj
                0x10001718                runtime_init_default_alarm_pool
 .text.alarm_pool_get_default
                0x10001818        0x8 CMakeFiles/picow_tcpip_server_background.dir/C_/Users/Matt/.pico-sdk/sdk/2.2.0/src/common/pico_time/time.c.obj
                0x10001818                alarm_pool_get_default
 .text.alarm_pool_add_alarm_at
                0x10001820       0xdc CMakeFiles/picow_tcpip_server_background.dir/C_/Users/Matt/.pico-sdk/sdk/2.2.0/src/common/pico_time/time.c.obj
                0x10001820                alarm_pool_add_alarm_at
 .text.alarm_pool_add_alarm_at_force_in_context
                0x100018fc       0xc8 CMakeFiles/picow_tcpip_server_background.dir/C_/Users/Matt/.pico-sdk/sdk/2.2.0/src/common/pico_time/time.c.obj
                0x100018fc                alarm_pool_add_alarm_at_force_in_context
 .text.alarm_pool_cancel_alarm
                0x100019c4       0x80 CMakeFiles/picow_tcpip_server_background.dir/C_/Users/Matt/.pico-sdk/sdk/2.2.0/src/common/pico_time/time.c.obj
                0x100019c4                alarm_pool_cancel_alarm
 .text.sleep_until
                0x10001a44       0xbc CMakeFiles/picow_tcpip_server_background.dir/C_/Users/Matt/.pico-sdk/sdk/2.2.0/src/common/pico_time/time.c.obj
                0x10001a44                sleep_until
 .text.sleep_ms
                0x10001b00       0xdc CMakeFiles/picow_tcpip_server_background.dir/C_/Users/Matt/.pico-sdk/sdk/2.2.0/src/common/pico_time/time.c.obj
                0x10001b00                sleep_ms
 .text.best_effort_wfe_or_timeout
                0x10001bdc       0xd4 CMakeFiles/picow_tcpip_server_background.dir/C_/Users/Matt/.pico-sdk/sdk/2.2.0/src/common/pico_time/time.c.obj
                0x10001bdc                best_effort_wfe_or_timeout
 .text.timer_hardware_alarm_claim
                0x10001cb0       0x24 CMakeFiles/picow_tcpip_server_background.dir/C_/Users/Matt/.pico-sdk/sdk/2.2.0/src/rp2_common/hardware_timer/timer.c.obj
                0x10001cb0                timer_hardware_alarm_claim
 .text.timer_time_us_64
                0x10001cd4       0x10 CMakeFiles/picow_tcpip_server_background.dir/C_/Users/Matt/.pico-sdk/sdk/2.2.0/src/rp2_common/hardware_timer/timer.c.obj
                0x10001cd4                timer_time_us_64
 .text.time_us_64
                0x10001ce4       0x14 CMakeFiles/picow_tcpip_server_background.dir/C_/Users/Matt/.pico-sdk/sdk/2.2.0/src/rp2_common/hardware_timer/timer.c.obj
                0x10001ce4                time_us_64
 .text.busy_wait_us
                0x10001cf8       0x5c CMakeFiles/picow_tcpip_server_background.dir/C_/Users/Matt/.pico-sdk/sdk/2.2.0/src/rp2_common/hardware_timer/timer.c.obj
                0x10001cf8                busy_wait_us
 .text.busy_wait_until
                0x10001d54       0x24 CMakeFiles/picow_tcpip_server_background.dir/C_/Users/Matt/.pico-sdk/sdk/2.2.0/src/rp2_common/hardware_timer/timer.c.obj
                0x10001d54                busy_wait_until
 .text.pll_init
                0x10001d78       0x8c CMakeFiles/picow_tcpip_server_background.dir/C_/Users/Matt/.pico-sdk/sdk/2.2.0/src/rp2_common/hardware_pll/pll.c.obj
                0x10001d78                pll_init
 .text.tick_start
                0x10001e04       0x18 CMakeFiles/picow_tcpip_server_background.dir/C_/Users/Matt/.pico-sdk/sdk/2.2.0/src/rp2_common/hardware_ticks/ticks.c.obj
                0x10001e04                tick_start
 .text.rom_func_lookup
                0x10001e1c       0x18 CMakeFiles/picow_tcpip_server_background.dir/C_/Users/Matt/.pico-sdk/sdk/2.2.0/src/rp2_common/pico_bootrom/bootrom.c.obj
                0x10001e1c                rom_func_lookup
 .text.rom_get_boot_random
                0x10001e34       0x48 CMakeFiles/picow_tcpip_server_background.dir/C_/Users/Matt/.pico-sdk/sdk/2.2.0/src/rp2_common/pico_bootrom/bootrom.c.obj
                0x10001e34                rom_get_boot_random
 .text.runtime_init_bootrom_locking_enable
                0x10001e7c       0x14 CMakeFiles/picow_tcpip_server_background.dir/C_/Users/Matt/.pico-sdk/sdk/2.2.0/src/rp2_common/pico_bootrom/bootrom_lock.c.obj
                0x10001e7c                runtime_init_bootrom_locking_enable
 .text.runtime_init_boot_locks_reset
                0x10001e90       0x1c CMakeFiles/picow_tcpip_server_background.dir/C_/Users/Matt/.pico-sdk/sdk/2.2.0/src/rp2_common/hardware_boot_lock/boot_lock.c.obj
                0x10001e90                runtime_init_boot_locks_reset
 .text.xosc_init
                0x10001eac       0x30 CMakeFiles/picow_tcpip_server_background.dir/C_/Users/Matt/.pico-sdk/sdk/2.2.0/src/rp2_common/hardware_xosc/xosc.c.obj
                0x10001eac                xosc_init
 .text.startup._retrieve_unique_id_on_boot
                0x10001edc       0x30 CMakeFiles/picow_tcpip_server_background.dir/C_/Users/Matt/.pico-sdk/sdk/2.2.0/src/rp2_common/pico_unique_id/unique_id.c.obj
 .text.pico_get_unique_board_id
                0x10001f0c       0x10 CMakeFiles/picow_tcpip_server_background.dir/C_/Users/Matt/.pico-sdk/sdk/2.2.0/src/rp2_common/pico_unique_id/unique_id.c.obj
                0x10001f0c                pico_get_unique_board_id
 .text.lwip_init
                0x10001f1c       0x28 CMakeFiles/picow_tcpip_server_background.dir/C_/Users/Matt/.pico-sdk/sdk/2.2.0/lib/lwip/src/core/init.c.obj
                0x10001f1c                lwip_init
 .text.lwip_htons
                0x10001f44        0x8 CMakeFiles/picow_tcpip_server_background.dir/C_/Users/Matt/.pico-sdk/sdk/2.2.0/lib/lwip/src/core/def.c.obj
                0x10001f44                lwip_htons
 .text.lwip_htonl
                0x10001f4c        0x4 CMakeFiles/picow_tcpip_server_background.dir/C_/Users/Matt/.pico-sdk/sdk/2.2.0/lib/lwip/src/core/def.c.obj
                0x10001f4c                lwip_htonl
 .text.dns_call_found
                0x10001f50      0x15c CMakeFiles/picow_tcpip_server_background.dir/C_/Users/Matt/.pico-sdk/sdk/2.2.0/lib/lwip/src/core/dns.c.obj
 .text.dns_send.isra.0
                0x100020ac      0x168 CMakeFiles/picow_tcpip_server_background.dir/C_/Users/Matt/.pico-sdk/sdk/2.2.0/lib/lwip/src/core/dns.c.obj
 .text.dns_init
                0x10002214        0x4 CMakeFiles/picow_tcpip_server_background.dir/C_/Users/Matt/.pico-sdk/sdk/2.2.0/lib/lwip/src/core/dns.c.obj
                0x10002214                dns_init
 .text.dns_setserver
                0x10002218       0x28 CMakeFiles/picow_tcpip_server_background.dir/C_/Users/Matt/.pico-sdk/sdk/2.2.0/lib/lwip/src/core/dns.c.obj
                0x10002218                dns_setserver
 .text.dns_tmr  0x10002240      0x134 CMakeFiles/picow_tcpip_server_background.dir/C_/Users/Matt/.pico-sdk/sdk/2.2.0/lib/lwip/src/core/dns.c.obj
                0x10002240                dns_tmr
 .text.lwip_standard_chksum
                0x10002374       0xcc CMakeFiles/picow_tcpip_server_background.dir/C_/Users/Matt/.pico-sdk/sdk/2.2.0/lib/lwip/src/core/inet_chksum.c.obj
                0x10002374                lwip_standard_chksum
 .text.inet_chksum_pseudo
                0x10002440       0x88 CMakeFiles/picow_tcpip_server_background.dir/C_/Users/Matt/.pico-sdk/sdk/2.2.0/lib/lwip/src/core/inet_chksum.c.obj
                0x10002440                inet_chksum_pseudo
 .text.ip_chksum_pseudo
                0x100024c8        0x4 CMakeFiles/picow_tcpip_server_background.dir/C_/Users/Matt/.pico-sdk/sdk/2.2.0/lib/lwip/src/core/inet_chksum.c.obj
                0x100024c8                ip_chksum_pseudo
 .text.inet_chksum
                0x100024cc        0xc CMakeFiles/picow_tcpip_server_background.dir/C_/Users/Matt/.pico-sdk/sdk/2.2.0/lib/lwip/src/core/inet_chksum.c.obj
                0x100024cc                inet_chksum
 .text.inet_chksum_pbuf
                0x100024d8       0x48 CMakeFiles/picow_tcpip_server_background.dir/C_/Users/Matt/.pico-sdk/sdk/2.2.0/lib/lwip/src/core/inet_chksum.c.obj
                0x100024d8                inet_chksum_pbuf
 .text.mem_init
                0x10002520       0x48 CMakeFiles/picow_tcpip_server_background.dir/C_/Users/Matt/.pico-sdk/sdk/2.2.0/lib/lwip/src/core/mem.c.obj
                0x10002520                mem_init
 .text.mem_free
                0x10002568      0x134 CMakeFiles/picow_tcpip_server_background.dir/C_/Users/Matt/.pico-sdk/sdk/2.2.0/lib/lwip/src/core/mem.c.obj
                0x10002568                mem_free
 .text.mem_trim
                0x1000269c       0xe0 CMakeFiles/picow_tcpip_server_background.dir/C_/Users/Matt/.pico-sdk/sdk/2.2.0/lib/lwip/src/core/mem.c.obj
                0x1000269c                mem_trim
 .text.mem_malloc
                0x1000277c      0x108 CMakeFiles/picow_tcpip_server_background.dir/C_/Users/Matt/.pico-sdk/sdk/2.2.0/lib/lwip/src/core/mem.c.obj
                0x1000277c                mem_malloc
 .text.memp_init
                0x10002884       0x58 CMakeFiles/picow_tcpip_server_background.dir/C_/Users/Matt/.pico-sdk/sdk/2.2.0/lib/lwip/src/core/memp.c.obj
                0x10002884                memp_init
 .text.memp_malloc
                0x100028dc       0x40 CMakeFiles/picow_tcpip_server_background.dir/C_/Users/Matt/.pico-sdk/sdk/2.2.0/lib/lwip/src/core/memp.c.obj
                0x100028dc                memp_malloc
 .text.memp_free
                0x1000291c       0x3c CMakeFiles/picow_tcpip_server_background.dir/C_/Users/Matt/.pico-sdk/sdk/2.2.0/lib/lwip/src/core/memp.c.obj
                0x1000291c                memp_free
 .text.netif_null_output_ip4
                0x10002958        0x8 CMakeFiles/picow_tcpip_server_background.dir/C_/Users/Matt/.pico-sdk/sdk/2.2.0/lib/lwip/src/core/netif.c.obj
 .text.netif_do_set_ipaddr.isra.0
                0x10002960       0x70 CMakeFiles/picow_tcpip_server_background.dir/C_/Users/Matt/.pico-sdk/sdk/2.2.0/lib/lwip/src/core/netif.c.obj
 .text.netif_init
                0x100029d0        0x4 CMakeFiles/picow_tcpip_server_background.dir/C_/Users/Matt/.pico-sdk/sdk/2.2.0/lib/lwip/src/core/netif.c.obj
                0x100029d0                netif_init
 .text.netif_add
                0x100029d4      0x148 CMakeFiles/picow_tcpip_server_background.dir/C_/Users/Matt/.pico-sdk/sdk/2.2.0/lib/lwip/src/core/netif.c.obj
                0x100029d4                netif_add
 .text.netif_set_addr
                0x10002b1c       0xa4 CMakeFiles/picow_tcpip_server_background.dir/C_/Users/Matt/.pico-sdk/sdk/2.2.0/lib/lwip/src/core/netif.c.obj
                0x10002b1c                netif_set_addr
 .text.netif_remove
                0x10002bc0       0x90 CMakeFiles/picow_tcpip_server_background.dir/C_/Users/Matt/.pico-sdk/sdk/2.2.0/lib/lwip/src/core/netif.c.obj
                0x10002bc0                netif_remove
 .text.netif_set_default
                0x10002c50        0xc CMakeFiles/picow_tcpip_server_background.dir/C_/Users/Matt/.pico-sdk/sdk/2.2.0/lib/lwip/src/core/netif.c.obj
                0x10002c50                netif_set_default
 .text.netif_set_up
                0x10002c5c       0x44 CMakeFiles/picow_tcpip_server_background.dir/C_/Users/Matt/.pico-sdk/sdk/2.2.0/lib/lwip/src/core/netif.c.obj
                0x10002c5c                netif_set_up
 .text.netif_set_link_up
                0x10002ca0       0x4c CMakeFiles/picow_tcpip_server_background.dir/C_/Users/Matt/.pico-sdk/sdk/2.2.0/lib/lwip/src/core/netif.c.obj
                0x10002ca0                netif_set_link_up
 .text.netif_set_link_down
                0x10002cec       0x1c CMakeFiles/picow_tcpip_server_background.dir/C_/Users/Matt/.pico-sdk/sdk/2.2.0/lib/lwip/src/core/netif.c.obj
                0x10002cec                netif_set_link_down
 .text.netif_get_by_index
                0x10002d08       0x24 CMakeFiles/picow_tcpip_server_background.dir/C_/Users/Matt/.pico-sdk/sdk/2.2.0/lib/lwip/src/core/netif.c.obj
                0x10002d08                netif_get_by_index
 .text.pbuf_free.part.0
                0x10002d2c       0x74 CMakeFiles/picow_tcpip_server_background.dir/C_/Users/Matt/.pico-sdk/sdk/2.2.0/lib/lwip/src/core/pbuf.c.obj
 .text.pbuf_free_ooseq
                0x10002da0       0x34 CMakeFiles/picow_tcpip_server_background.dir/C_/Users/Matt/.pico-sdk/sdk/2.2.0/lib/lwip/src/core/pbuf.c.obj
                0x10002da0                pbuf_free_ooseq
 .text.pbuf_alloc
                0x10002dd4      0x124 CMakeFiles/picow_tcpip_server_background.dir/C_/Users/Matt/.pico-sdk/sdk/2.2.0/lib/lwip/src/core/pbuf.c.obj
                0x10002dd4                pbuf_alloc
 .text.pbuf_realloc
                0x10002ef8       0x88 CMakeFiles/picow_tcpip_server_background.dir/C_/Users/Matt/.pico-sdk/sdk/2.2.0/lib/lwip/src/core/pbuf.c.obj
                0x10002ef8                pbuf_realloc
 .text.pbuf_add_header
                0x10002f80       0x4c CMakeFiles/picow_tcpip_server_background.dir/C_/Users/Matt/.pico-sdk/sdk/2.2.0/lib/lwip/src/core/pbuf.c.obj
                0x10002f80                pbuf_add_header
 .text.pbuf_remove_header
                0x10002fcc       0x38 CMakeFiles/picow_tcpip_server_background.dir/C_/Users/Matt/.pico-sdk/sdk/2.2.0/lib/lwip/src/core/pbuf.c.obj
                0x10002fcc                pbuf_remove_header
 .text.pbuf_header_force
                0x10003004       0x68 CMakeFiles/picow_tcpip_server_background.dir/C_/Users/Matt/.pico-sdk/sdk/2.2.0/lib/lwip/src/core/pbuf.c.obj
                0x10003004                pbuf_header_force
 .text.pbuf_free
                0x1000306c       0x14 CMakeFiles/picow_tcpip_server_background.dir/C_/Users/Matt/.pico-sdk/sdk/2.2.0/lib/lwip/src/core/pbuf.c.obj
                0x1000306c                pbuf_free
 .text.pbuf_clen
                0x10003080       0x14 CMakeFiles/picow_tcpip_server_background.dir/C_/Users/Matt/.pico-sdk/sdk/2.2.0/lib/lwip/src/core/pbuf.c.obj
                0x10003080                pbuf_clen
 .text.pbuf_ref
                0x10003094       0x28 CMakeFiles/picow_tcpip_server_background.dir/C_/Users/Matt/.pico-sdk/sdk/2.2.0/lib/lwip/src/core/pbuf.c.obj
                0x10003094                pbuf_ref
 .text.pbuf_cat
                0x100030bc       0x50 CMakeFiles/picow_tcpip_server_background.dir/C_/Users/Matt/.pico-sdk/sdk/2.2.0/lib/lwip/src/core/pbuf.c.obj
                0x100030bc                pbuf_cat
 .text.pbuf_chain
                0x1000310c       0x68 CMakeFiles/picow_tcpip_server_background.dir/C_/Users/Matt/.pico-sdk/sdk/2.2.0/lib/lwip/src/core/pbuf.c.obj
                0x1000310c                pbuf_chain
 .text.pbuf_copy_partial_pbuf
                0x10003174      0x148 CMakeFiles/picow_tcpip_server_background.dir/C_/Users/Matt/.pico-sdk/sdk/2.2.0/lib/lwip/src/core/pbuf.c.obj
                0x10003174                pbuf_copy_partial_pbuf
 .text.pbuf_copy
                0x100032bc       0x10 CMakeFiles/picow_tcpip_server_background.dir/C_/Users/Matt/.pico-sdk/sdk/2.2.0/lib/lwip/src/core/pbuf.c.obj
                0x100032bc                pbuf_copy
 .text.pbuf_copy_partial
                0x100032cc       0x7c CMakeFiles/picow_tcpip_server_background.dir/C_/Users/Matt/.pico-sdk/sdk/2.2.0/lib/lwip/src/core/pbuf.c.obj
                0x100032cc                pbuf_copy_partial
 .text.pbuf_take
                0x10003348       0x6c CMakeFiles/picow_tcpip_server_background.dir/C_/Users/Matt/.pico-sdk/sdk/2.2.0/lib/lwip/src/core/pbuf.c.obj
                0x10003348                pbuf_take
 .text.pbuf_take_at
                0x100033b4       0xb4 CMakeFiles/picow_tcpip_server_background.dir/C_/Users/Matt/.pico-sdk/sdk/2.2.0/lib/lwip/src/core/pbuf.c.obj
                0x100033b4                pbuf_take_at
 .text.pbuf_clone
                0x10003468       0x2c CMakeFiles/picow_tcpip_server_background.dir/C_/Users/Matt/.pico-sdk/sdk/2.2.0/lib/lwip/src/core/pbuf.c.obj
                0x10003468                pbuf_clone
 .text.pbuf_put_at
                0x10003494       0x1c CMakeFiles/picow_tcpip_server_background.dir/C_/Users/Matt/.pico-sdk/sdk/2.2.0/lib/lwip/src/core/pbuf.c.obj
                0x10003494                pbuf_put_at
 .text.raw_input
                0x100034b0      0x124 CMakeFiles/picow_tcpip_server_background.dir/C_/Users/Matt/.pico-sdk/sdk/2.2.0/lib/lwip/src/core/raw.c.obj
                0x100034b0                raw_input
 .text.raw_netif_ip_addr_changed
                0x100035d4       0x3c CMakeFiles/picow_tcpip_server_background.dir/C_/Users/Matt/.pico-sdk/sdk/2.2.0/lib/lwip/src/core/raw.c.obj
                0x100035d4                raw_netif_ip_addr_changed
 .text.stats_init
                0x10003610        0x4 CMakeFiles/picow_tcpip_server_background.dir/C_/Users/Matt/.pico-sdk/sdk/2.2.0/lib/lwip/src/core/stats.c.obj
                0x10003610                stats_init
 .text.tcp_close_shutdown_fin
                0x10003614       0x4c CMakeFiles/picow_tcpip_server_background.dir/C_/Users/Matt/.pico-sdk/sdk/2.2.0/lib/lwip/src/core/tcp.c.obj
 .text.tcp_pcb_purge.part.0
                0x10003660       0xb0 CMakeFiles/picow_tcpip_server_background.dir/C_/Users/Matt/.pico-sdk/sdk/2.2.0/lib/lwip/src/core/tcp.c.obj
 .text.tcp_init
                0x10003710       0x18 CMakeFiles/picow_tcpip_server_background.dir/C_/Users/Matt/.pico-sdk/sdk/2.2.0/lib/lwip/src/core/tcp.c.obj
                0x10003710                tcp_init
 .text.tcp_free
                0x10003728       0x20 CMakeFiles/picow_tcpip_server_background.dir/C_/Users/Matt/.pico-sdk/sdk/2.2.0/lib/lwip/src/core/tcp.c.obj
                0x10003728                tcp_free
 .text.tcp_bind
                0x10003748       0xd0 CMakeFiles/picow_tcpip_server_background.dir/C_/Users/Matt/.pico-sdk/sdk/2.2.0/lib/lwip/src/core/tcp.c.obj
                0x10003748                tcp_bind
 .text.tcp_listen_with_backlog
                0x10003818       0xa0 CMakeFiles/picow_tcpip_server_background.dir/C_/Users/Matt/.pico-sdk/sdk/2.2.0/lib/lwip/src/core/tcp.c.obj
                0x10003818                tcp_listen_with_backlog
 .text.tcp_update_rcv_ann_wnd
                0x100038b8       0x58 CMakeFiles/picow_tcpip_server_background.dir/C_/Users/Matt/.pico-sdk/sdk/2.2.0/lib/lwip/src/core/tcp.c.obj
                0x100038b8                tcp_update_rcv_ann_wnd
 .text.tcp_recved
                0x10003910       0x90 CMakeFiles/picow_tcpip_server_background.dir/C_/Users/Matt/.pico-sdk/sdk/2.2.0/lib/lwip/src/core/tcp.c.obj
                0x10003910                tcp_recved
 .text.tcp_slowtmr
                0x100039a0      0x4f0 CMakeFiles/picow_tcpip_server_background.dir/C_/Users/Matt/.pico-sdk/sdk/2.2.0/lib/lwip/src/core/tcp.c.obj
                0x100039a0                tcp_slowtmr
 .text.tcp_segs_free
                0x10003e90       0x34 CMakeFiles/picow_tcpip_server_background.dir/C_/Users/Matt/.pico-sdk/sdk/2.2.0/lib/lwip/src/core/tcp.c.obj
                0x10003e90                tcp_segs_free
 .text.tcp_seg_free
                0x10003ec4       0x1c CMakeFiles/picow_tcpip_server_background.dir/C_/Users/Matt/.pico-sdk/sdk/2.2.0/lib/lwip/src/core/tcp.c.obj
                0x10003ec4                tcp_seg_free
 .text.tcp_seg_copy
                0x10003ee0       0x34 CMakeFiles/picow_tcpip_server_background.dir/C_/Users/Matt/.pico-sdk/sdk/2.2.0/lib/lwip/src/core/tcp.c.obj
                0x10003ee0                tcp_seg_copy
 .text.tcp_arg  0x10003f14        0x8 CMakeFiles/picow_tcpip_server_background.dir/C_/Users/Matt/.pico-sdk/sdk/2.2.0/lib/lwip/src/core/tcp.c.obj
                0x10003f14                tcp_arg
 .text.tcp_recv
                0x10003f1c       0x1c CMakeFiles/picow_tcpip_server_background.dir/C_/Users/Matt/.pico-sdk/sdk/2.2.0/lib/lwip/src/core/tcp.c.obj
                0x10003f1c                tcp_recv
 .text.tcp_err  0x10003f38       0x1c CMakeFiles/picow_tcpip_server_background.dir/C_/Users/Matt/.pico-sdk/sdk/2.2.0/lib/lwip/src/core/tcp.c.obj
                0x10003f38                tcp_err
 .text.tcp_accept
                0x10003f54        0xc CMakeFiles/picow_tcpip_server_background.dir/C_/Users/Matt/.pico-sdk/sdk/2.2.0/lib/lwip/src/core/tcp.c.obj
                0x10003f54                tcp_accept
 .text.tcp_pcb_purge
                0x10003f60       0x14 CMakeFiles/picow_tcpip_server_background.dir/C_/Users/Matt/.pico-sdk/sdk/2.2.0/lib/lwip/src/core/tcp.c.obj
                0x10003f60                tcp_pcb_purge
 .text.tcp_pcb_remove
                0x10003f74       0xd4 CMakeFiles/picow_tcpip_server_background.dir/C_/Users/Matt/.pico-sdk/sdk/2.2.0/lib/lwip/src/core/tcp.c.obj
                0x10003f74                tcp_pcb_remove
 .text.tcp_abandon
                0x10004048      0x188 CMakeFiles/picow_tcpip_server_background.dir/C_/Users/Matt/.pico-sdk/sdk/2.2.0/lib/lwip/src/core/tcp.c.obj
                0x10004048                tcp_abandon
 .text.tcp_abort
                0x100041d0        0x8 CMakeFiles/picow_tcpip_server_background.dir/C_/Users/Matt/.pico-sdk/sdk/2.2.0/lib/lwip/src/core/tcp.c.obj
                0x100041d0                tcp_abort
 .text.tcp_accept_null
                0x100041d8       0x1c CMakeFiles/picow_tcpip_server_background.dir/C_/Users/Matt/.pico-sdk/sdk/2.2.0/lib/lwip/src/core/tcp.c.obj
 .text.tcp_alloc
                0x100041f4      0x1a0 CMakeFiles/picow_tcpip_server_background.dir/C_/Users/Matt/.pico-sdk/sdk/2.2.0/lib/lwip/src/core/tcp.c.obj
                0x100041f4                tcp_alloc
 .text.tcp_new  0x10004394        0x8 CMakeFiles/picow_tcpip_server_background.dir/C_/Users/Matt/.pico-sdk/sdk/2.2.0/lib/lwip/src/core/tcp.c.obj
                0x10004394                tcp_new
 .text.tcp_close_shutdown
                0x1000439c      0x184 CMakeFiles/picow_tcpip_server_background.dir/C_/Users/Matt/.pico-sdk/sdk/2.2.0/lib/lwip/src/core/tcp.c.obj
 .text.tcp_recv_null
                0x10004520       0xc0 CMakeFiles/picow_tcpip_server_background.dir/C_/Users/Matt/.pico-sdk/sdk/2.2.0/lib/lwip/src/core/tcp.c.obj
                0x10004520                tcp_recv_null
 .text.tcp_process_refused_data
                0x100045e0       0x70 CMakeFiles/picow_tcpip_server_background.dir/C_/Users/Matt/.pico-sdk/sdk/2.2.0/lib/lwip/src/core/tcp.c.obj
                0x100045e0                tcp_process_refused_data
 .text.tcp_fasttmr
                0x10004650       0x84 CMakeFiles/picow_tcpip_server_background.dir/C_/Users/Matt/.pico-sdk/sdk/2.2.0/lib/lwip/src/core/tcp.c.obj
                0x10004650                tcp_fasttmr
 .text.tcp_tmr  0x100046d4       0x24 CMakeFiles/picow_tcpip_server_background.dir/C_/Users/Matt/.pico-sdk/sdk/2.2.0/lib/lwip/src/core/tcp.c.obj
                0x100046d4                tcp_tmr
 .text.tcp_close
                0x100046f8      0x178 CMakeFiles/picow_tcpip_server_background.dir/C_/Users/Matt/.pico-sdk/sdk/2.2.0/lib/lwip/src/core/tcp.c.obj
                0x100046f8                tcp_close
 .text.tcp_next_iss
                0x10004870       0x24 CMakeFiles/picow_tcpip_server_background.dir/C_/Users/Matt/.pico-sdk/sdk/2.2.0/lib/lwip/src/core/tcp.c.obj
                0x10004870                tcp_next_iss
 .text.tcp_eff_send_mss_netif
                0x10004894       0x28 CMakeFiles/picow_tcpip_server_background.dir/C_/Users/Matt/.pico-sdk/sdk/2.2.0/lib/lwip/src/core/tcp.c.obj
                0x10004894                tcp_eff_send_mss_netif
 .text.tcp_netif_ip_addr_changed
                0x100048bc       0x94 CMakeFiles/picow_tcpip_server_background.dir/C_/Users/Matt/.pico-sdk/sdk/2.2.0/lib/lwip/src/core/tcp.c.obj
                0x100048bc                tcp_netif_ip_addr_changed
 .text.tcp_free_ooseq
                0x10004950       0x38 CMakeFiles/picow_tcpip_server_background.dir/C_/Users/Matt/.pico-sdk/sdk/2.2.0/lib/lwip/src/core/tcp.c.obj
                0x10004950                tcp_free_ooseq
 .text.tcp_parseopt
                0x10004988      0x1a8 CMakeFiles/picow_tcpip_server_background.dir/C_/Users/Matt/.pico-sdk/sdk/2.2.0/lib/lwip/src/core/tcp_in.c.obj
 .text.tcp_oos_insert_segment
                0x10004b30       0x88 CMakeFiles/picow_tcpip_server_background.dir/C_/Users/Matt/.pico-sdk/sdk/2.2.0/lib/lwip/src/core/tcp_in.c.obj
 .text.tcp_free_acked_segments.isra.0
                0x10004bb8       0xb0 CMakeFiles/picow_tcpip_server_background.dir/C_/Users/Matt/.pico-sdk/sdk/2.2.0/lib/lwip/src/core/tcp_in.c.obj
 .text.tcp_receive
                0x10004c68      0x8b0 CMakeFiles/picow_tcpip_server_background.dir/C_/Users/Matt/.pico-sdk/sdk/2.2.0/lib/lwip/src/core/tcp_in.c.obj
 .text.tcp_input
                0x10005518      0xce4 CMakeFiles/picow_tcpip_server_background.dir/C_/Users/Matt/.pico-sdk/sdk/2.2.0/lib/lwip/src/core/tcp_in.c.obj
                0x10005518                tcp_input
 .text.tcp_trigger_input_pcb_close
                0x100061fc       0x10 CMakeFiles/picow_tcpip_server_background.dir/C_/Users/Matt/.pico-sdk/sdk/2.2.0/lib/lwip/src/core/tcp_in.c.obj
                0x100061fc                tcp_trigger_input_pcb_close
 .text.tcp_create_segment
                0x1000620c       0xc4 CMakeFiles/picow_tcpip_server_background.dir/C_/Users/Matt/.pico-sdk/sdk/2.2.0/lib/lwip/src/core/tcp_out.c.obj
 .text.tcp_output_control_segment
                0x100062d0       0xa8 CMakeFiles/picow_tcpip_server_background.dir/C_/Users/Matt/.pico-sdk/sdk/2.2.0/lib/lwip/src/core/tcp_out.c.obj
 .text.tcp_write
                0x10006378      0x430 CMakeFiles/picow_tcpip_server_background.dir/C_/Users/Matt/.pico-sdk/sdk/2.2.0/lib/lwip/src/core/tcp_out.c.obj
                0x10006378                tcp_write
 .text.tcp_split_unsent_seg
                0x100067a8      0x180 CMakeFiles/picow_tcpip_server_background.dir/C_/Users/Matt/.pico-sdk/sdk/2.2.0/lib/lwip/src/core/tcp_out.c.obj
                0x100067a8                tcp_split_unsent_seg
 .text.tcp_send_fin
                0x10006928      0x100 CMakeFiles/picow_tcpip_server_background.dir/C_/Users/Matt/.pico-sdk/sdk/2.2.0/lib/lwip/src/core/tcp_out.c.obj
                0x10006928                tcp_send_fin
 .text.tcp_enqueue_flags
                0x10006a28      0x110 CMakeFiles/picow_tcpip_server_background.dir/C_/Users/Matt/.pico-sdk/sdk/2.2.0/lib/lwip/src/core/tcp_out.c.obj
                0x10006a28                tcp_enqueue_flags
 .text.tcp_rexmit_rto_prepare
                0x10006b38       0x74 CMakeFiles/picow_tcpip_server_background.dir/C_/Users/Matt/.pico-sdk/sdk/2.2.0/lib/lwip/src/core/tcp_out.c.obj
                0x10006b38                tcp_rexmit_rto_prepare
 .text.tcp_rexmit
                0x10006bac       0x78 CMakeFiles/picow_tcpip_server_background.dir/C_/Users/Matt/.pico-sdk/sdk/2.2.0/lib/lwip/src/core/tcp_out.c.obj
                0x10006bac                tcp_rexmit
 .text.tcp_rexmit_fast
                0x10006c24       0x64 CMakeFiles/picow_tcpip_server_background.dir/C_/Users/Matt/.pico-sdk/sdk/2.2.0/lib/lwip/src/core/tcp_out.c.obj
                0x10006c24                tcp_rexmit_fast
 .text.tcp_rst  0x10006c88       0xb4 CMakeFiles/picow_tcpip_server_background.dir/C_/Users/Matt/.pico-sdk/sdk/2.2.0/lib/lwip/src/core/tcp_out.c.obj
                0x10006c88                tcp_rst
 .text.tcp_rst_netif
                0x10006d3c       0xfc CMakeFiles/picow_tcpip_server_background.dir/C_/Users/Matt/.pico-sdk/sdk/2.2.0/lib/lwip/src/core/tcp_out.c.obj
                0x10006d3c                tcp_rst_netif
 .text.tcp_send_empty_ack
                0x10006e38       0xc4 CMakeFiles/picow_tcpip_server_background.dir/C_/Users/Matt/.pico-sdk/sdk/2.2.0/lib/lwip/src/core/tcp_out.c.obj
                0x10006e38                tcp_send_empty_ack
 .text.tcp_output
                0x10006efc      0x398 CMakeFiles/picow_tcpip_server_background.dir/C_/Users/Matt/.pico-sdk/sdk/2.2.0/lib/lwip/src/core/tcp_out.c.obj
                0x10006efc                tcp_output
 .text.tcp_rexmit_rto_commit
                0x10007294       0x24 CMakeFiles/picow_tcpip_server_background.dir/C_/Users/Matt/.pico-sdk/sdk/2.2.0/lib/lwip/src/core/tcp_out.c.obj
                0x10007294                tcp_rexmit_rto_commit
 .text.tcp_rexmit_rto
                0x100072b8       0x84 CMakeFiles/picow_tcpip_server_background.dir/C_/Users/Matt/.pico-sdk/sdk/2.2.0/lib/lwip/src/core/tcp_out.c.obj
                0x100072b8                tcp_rexmit_rto
 .text.tcp_keepalive
                0x1000733c       0xa8 CMakeFiles/picow_tcpip_server_background.dir/C_/Users/Matt/.pico-sdk/sdk/2.2.0/lib/lwip/src/core/tcp_out.c.obj
                0x1000733c                tcp_keepalive
 .text.tcp_zero_window_probe
                0x100073e4      0x148 CMakeFiles/picow_tcpip_server_background.dir/C_/Users/Matt/.pico-sdk/sdk/2.2.0/lib/lwip/src/core/tcp_out.c.obj
                0x100073e4                tcp_zero_window_probe
 .text.tcpip_tcp_timer
                0x1000752c       0x70 CMakeFiles/picow_tcpip_server_background.dir/C_/Users/Matt/.pico-sdk/sdk/2.2.0/lib/lwip/src/core/timeouts.c.obj
 .text.lwip_cyclic_timer
                0x1000759c       0x90 CMakeFiles/picow_tcpip_server_background.dir/C_/Users/Matt/.pico-sdk/sdk/2.2.0/lib/lwip/src/core/timeouts.c.obj
 .text.tcp_timer_needed
                0x1000762c       0x74 CMakeFiles/picow_tcpip_server_background.dir/C_/Users/Matt/.pico-sdk/sdk/2.2.0/lib/lwip/src/core/timeouts.c.obj
                0x1000762c                tcp_timer_needed
 .text.sys_timeouts_init
                0x100076a0       0x84 CMakeFiles/picow_tcpip_server_background.dir/C_/Users/Matt/.pico-sdk/sdk/2.2.0/lib/lwip/src/core/timeouts.c.obj
                0x100076a0                sys_timeouts_init
 .text.sys_check_timeouts
                0x10007724       0x5c CMakeFiles/picow_tcpip_server_background.dir/C_/Users/Matt/.pico-sdk/sdk/2.2.0/lib/lwip/src/core/timeouts.c.obj
                0x10007724                sys_check_timeouts
 .text.sys_timeouts_sleeptime
                0x10007780       0x24 CMakeFiles/picow_tcpip_server_background.dir/C_/Users/Matt/.pico-sdk/sdk/2.2.0/lib/lwip/src/core/timeouts.c.obj
                0x10007780                sys_timeouts_sleeptime
 .text.udp_init
                0x100077a4       0x18 CMakeFiles/picow_tcpip_server_background.dir/C_/Users/Matt/.pico-sdk/sdk/2.2.0/lib/lwip/src/core/udp.c.obj
                0x100077a4                udp_init
 .text.udp_input
                0x100077bc      0x2ec CMakeFiles/picow_tcpip_server_background.dir/C_/Users/Matt/.pico-sdk/sdk/2.2.0/lib/lwip/src/core/udp.c.obj
                0x100077bc                udp_input
 .text.udp_bind
                0x10007aa8       0xf4 CMakeFiles/picow_tcpip_server_background.dir/C_/Users/Matt/.pico-sdk/sdk/2.2.0/lib/lwip/src/core/udp.c.obj
                0x10007aa8                udp_bind
 .text.udp_sendto_if_src
                0x10007b9c      0x118 CMakeFiles/picow_tcpip_server_background.dir/C_/Users/Matt/.pico-sdk/sdk/2.2.0/lib/lwip/src/core/udp.c.obj
                0x10007b9c                udp_sendto_if_src
 .text.udp_sendto_if
                0x10007cb4       0x40 CMakeFiles/picow_tcpip_server_background.dir/C_/Users/Matt/.pico-sdk/sdk/2.2.0/lib/lwip/src/core/udp.c.obj
                0x10007cb4                udp_sendto_if
 .text.udp_sendto
                0x10007cf4       0x7c CMakeFiles/picow_tcpip_server_background.dir/C_/Users/Matt/.pico-sdk/sdk/2.2.0/lib/lwip/src/core/udp.c.obj
                0x10007cf4                udp_sendto
 .text.udp_connect
                0x10007d70       0x58 CMakeFiles/picow_tcpip_server_background.dir/C_/Users/Matt/.pico-sdk/sdk/2.2.0/lib/lwip/src/core/udp.c.obj
                0x10007d70                udp_connect
 .text.udp_recv
                0x10007dc8        0x8 CMakeFiles/picow_tcpip_server_background.dir/C_/Users/Matt/.pico-sdk/sdk/2.2.0/lib/lwip/src/core/udp.c.obj
                0x10007dc8                udp_recv
 .text.udp_remove
                0x10007dd0       0x34 CMakeFiles/picow_tcpip_server_background.dir/C_/Users/Matt/.pico-sdk/sdk/2.2.0/lib/lwip/src/core/udp.c.obj
                0x10007dd0                udp_remove
 .text.udp_new  0x10007e04       0x1c CMakeFiles/picow_tcpip_server_background.dir/C_/Users/Matt/.pico-sdk/sdk/2.2.0/lib/lwip/src/core/udp.c.obj
                0x10007e04                udp_new
 .text.udp_netif_ip_addr_changed
                0x10007e20       0x3c CMakeFiles/picow_tcpip_server_background.dir/C_/Users/Matt/.pico-sdk/sdk/2.2.0/lib/lwip/src/core/udp.c.obj
                0x10007e20                udp_netif_ip_addr_changed
 .text.dhcp_create_msg
                0x10007e5c      0x108 CMakeFiles/picow_tcpip_server_background.dir/C_/Users/Matt/.pico-sdk/sdk/2.2.0/lib/lwip/src/core/ipv4/dhcp.c.obj
 .text.dhcp_inc_pcb_refcount
                0x10007f64       0x64 CMakeFiles/picow_tcpip_server_background.dir/C_/Users/Matt/.pico-sdk/sdk/2.2.0/lib/lwip/src/core/ipv4/dhcp.c.obj
 .text.dhcp_bind
                0x10007fc8      0x140 CMakeFiles/picow_tcpip_server_background.dir/C_/Users/Matt/.pico-sdk/sdk/2.2.0/lib/lwip/src/core/ipv4/dhcp.c.obj
 .text.dhcp_option_hostname.isra.0
                0x10008108       0x7c CMakeFiles/picow_tcpip_server_background.dir/C_/Users/Matt/.pico-sdk/sdk/2.2.0/lib/lwip/src/core/ipv4/dhcp.c.obj
 .text.dhcp_handle_ack.isra.0
                0x10008184       0xbc CMakeFiles/picow_tcpip_server_background.dir/C_/Users/Matt/.pico-sdk/sdk/2.2.0/lib/lwip/src/core/ipv4/dhcp.c.obj
 .text.dhcp_reboot.isra.0
                0x10008240      0x19c CMakeFiles/picow_tcpip_server_background.dir/C_/Users/Matt/.pico-sdk/sdk/2.2.0/lib/lwip/src/core/ipv4/dhcp.c.obj
 .text.dhcp_discover.isra.0
                0x100083dc      0x140 CMakeFiles/picow_tcpip_server_background.dir/C_/Users/Matt/.pico-sdk/sdk/2.2.0/lib/lwip/src/core/ipv4/dhcp.c.obj
 .text.dhcp_select.isra.0
                0x1000851c      0x1f8 CMakeFiles/picow_tcpip_server_background.dir/C_/Users/Matt/.pico-sdk/sdk/2.2.0/lib/lwip/src/core/ipv4/dhcp.c.obj
 .text.dhcp_recv
                0x10008714      0x5c0 CMakeFiles/picow_tcpip_server_background.dir/C_/Users/Matt/.pico-sdk/sdk/2.2.0/lib/lwip/src/core/ipv4/dhcp.c.obj
 .text.dhcp_set_struct
                0x10008cd4       0x3c CMakeFiles/picow_tcpip_server_background.dir/C_/Users/Matt/.pico-sdk/sdk/2.2.0/lib/lwip/src/core/ipv4/dhcp.c.obj
                0x10008cd4                dhcp_set_struct
 .text.dhcp_start
                0x10008d10       0xa4 CMakeFiles/picow_tcpip_server_background.dir/C_/Users/Matt/.pico-sdk/sdk/2.2.0/lib/lwip/src/core/ipv4/dhcp.c.obj
                0x10008d10                dhcp_start
 .text.dhcp_network_changed_link_up
                0x10008db4       0x40 CMakeFiles/picow_tcpip_server_background.dir/C_/Users/Matt/.pico-sdk/sdk/2.2.0/lib/lwip/src/core/ipv4/dhcp.c.obj
                0x10008db4                dhcp_network_changed_link_up
 .text.dhcp_renew
                0x10008df4      0x154 CMakeFiles/picow_tcpip_server_background.dir/C_/Users/Matt/.pico-sdk/sdk/2.2.0/lib/lwip/src/core/ipv4/dhcp.c.obj
                0x10008df4                dhcp_renew
 .text.dhcp_release_and_stop
                0x10008f48      0x158 CMakeFiles/picow_tcpip_server_background.dir/C_/Users/Matt/.pico-sdk/sdk/2.2.0/lib/lwip/src/core/ipv4/dhcp.c.obj
                0x10008f48                dhcp_release_and_stop
 .text.dhcp_coarse_tmr
                0x100090a0      0x1e4 CMakeFiles/picow_tcpip_server_background.dir/C_/Users/Matt/.pico-sdk/sdk/2.2.0/lib/lwip/src/core/ipv4/dhcp.c.obj
                0x100090a0                dhcp_coarse_tmr
 .text.dhcp_fine_tmr
                0x10009284       0xa0 CMakeFiles/picow_tcpip_server_background.dir/C_/Users/Matt/.pico-sdk/sdk/2.2.0/lib/lwip/src/core/ipv4/dhcp.c.obj
                0x10009284                dhcp_fine_tmr
 .text.dhcp_stop
                0x10009324      0x158 CMakeFiles/picow_tcpip_server_background.dir/C_/Users/Matt/.pico-sdk/sdk/2.2.0/lib/lwip/src/core/ipv4/dhcp.c.obj
                0x10009324                dhcp_stop
 .text.etharp_find_entry
                0x1000947c      0x3cc CMakeFiles/picow_tcpip_server_background.dir/C_/Users/Matt/.pico-sdk/sdk/2.2.0/lib/lwip/src/core/ipv4/etharp.c.obj
 .text.etharp_raw
                0x10009848       0xd4 CMakeFiles/picow_tcpip_server_background.dir/C_/Users/Matt/.pico-sdk/sdk/2.2.0/lib/lwip/src/core/ipv4/etharp.c.obj
 .text.etharp_output_to_arp_index
                0x1000991c       0xb8 CMakeFiles/picow_tcpip_server_background.dir/C_/Users/Matt/.pico-sdk/sdk/2.2.0/lib/lwip/src/core/ipv4/etharp.c.obj
 .text.etharp_tmr
                0x100099d4       0x84 CMakeFiles/picow_tcpip_server_background.dir/C_/Users/Matt/.pico-sdk/sdk/2.2.0/lib/lwip/src/core/ipv4/etharp.c.obj
                0x100099d4                etharp_tmr
 .text.etharp_cleanup_netif
                0x10009a58      0x164 CMakeFiles/picow_tcpip_server_background.dir/C_/Users/Matt/.pico-sdk/sdk/2.2.0/lib/lwip/src/core/ipv4/etharp.c.obj
                0x10009a58                etharp_cleanup_netif
 .text.etharp_input
                0x10009bbc      0x174 CMakeFiles/picow_tcpip_server_background.dir/C_/Users/Matt/.pico-sdk/sdk/2.2.0/lib/lwip/src/core/ipv4/etharp.c.obj
                0x10009bbc                etharp_input
 .text.etharp_query
                0x10009d30      0x180 CMakeFiles/picow_tcpip_server_background.dir/C_/Users/Matt/.pico-sdk/sdk/2.2.0/lib/lwip/src/core/ipv4/etharp.c.obj
                0x10009d30                etharp_query
 .text.etharp_output
                0x10009eb0      0x224 CMakeFiles/picow_tcpip_server_background.dir/C_/Users/Matt/.pico-sdk/sdk/2.2.0/lib/lwip/src/core/ipv4/etharp.c.obj
                0x10009eb0                etharp_output
 .text.etharp_request
                0x1000a0d4       0xd0 CMakeFiles/picow_tcpip_server_background.dir/C_/Users/Matt/.pico-sdk/sdk/2.2.0/lib/lwip/src/core/ipv4/etharp.c.obj
                0x1000a0d4                etharp_request
 .text.icmp_input
                0x1000a1a4      0x1b8 CMakeFiles/picow_tcpip_server_background.dir/C_/Users/Matt/.pico-sdk/sdk/2.2.0/lib/lwip/src/core/ipv4/icmp.c.obj
                0x1000a1a4                icmp_input
 .text.icmp_dest_unreach
                0x1000a35c       0xac CMakeFiles/picow_tcpip_server_background.dir/C_/Users/Matt/.pico-sdk/sdk/2.2.0/lib/lwip/src/core/ipv4/icmp.c.obj
                0x1000a35c                icmp_dest_unreach
 .text.icmp_time_exceeded
                0x1000a408       0xac CMakeFiles/picow_tcpip_server_background.dir/C_/Users/Matt/.pico-sdk/sdk/2.2.0/lib/lwip/src/core/ipv4/icmp.c.obj
                0x1000a408                icmp_time_exceeded
 .text.ip_reass_free_complete_datagram
                0x1000a4b4       0xe4 CMakeFiles/picow_tcpip_server_background.dir/C_/Users/Matt/.pico-sdk/sdk/2.2.0/lib/lwip/src/core/ipv4/ip4_frag.c.obj
 .text.ip_reass_remove_oldest_datagram
                0x1000a598       0xc0 CMakeFiles/picow_tcpip_server_background.dir/C_/Users/Matt/.pico-sdk/sdk/2.2.0/lib/lwip/src/core/ipv4/ip4_frag.c.obj
 .text.ip_reass_tmr
                0x1000a658       0x30 CMakeFiles/picow_tcpip_server_background.dir/C_/Users/Matt/.pico-sdk/sdk/2.2.0/lib/lwip/src/core/ipv4/ip4_frag.c.obj
                0x1000a658                ip_reass_tmr
 .text.ip4_reass
                0x1000a688      0x41c CMakeFiles/picow_tcpip_server_background.dir/C_/Users/Matt/.pico-sdk/sdk/2.2.0/lib/lwip/src/core/ipv4/ip4_frag.c.obj
                0x1000a688                ip4_reass
 .text.ip4_frag
                0x1000aaa4      0x22c CMakeFiles/picow_tcpip_server_background.dir/C_/Users/Matt/.pico-sdk/sdk/2.2.0/lib/lwip/src/core/ipv4/ip4_frag.c.obj
                0x1000aaa4                ip4_frag
 .text.ip4_route
                0x1000acd0       0x6c CMakeFiles/picow_tcpip_server_background.dir/C_/Users/Matt/.pico-sdk/sdk/2.2.0/lib/lwip/src/core/ipv4/ip4.c.obj
                0x1000acd0                ip4_route
 .text.ip4_input
                0x1000ad3c      0x2b0 CMakeFiles/picow_tcpip_server_background.dir/C_/Users/Matt/.pico-sdk/sdk/2.2.0/lib/lwip/src/core/ipv4/ip4.c.obj
                0x1000ad3c                ip4_input
 .text.ip4_output_if
                0x1000afec      0x138 CMakeFiles/picow_tcpip_server_background.dir/C_/Users/Matt/.pico-sdk/sdk/2.2.0/lib/lwip/src/core/ipv4/ip4.c.obj
                0x1000afec                ip4_output_if
 .text.ip4_output_if_src
                0x1000b124      0x138 CMakeFiles/picow_tcpip_server_background.dir/C_/Users/Matt/.pico-sdk/sdk/2.2.0/lib/lwip/src/core/ipv4/ip4.c.obj
                0x1000b124                ip4_output_if_src
 .text.ip4_addr_isbroadcast_u32
                0x1000b25c       0x38 CMakeFiles/picow_tcpip_server_background.dir/C_/Users/Matt/.pico-sdk/sdk/2.2.0/lib/lwip/src/core/ipv4/ip4_addr.c.obj
                0x1000b25c                ip4_addr_isbroadcast_u32
 .text.ip4addr_ntoa
                0x1000b294       0xcc CMakeFiles/picow_tcpip_server_background.dir/C_/Users/Matt/.pico-sdk/sdk/2.2.0/lib/lwip/src/core/ipv4/ip4_addr.c.obj
                0x1000b294                ip4addr_ntoa
 .text.ethernet_input
                0x1000b360       0xc4 CMakeFiles/picow_tcpip_server_background.dir/C_/Users/Matt/.pico-sdk/sdk/2.2.0/lib/lwip/src/netif/ethernet.c.obj
                0x1000b360                ethernet_input
 .text.ethernet_output
                0x1000b424       0x60 CMakeFiles/picow_tcpip_server_background.dir/C_/Users/Matt/.pico-sdk/sdk/2.2.0/lib/lwip/src/netif/ethernet.c.obj
                0x1000b424                ethernet_output
 .text.cyw43_arch_set_async_context
                0x1000b484        0xc CMakeFiles/picow_tcpip_server_background.dir/C_/Users/Matt/.pico-sdk/sdk/2.2.0/src/rp2_common/pico_cyw43_arch/cyw43_arch.c.obj
                0x1000b484                cyw43_arch_set_async_context
 .text.cyw43_arch_enable_ap_mode
                0x1000b490       0x68 CMakeFiles/picow_tcpip_server_background.dir/C_/Users/Matt/.pico-sdk/sdk/2.2.0/src/rp2_common/pico_cyw43_arch/cyw43_arch.c.obj
                0x1000b490                cyw43_arch_enable_ap_mode
 .text.cyw43_arch_async_context
                0x1000b4f8        0xc CMakeFiles/picow_tcpip_server_background.dir/C_/Users/Matt/.pico-sdk/sdk/2.2.0/src/rp2_common/pico_cyw43_arch/cyw43_arch.c.obj
                0x1000b4f8                cyw43_arch_async_context
 .text.cyw43_arch_poll
                0x1000b504       0x14 CMakeFiles/picow_tcpip_server_background.dir/C_/Users/Matt/.pico-sdk/sdk/2.2.0/src/rp2_common/pico_cyw43_arch/cyw43_arch.c.obj
                0x1000b504                cyw43_arch_poll
 .text.cyw43_arch_init
                0x1000b518       0x70 CMakeFiles/picow_tcpip_server_background.dir/C_/Users/Matt/.pico-sdk/sdk/2.2.0/src/rp2_common/pico_cyw43_arch/cyw43_arch_threadsafe_background.c.obj
                0x1000b518                cyw43_arch_init
 .text.ns_delay.constprop.0
                0x1000b588       0x24 CMakeFiles/picow_tcpip_server_background.dir/C_/Users/Matt/.pico-sdk/sdk/2.2.0/src/rp2_common/pico_cyw43_driver/cyw43_bus_pio_spi.c.obj
 .text.cyw43_spi_deinit
                0x1000b5ac       0x6c CMakeFiles/picow_tcpip_server_background.dir/C_/Users/Matt/.pico-sdk/sdk/2.2.0/src/rp2_common/pico_cyw43_driver/cyw43_bus_pio_spi.c.obj
                0x1000b5ac                cyw43_spi_deinit
 .text.cyw43_spi_init
                0x1000b618      0x128 CMakeFiles/picow_tcpip_server_background.dir/C_/Users/Matt/.pico-sdk/sdk/2.2.0/src/rp2_common/pico_cyw43_driver/cyw43_bus_pio_spi.c.obj
                0x1000b618                cyw43_spi_init
 .text.cyw43_spi_transfer
                0x1000b740      0x39c CMakeFiles/picow_tcpip_server_background.dir/C_/Users/Matt/.pico-sdk/sdk/2.2.0/src/rp2_common/pico_cyw43_driver/cyw43_bus_pio_spi.c.obj
                0x1000b740                cyw43_spi_transfer
 .text.cyw43_spi_gpio_setup
                0x1000badc       0x40 CMakeFiles/picow_tcpip_server_background.dir/C_/Users/Matt/.pico-sdk/sdk/2.2.0/src/rp2_common/pico_cyw43_driver/cyw43_bus_pio_spi.c.obj
                0x1000badc                cyw43_spi_gpio_setup
 .text.cyw43_spi_reset
                0x1000bb1c       0x30 CMakeFiles/picow_tcpip_server_background.dir/C_/Users/Matt/.pico-sdk/sdk/2.2.0/src/rp2_common/pico_cyw43_driver/cyw43_bus_pio_spi.c.obj
                0x1000bb1c                cyw43_spi_reset
 .text.read_reg_u32_swap
                0x1000bb4c       0x44 CMakeFiles/picow_tcpip_server_background.dir/C_/Users/Matt/.pico-sdk/sdk/2.2.0/src/rp2_common/pico_cyw43_driver/cyw43_bus_pio_spi.c.obj
                0x1000bb4c                read_reg_u32_swap
 .text.cyw43_read_reg_u32
                0x1000bb90       0x54 CMakeFiles/picow_tcpip_server_background.dir/C_/Users/Matt/.pico-sdk/sdk/2.2.0/src/rp2_common/pico_cyw43_driver/cyw43_bus_pio_spi.c.obj
                0x1000bb90                cyw43_read_reg_u32
 .text.cyw43_read_reg_u16
                0x1000bbe4       0x58 CMakeFiles/picow_tcpip_server_background.dir/C_/Users/Matt/.pico-sdk/sdk/2.2.0/src/rp2_common/pico_cyw43_driver/cyw43_bus_pio_spi.c.obj
                0x1000bbe4                cyw43_read_reg_u16
 .text.cyw43_read_reg_u8
                0x1000bc3c       0x58 CMakeFiles/picow_tcpip_server_background.dir/C_/Users/Matt/.pico-sdk/sdk/2.2.0/src/rp2_common/pico_cyw43_driver/cyw43_bus_pio_spi.c.obj
                0x1000bc3c                cyw43_read_reg_u8
 .text.write_reg_u32_swap
                0x1000bc94      0x1cc CMakeFiles/picow_tcpip_server_background.dir/C_/Users/Matt/.pico-sdk/sdk/2.2.0/src/rp2_common/pico_cyw43_driver/cyw43_bus_pio_spi.c.obj
                0x1000bc94                write_reg_u32_swap
 .text.cyw43_write_reg_u32
                0x1000be60      0x1c8 CMakeFiles/picow_tcpip_server_background.dir/C_/Users/Matt/.pico-sdk/sdk/2.2.0/src/rp2_common/pico_cyw43_driver/cyw43_bus_pio_spi.c.obj
                0x1000be60                cyw43_write_reg_u32
 .text.cyw43_write_reg_u16
                0x1000c028      0x1c8 CMakeFiles/picow_tcpip_server_background.dir/C_/Users/Matt/.pico-sdk/sdk/2.2.0/src/rp2_common/pico_cyw43_driver/cyw43_bus_pio_spi.c.obj
                0x1000c028                cyw43_write_reg_u16
 .text.cyw43_write_reg_u8
                0x1000c1f0      0x1c8 CMakeFiles/picow_tcpip_server_background.dir/C_/Users/Matt/.pico-sdk/sdk/2.2.0/src/rp2_common/pico_cyw43_driver/cyw43_bus_pio_spi.c.obj
                0x1000c1f0                cyw43_write_reg_u8
 .text.cyw43_read_bytes
                0x1000c3b8       0x84 CMakeFiles/picow_tcpip_server_background.dir/C_/Users/Matt/.pico-sdk/sdk/2.2.0/src/rp2_common/pico_cyw43_driver/cyw43_bus_pio_spi.c.obj
                0x1000c3b8                cyw43_read_bytes
 .text.cyw43_write_bytes
                0x1000c43c       0xcc CMakeFiles/picow_tcpip_server_background.dir/C_/Users/Matt/.pico-sdk/sdk/2.2.0/src/rp2_common/pico_cyw43_driver/cyw43_bus_pio_spi.c.obj
                0x1000c43c                cyw43_write_bytes
 .text.cyw43_set_backplane_window
                0x1000c508       0x70 CMakeFiles/picow_tcpip_server_background.dir/C_/Users/Matt/.pico-sdk/sdk/2.2.0/lib/cyw43-driver/src/cyw43_ll.c.obj
 .text.cyw43_ll_parse_async_event
                0x1000c578      0x114 CMakeFiles/picow_tcpip_server_background.dir/C_/Users/Matt/.pico-sdk/sdk/2.2.0/lib/cyw43-driver/src/cyw43_ll.c.obj
 .text.cyw43_kso_set
                0x1000c68c       0x78 CMakeFiles/picow_tcpip_server_background.dir/C_/Users/Matt/.pico-sdk/sdk/2.2.0/lib/cyw43-driver/src/cyw43_ll.c.obj
 .text.cyw43_ll_sdpcm_poll_device
                0x1000c704      0x230 CMakeFiles/picow_tcpip_server_background.dir/C_/Users/Matt/.pico-sdk/sdk/2.2.0/lib/cyw43-driver/src/cyw43_ll.c.obj
 .text.cyw43_sdpcm_send_common
                0x1000c934       0xe8 CMakeFiles/picow_tcpip_server_background.dir/C_/Users/Matt/.pico-sdk/sdk/2.2.0/lib/cyw43-driver/src/cyw43_ll.c.obj
 .text.cyw43_do_ioctl.part.0
                0x1000ca1c       0xb8 CMakeFiles/picow_tcpip_server_background.dir/C_/Users/Matt/.pico-sdk/sdk/2.2.0/lib/cyw43-driver/src/cyw43_ll.c.obj
 .text.cyw43_write_iovar_u32.constprop.0
                0x1000cad4       0x74 CMakeFiles/picow_tcpip_server_background.dir/C_/Users/Matt/.pico-sdk/sdk/2.2.0/lib/cyw43-driver/src/cyw43_ll.c.obj
 .text.cyw43_write_iovar_n
                0x1000cb48       0x80 CMakeFiles/picow_tcpip_server_background.dir/C_/Users/Matt/.pico-sdk/sdk/2.2.0/lib/cyw43-driver/src/cyw43_ll.c.obj
 .text.cyw43_write_iovar_u32_u32.constprop.0
                0x1000cbc8       0xa0 CMakeFiles/picow_tcpip_server_background.dir/C_/Users/Matt/.pico-sdk/sdk/2.2.0/lib/cyw43-driver/src/cyw43_ll.c.obj
 .text.cyw43_read_backplane.constprop.0
                0x1000cc68       0xe4 CMakeFiles/picow_tcpip_server_background.dir/C_/Users/Matt/.pico-sdk/sdk/2.2.0/lib/cyw43-driver/src/cyw43_ll.c.obj
 .text.cyw43_write_backplane
                0x1000cd4c       0xf8 CMakeFiles/picow_tcpip_server_background.dir/C_/Users/Matt/.pico-sdk/sdk/2.2.0/lib/cyw43-driver/src/cyw43_ll.c.obj
 .text.reset_device_core.constprop.0
                0x1000ce44      0x3ac CMakeFiles/picow_tcpip_server_background.dir/C_/Users/Matt/.pico-sdk/sdk/2.2.0/lib/cyw43-driver/src/cyw43_ll.c.obj
 .text.cyw43_ll_init
                0x1000d1f0       0x18 CMakeFiles/picow_tcpip_server_background.dir/C_/Users/Matt/.pico-sdk/sdk/2.2.0/lib/cyw43-driver/src/cyw43_ll.c.obj
                0x1000d1f0                cyw43_ll_init
 .text.cyw43_ll_deinit
                0x1000d208        0x4 CMakeFiles/picow_tcpip_server_background.dir/C_/Users/Matt/.pico-sdk/sdk/2.2.0/lib/cyw43-driver/src/cyw43_ll.c.obj
                0x1000d208                cyw43_ll_deinit
 .text.cyw43_ll_send_ethernet
                0x1000d20c       0x54 CMakeFiles/picow_tcpip_server_background.dir/C_/Users/Matt/.pico-sdk/sdk/2.2.0/lib/cyw43-driver/src/cyw43_ll.c.obj
                0x1000d20c                cyw43_ll_send_ethernet
 .text.cyw43_ll_process_packets
                0x1000d260       0x44 CMakeFiles/picow_tcpip_server_background.dir/C_/Users/Matt/.pico-sdk/sdk/2.2.0/lib/cyw43-driver/src/cyw43_ll.c.obj
                0x1000d260                cyw43_ll_process_packets
 .text.cyw43_ll_ioctl
                0x1000d2a4       0x78 CMakeFiles/picow_tcpip_server_background.dir/C_/Users/Matt/.pico-sdk/sdk/2.2.0/lib/cyw43-driver/src/cyw43_ll.c.obj
                0x1000d2a4                cyw43_ll_ioctl
 .text.cyw43_ll_bus_sleep
                0x1000d31c       0x30 CMakeFiles/picow_tcpip_server_background.dir/C_/Users/Matt/.pico-sdk/sdk/2.2.0/lib/cyw43-driver/src/cyw43_ll.c.obj
                0x1000d31c                cyw43_ll_bus_sleep
 .text.cyw43_ll_wifi_on
                0x1000d34c      0x208 CMakeFiles/picow_tcpip_server_background.dir/C_/Users/Matt/.pico-sdk/sdk/2.2.0/lib/cyw43-driver/src/cyw43_ll.c.obj
                0x1000d34c                cyw43_ll_wifi_on
 .text.cyw43_ll_wifi_get_mac
                0x1000d554       0x84 CMakeFiles/picow_tcpip_server_background.dir/C_/Users/Matt/.pico-sdk/sdk/2.2.0/lib/cyw43-driver/src/cyw43_ll.c.obj
                0x1000d554                cyw43_ll_wifi_get_mac
 .text.cyw43_ll_bus_init
                0x1000d5d8      0x840 CMakeFiles/picow_tcpip_server_background.dir/C_/Users/Matt/.pico-sdk/sdk/2.2.0/lib/cyw43-driver/src/cyw43_ll.c.obj
                0x1000d5d8                cyw43_ll_bus_init
 .text.cyw43_ll_wifi_pm
                0x1000de18      0x114 CMakeFiles/picow_tcpip_server_background.dir/C_/Users/Matt/.pico-sdk/sdk/2.2.0/lib/cyw43-driver/src/cyw43_ll.c.obj
                0x1000de18                cyw43_ll_wifi_pm
 .text.cyw43_ll_wifi_set_wpa_auth
                0x1000df2c       0x48 CMakeFiles/picow_tcpip_server_background.dir/C_/Users/Matt/.pico-sdk/sdk/2.2.0/lib/cyw43-driver/src/cyw43_ll.c.obj
                0x1000df2c                cyw43_ll_wifi_set_wpa_auth
 .text.cyw43_ll_wifi_rejoin
                0x1000df74       0x74 CMakeFiles/picow_tcpip_server_background.dir/C_/Users/Matt/.pico-sdk/sdk/2.2.0/lib/cyw43-driver/src/cyw43_ll.c.obj
                0x1000df74                cyw43_ll_wifi_rejoin
 .text.cyw43_ll_wifi_ap_init
                0x1000dfe8      0x47c CMakeFiles/picow_tcpip_server_background.dir/C_/Users/Matt/.pico-sdk/sdk/2.2.0/lib/cyw43-driver/src/cyw43_ll.c.obj
                0x1000dfe8                cyw43_ll_wifi_ap_init
 .text.cyw43_ll_wifi_ap_set_up
                0x1000e464       0x6c CMakeFiles/picow_tcpip_server_background.dir/C_/Users/Matt/.pico-sdk/sdk/2.2.0/lib/cyw43-driver/src/cyw43_ll.c.obj
                0x1000e464                cyw43_ll_wifi_ap_set_up
 .text.cyw43_ll_has_work
                0x1000e4d0       0x14 CMakeFiles/picow_tcpip_server_background.dir/C_/Users/Matt/.pico-sdk/sdk/2.2.0/lib/cyw43-driver/src/cyw43_ll.c.obj
                0x1000e4d0                cyw43_ll_has_work
 .text.cyw43_netif_init
                0x1000e4e4       0x3c CMakeFiles/picow_tcpip_server_background.dir/C_/Users/Matt/.pico-sdk/sdk/2.2.0/lib/cyw43-driver/src/cyw43_lwip.c.obj
 .text.cyw43_netif_output
                0x1000e520       0x34 CMakeFiles/picow_tcpip_server_background.dir/C_/Users/Matt/.pico-sdk/sdk/2.2.0/lib/cyw43-driver/src/cyw43_lwip.c.obj
 *fill*         0x1000e554        0x4 
 .text.cyw43_cb_tcpip_init
                0x1000e558       0xe4 CMakeFiles/picow_tcpip_server_background.dir/C_/Users/Matt/.pico-sdk/sdk/2.2.0/lib/cyw43-driver/src/cyw43_lwip.c.obj
                0x1000e558                cyw43_cb_tcpip_init
 .text.cyw43_cb_tcpip_deinit
                0x1000e63c       0x40 CMakeFiles/picow_tcpip_server_background.dir/C_/Users/Matt/.pico-sdk/sdk/2.2.0/lib/cyw43-driver/src/cyw43_lwip.c.obj
                0x1000e63c                cyw43_cb_tcpip_deinit
 .text.cyw43_cb_process_ethernet
                0x1000e67c       0x54 CMakeFiles/picow_tcpip_server_background.dir/C_/Users/Matt/.pico-sdk/sdk/2.2.0/lib/cyw43-driver/src/cyw43_lwip.c.obj
                0x1000e67c                cyw43_cb_process_ethernet
 .text.cyw43_cb_tcpip_set_link_up
                0x1000e6d0        0xc CMakeFiles/picow_tcpip_server_background.dir/C_/Users/Matt/.pico-sdk/sdk/2.2.0/lib/cyw43-driver/src/cyw43_lwip.c.obj
                0x1000e6d0                cyw43_cb_tcpip_set_link_up
 .text.cyw43_cb_tcpip_set_link_down
                0x1000e6dc        0xc CMakeFiles/picow_tcpip_server_background.dir/C_/Users/Matt/.pico-sdk/sdk/2.2.0/lib/cyw43-driver/src/cyw43_lwip.c.obj
                0x1000e6dc                cyw43_cb_tcpip_set_link_down
 .text.cyw43_ensure_up
                0x1000e6e8       0x78 CMakeFiles/picow_tcpip_server_background.dir/C_/Users/Matt/.pico-sdk/sdk/2.2.0/lib/cyw43-driver/src/cyw43_ctrl.c.obj
 .text.cyw43_poll_func
                0x1000e760       0xb8 CMakeFiles/picow_tcpip_server_background.dir/C_/Users/Matt/.pico-sdk/sdk/2.2.0/lib/cyw43-driver/src/cyw43_ctrl.c.obj
 .text.cyw43_init
                0x1000e818       0x5c CMakeFiles/picow_tcpip_server_background.dir/C_/Users/Matt/.pico-sdk/sdk/2.2.0/lib/cyw43-driver/src/cyw43_ctrl.c.obj
                0x1000e818                cyw43_init
 .text.cyw43_deinit
                0x1000e874       0x80 CMakeFiles/picow_tcpip_server_background.dir/C_/Users/Matt/.pico-sdk/sdk/2.2.0/lib/cyw43-driver/src/cyw43_ctrl.c.obj
                0x1000e874                cyw43_deinit
 .text.cyw43_cb_read_host_interrupt_pin
                0x1000e8f4        0xc CMakeFiles/picow_tcpip_server_background.dir/C_/Users/Matt/.pico-sdk/sdk/2.2.0/lib/cyw43-driver/src/cyw43_ctrl.c.obj
                0x1000e8f4                cyw43_cb_read_host_interrupt_pin
 .text.cyw43_cb_ensure_awake
                0x1000e900        0xc CMakeFiles/picow_tcpip_server_background.dir/C_/Users/Matt/.pico-sdk/sdk/2.2.0/lib/cyw43-driver/src/cyw43_ctrl.c.obj
                0x1000e900                cyw43_cb_ensure_awake
 .text.cyw43_cb_process_async_event
                0x1000e90c      0x23c CMakeFiles/picow_tcpip_server_background.dir/C_/Users/Matt/.pico-sdk/sdk/2.2.0/lib/cyw43-driver/src/cyw43_ctrl.c.obj
                0x1000e90c                cyw43_cb_process_async_event
 .text.cyw43_send_ethernet
                0x1000eb48       0xac CMakeFiles/picow_tcpip_server_background.dir/C_/Users/Matt/.pico-sdk/sdk/2.2.0/lib/cyw43-driver/src/cyw43_ctrl.c.obj
                0x1000eb48                cyw43_send_ethernet
 .text.cyw43_wifi_get_mac
                0x1000ebf4       0x10 CMakeFiles/picow_tcpip_server_background.dir/C_/Users/Matt/.pico-sdk/sdk/2.2.0/lib/cyw43-driver/src/cyw43_ctrl.c.obj
                0x1000ebf4                cyw43_wifi_get_mac
 .text.cyw43_wifi_set_up
                0x1000ec04      0x14c CMakeFiles/picow_tcpip_server_background.dir/C_/Users/Matt/.pico-sdk/sdk/2.2.0/lib/cyw43-driver/src/cyw43_ctrl.c.obj
                0x1000ec04                cyw43_wifi_set_up
 .text.pio_sm_set_pindirs_with_mask64
                0x1000ed50       0x68 CMakeFiles/picow_tcpip_server_background.dir/C_/Users/Matt/.pico-sdk/sdk/2.2.0/src/rp2_common/hardware_pio/pio.c.obj
                0x1000ed50                pio_sm_set_pindirs_with_mask64
 .text.pio_sm_set_consecutive_pindirs
                0x1000edb8       0x8c CMakeFiles/picow_tcpip_server_background.dir/C_/Users/Matt/.pico-sdk/sdk/2.2.0/src/rp2_common/hardware_pio/pio.c.obj
                0x1000edb8                pio_sm_set_consecutive_pindirs
 .text.pio_claim_free_sm_and_add_program_for_gpio_range
                0x1000ee44      0x170 CMakeFiles/picow_tcpip_server_background.dir/C_/Users/Matt/.pico-sdk/sdk/2.2.0/src/rp2_common/hardware_pio/pio.c.obj
                0x1000ee44                pio_claim_free_sm_and_add_program_for_gpio_range
 .text.pio_remove_program_and_unclaim_sm
                0x1000efb4       0x4c CMakeFiles/picow_tcpip_server_background.dir/C_/Users/Matt/.pico-sdk/sdk/2.2.0/src/rp2_common/hardware_pio/pio.c.obj
                0x1000efb4                pio_remove_program_and_unclaim_sm
 .text.dma_channel_unclaim
                0x1000f000        0xc CMakeFiles/picow_tcpip_server_background.dir/C_/Users/Matt/.pico-sdk/sdk/2.2.0/src/rp2_common/hardware_dma/dma.c.obj
                0x1000f000                dma_channel_unclaim
 .text.dma_claim_unused_channel
                0x1000f00c       0x20 CMakeFiles/picow_tcpip_server_background.dir/C_/Users/Matt/.pico-sdk/sdk/2.2.0/src/rp2_common/hardware_dma/dma.c.obj
                0x1000f00c                dma_claim_unused_channel
 .text.dma_channel_cleanup
                0x1000f02c       0x50 CMakeFiles/picow_tcpip_server_background.dir/C_/Users/Matt/.pico-sdk/sdk/2.2.0/src/rp2_common/hardware_dma/dma.c.obj
                0x1000f02c                dma_channel_cleanup
 .text.cyw43_sleep_timeout_reached
                0x1000f07c        0xc CMakeFiles/picow_tcpip_server_background.dir/C_/Users/Matt/.pico-sdk/sdk/2.2.0/src/rp2_common/pico_cyw43_driver/cyw43_driver.c.obj
 .text.cyw43_irq_init
                0x1000f088       0x28 CMakeFiles/picow_tcpip_server_background.dir/C_/Users/Matt/.pico-sdk/sdk/2.2.0/src/rp2_common/pico_cyw43_driver/cyw43_driver.c.obj
                0x1000f088                cyw43_irq_init
 .text.cyw43_irq_deinit
                0x1000f0b0       0x20 CMakeFiles/picow_tcpip_server_background.dir/C_/Users/Matt/.pico-sdk/sdk/2.2.0/src/rp2_common/pico_cyw43_driver/cyw43_driver.c.obj
                0x1000f0b0                cyw43_irq_deinit
 .text.cyw43_gpio_irq_handler
                0x1000f0d0       0x48 CMakeFiles/picow_tcpip_server_background.dir/C_/Users/Matt/.pico-sdk/sdk/2.2.0/src/rp2_common/pico_cyw43_driver/cyw43_driver.c.obj
 .text.cyw43_do_poll
                0x1000f118       0x70 CMakeFiles/picow_tcpip_server_background.dir/C_/Users/Matt/.pico-sdk/sdk/2.2.0/src/rp2_common/pico_cyw43_driver/cyw43_driver.c.obj
 .text.cyw43_post_poll_hook
                0x1000f188        0xc CMakeFiles/picow_tcpip_server_background.dir/C_/Users/Matt/.pico-sdk/sdk/2.2.0/src/rp2_common/pico_cyw43_driver/cyw43_driver.c.obj
                0x1000f188                cyw43_post_poll_hook
 .text.cyw43_schedule_internal_poll_dispatch
                0x1000f194       0x14 CMakeFiles/picow_tcpip_server_background.dir/C_/Users/Matt/.pico-sdk/sdk/2.2.0/src/rp2_common/pico_cyw43_driver/cyw43_driver.c.obj
                0x1000f194                cyw43_schedule_internal_poll_dispatch
 .text.cyw43_driver_init
                0x1000f1a8       0x38 CMakeFiles/picow_tcpip_server_background.dir/C_/Users/Matt/.pico-sdk/sdk/2.2.0/src/rp2_common/pico_cyw43_driver/cyw43_driver.c.obj
                0x1000f1a8                cyw43_driver_init
 .text.cyw43_driver_deinit
                0x1000f1e0       0x48 CMakeFiles/picow_tcpip_server_background.dir/C_/Users/Matt/.pico-sdk/sdk/2.2.0/src/rp2_common/pico_cyw43_driver/cyw43_driver.c.obj
                0x1000f1e0                cyw43_driver_deinit
 .text.cyw43_hal_generate_laa_mac
                0x1000f228       0x28 CMakeFiles/picow_tcpip_server_background.dir/C_/Users/Matt/.pico-sdk/sdk/2.2.0/src/rp2_common/pico_cyw43_driver/cyw43_driver.c.obj
                0x1000f228                cyw43_hal_generate_laa_mac
 .text.cyw43_hal_get_mac
                0x1000f250       0x14 CMakeFiles/picow_tcpip_server_background.dir/C_/Users/Matt/.pico-sdk/sdk/2.2.0/src/rp2_common/pico_cyw43_driver/cyw43_driver.c.obj
                0x1000f250                cyw43_hal_get_mac
 .text.cyw43_thread_enter
                0x1000f264       0x10 CMakeFiles/picow_tcpip_server_background.dir/C_/Users/Matt/.pico-sdk/sdk/2.2.0/src/rp2_common/pico_cyw43_driver/cyw43_driver.c.obj
                0x1000f264                cyw43_thread_enter
 .text.cyw43_thread_exit
                0x1000f274       0x10 CMakeFiles/picow_tcpip_server_background.dir/C_/Users/Matt/.pico-sdk/sdk/2.2.0/src/rp2_common/pico_cyw43_driver/cyw43_driver.c.obj
                0x1000f274                cyw43_thread_exit
 .text.cyw43_await_background_or_timeout_us
                0x1000f284       0x6c CMakeFiles/picow_tcpip_server_background.dir/C_/Users/Matt/.pico-sdk/sdk/2.2.0/src/rp2_common/pico_cyw43_driver/cyw43_driver.c.obj
                0x1000f284                cyw43_await_background_or_timeout_us
 .text.cyw43_delay_ms
                0x1000f2f0       0x40 CMakeFiles/picow_tcpip_server_background.dir/C_/Users/Matt/.pico-sdk/sdk/2.2.0/src/rp2_common/pico_cyw43_driver/cyw43_driver.c.obj
                0x1000f2f0                cyw43_delay_ms
 .text.cyw43_delay_us
                0x1000f330       0x38 CMakeFiles/picow_tcpip_server_background.dir/C_/Users/Matt/.pico-sdk/sdk/2.2.0/src/rp2_common/pico_cyw43_driver/cyw43_driver.c.obj
                0x1000f330                cyw43_delay_us
 .text.async_context_threadsafe_background_acquire_lock_blocking
                0x1000f368        0x8 CMakeFiles/picow_tcpip_server_background.dir/C_/Users/Matt/.pico-sdk/sdk/2.2.0/src/rp2_common/pico_async_context/async_context_threadsafe_background.c.obj
 .text.alarm_handler
                0x1000f370       0x20 CMakeFiles/picow_tcpip_server_background.dir/C_/Users/Matt/.pico-sdk/sdk/2.2.0/src/rp2_common/pico_async_context/async_context_threadsafe_background.c.obj
 .text.async_context_threadsafe_background_set_work_pending
                0x1000f390       0x1c CMakeFiles/picow_tcpip_server_background.dir/C_/Users/Matt/.pico-sdk/sdk/2.2.0/src/rp2_common/pico_async_context/async_context_threadsafe_background.c.obj
 .text.process_under_lock
                0x1000f3ac       0xb0 CMakeFiles/picow_tcpip_server_background.dir/C_/Users/Matt/.pico-sdk/sdk/2.2.0/src/rp2_common/pico_async_context/async_context_threadsafe_background.c.obj
 .text.async_context_threadsafe_background_execute_sync
                0x1000f45c       0x3c CMakeFiles/picow_tcpip_server_background.dir/C_/Users/Matt/.pico-sdk/sdk/2.2.0/src/rp2_common/pico_async_context/async_context_threadsafe_background.c.obj
                0x1000f45c                async_context_threadsafe_background_execute_sync
 .text.async_context_threadsafe_background_deinit
                0x1000f498       0x5c CMakeFiles/picow_tcpip_server_background.dir/C_/Users/Matt/.pico-sdk/sdk/2.2.0/src/rp2_common/pico_async_context/async_context_threadsafe_background.c.obj
 .text.low_priority_irq_handler
                0x1000f4f4       0x40 CMakeFiles/picow_tcpip_server_background.dir/C_/Users/Matt/.pico-sdk/sdk/2.2.0/src/rp2_common/pico_async_context/async_context_threadsafe_background.c.obj
 .text.async_context_threadsafe_background_wait_for_work_until
                0x1000f534        0x8 CMakeFiles/picow_tcpip_server_background.dir/C_/Users/Matt/.pico-sdk/sdk/2.2.0/src/rp2_common/pico_async_context/async_context_threadsafe_background.c.obj
 .text.async_context_threadsafe_background_wait_until
                0x1000f53c       0x14 CMakeFiles/picow_tcpip_server_background.dir/C_/Users/Matt/.pico-sdk/sdk/2.2.0/src/rp2_common/pico_async_context/async_context_threadsafe_background.c.obj
 .text.async_context_threadsafe_background_lock_check
                0x1000f550       0x24 CMakeFiles/picow_tcpip_server_background.dir/C_/Users/Matt/.pico-sdk/sdk/2.2.0/src/rp2_common/pico_async_context/async_context_threadsafe_background.c.obj
 .text.async_context_threadsafe_background_release_lock
                0x1000f574       0x28 CMakeFiles/picow_tcpip_server_background.dir/C_/Users/Matt/.pico-sdk/sdk/2.2.0/src/rp2_common/pico_async_context/async_context_threadsafe_background.c.obj
 .text.async_context_threadsafe_background_when_pending_worker
                0x1000f59c       0x3c CMakeFiles/picow_tcpip_server_background.dir/C_/Users/Matt/.pico-sdk/sdk/2.2.0/src/rp2_common/pico_async_context/async_context_threadsafe_background.c.obj
 .text.async_context_threadsafe_background_add_when_pending_worker
                0x1000f5d8       0x3c CMakeFiles/picow_tcpip_server_background.dir/C_/Users/Matt/.pico-sdk/sdk/2.2.0/src/rp2_common/pico_async_context/async_context_threadsafe_background.c.obj
 .text.async_context_threadsafe_background_remove_at_time_worker
                0x1000f614       0x3c CMakeFiles/picow_tcpip_server_background.dir/C_/Users/Matt/.pico-sdk/sdk/2.2.0/src/rp2_common/pico_async_context/async_context_threadsafe_background.c.obj
 .text.async_context_threadsafe_background_add_at_time_worker
                0x1000f650       0x3c CMakeFiles/picow_tcpip_server_background.dir/C_/Users/Matt/.pico-sdk/sdk/2.2.0/src/rp2_common/pico_async_context/async_context_threadsafe_background.c.obj
 .text.async_context_threadsafe_background_default_config
                0x1000f68c        0xc CMakeFiles/picow_tcpip_server_background.dir/C_/Users/Matt/.pico-sdk/sdk/2.2.0/src/rp2_common/pico_async_context/async_context_threadsafe_background.c.obj
                0x1000f68c                async_context_threadsafe_background_default_config
 .text.async_context_threadsafe_background_init
                0x1000f698       0x8c CMakeFiles/picow_tcpip_server_background.dir/C_/Users/Matt/.pico-sdk/sdk/2.2.0/src/rp2_common/pico_async_context/async_context_threadsafe_background.c.obj
                0x1000f698                async_context_threadsafe_background_init
 .text.uart_init
                0x1000f724      0x104 CMakeFiles/picow_tcpip_server_background.dir/C_/Users/Matt/.pico-sdk/sdk/2.2.0/src/rp2_common/hardware_uart/uart.c.obj
                0x1000f724                uart_init
 .text.first_per_core_initializer
                0x1000f828        0x4 CMakeFiles/picow_tcpip_server_background.dir/C_/Users/Matt/.pico-sdk/sdk/2.2.0/src/rp2_common/pico_runtime/runtime.c.obj
 .text.hard_assertion_failure
                0x1000f82c        0xc CMakeFiles/picow_tcpip_server_background.dir/C_/Users/Matt/.pico-sdk/sdk/2.2.0/src/rp2_common/pico_runtime/runtime.c.obj
                0x1000f82c                hard_assertion_failure
 .text.runtime_run_initializers
                0x1000f838       0x20 CMakeFiles/picow_tcpip_server_background.dir/C_/Users/Matt/.pico-sdk/sdk/2.2.0/src/rp2_common/pico_runtime/runtime.c.obj
                0x1000f838                runtime_run_initializers
 .text.runtime_init_early_resets
                0x1000f858       0x34 CMakeFiles/picow_tcpip_server_background.dir/C_/Users/Matt/.pico-sdk/sdk/2.2.0/src/rp2_common/pico_runtime_init/runtime_init.c.obj
                0x1000f858                runtime_init_early_resets
 .text.runtime_init_usb_power_down
                0x1000f88c       0x1c CMakeFiles/picow_tcpip_server_background.dir/C_/Users/Matt/.pico-sdk/sdk/2.2.0/src/rp2_common/pico_runtime_init/runtime_init.c.obj
                0x1000f88c                runtime_init_usb_power_down
 .text.runtime_init_per_core_enable_coprocessors
                0x1000f8a8       0x1c CMakeFiles/picow_tcpip_server_background.dir/C_/Users/Matt/.pico-sdk/sdk/2.2.0/src/rp2_common/pico_runtime_init/runtime_init.c.obj
                0x1000f8a8                runtime_init_per_core_enable_coprocessors
 .text.runtime_init_post_clock_resets
                0x1000f8c4       0x20 CMakeFiles/picow_tcpip_server_background.dir/C_/Users/Matt/.pico-sdk/sdk/2.2.0/src/rp2_common/pico_runtime_init/runtime_init.c.obj
                0x1000f8c4                runtime_init_post_clock_resets
 .text.runtime_init_bootrom_reset
                0x1000f8e4       0x14 CMakeFiles/picow_tcpip_server_background.dir/C_/Users/Matt/.pico-sdk/sdk/2.2.0/src/rp2_common/pico_runtime_init/runtime_init.c.obj
                0x1000f8e4                runtime_init_bootrom_reset
 .text.runtime_init_per_core_bootrom_reset
                0x1000f8f8       0x14 CMakeFiles/picow_tcpip_server_background.dir/C_/Users/Matt/.pico-sdk/sdk/2.2.0/src/rp2_common/pico_runtime_init/runtime_init.c.obj
                0x1000f8f8                runtime_init_per_core_bootrom_reset
 .text.runtime_init_spin_locks_reset
                0x1000f90c        0x4 CMakeFiles/picow_tcpip_server_background.dir/C_/Users/Matt/.pico-sdk/sdk/2.2.0/src/rp2_common/pico_runtime_init/runtime_init.c.obj
                0x1000f90c                runtime_init_spin_locks_reset
 .text.runtime_init_install_ram_vector_table
                0x1000f910       0x68 CMakeFiles/picow_tcpip_server_background.dir/C_/Users/Matt/.pico-sdk/sdk/2.2.0/src/rp2_common/pico_runtime_init/runtime_init.c.obj
                0x1000f910                runtime_init_install_ram_vector_table
 .text.runtime_init_clocks
                0x1000f978       0xdc CMakeFiles/picow_tcpip_server_background.dir/C_/Users/Matt/.pico-sdk/sdk/2.2.0/src/rp2_common/pico_runtime_init/runtime_init_clocks.c.obj
                0x1000f978                runtime_init_clocks
 .text.__rp2350_dcp_engaged_state_save_restore
                0x1000fa54       0x3a CMakeFiles/picow_tcpip_server_background.dir/C_/Users/Matt/.pico-sdk/sdk/2.2.0/src/rp2_common/pico_double/double_aeabi_dcp.S.obj
 *fill*         0x1000fa8e        0x2 
 .text.__wrap___aeabi_dadd
                0x1000fa90       0x28 CMakeFiles/picow_tcpip_server_background.dir/C_/Users/Matt/.pico-sdk/sdk/2.2.0/src/rp2_common/pico_double/double_aeabi_dcp.S.obj
                0x1000fa98                __wrap___aeabi_dadd
 .text.__wrap___aeabi_dsub
                0x1000fab8       0x28 CMakeFiles/picow_tcpip_server_background.dir/C_/Users/Matt/.pico-sdk/sdk/2.2.0/src/rp2_common/pico_double/double_aeabi_dcp.S.obj
                0x1000fac0                __wrap___aeabi_dsub
 .text.__wrap___aeabi_dmul
                0x1000fae0       0x4c CMakeFiles/picow_tcpip_server_background.dir/C_/Users/Matt/.pico-sdk/sdk/2.2.0/src/rp2_common/pico_double/double_aeabi_dcp.S.obj
                0x1000fae8                __wrap___aeabi_dmul
 .text.__wrap___aeabi_ddiv
                0x1000fb2c       0x9c CMakeFiles/picow_tcpip_server_background.dir/C_/Users/Matt/.pico-sdk/sdk/2.2.0/src/rp2_common/pico_double/double_aeabi_dcp.S.obj
                0x1000fb34                __wrap___aeabi_ddiv
 .text.__wrap___aeabi_i2d
                0x1000fbc8       0x24 CMakeFiles/picow_tcpip_server_background.dir/C_/Users/Matt/.pico-sdk/sdk/2.2.0/src/rp2_common/pico_double/double_aeabi_dcp.S.obj
                0x1000fbd0                int2double
                0x1000fbd0                __wrap___aeabi_i2d
 .text.__wrap___aeabi_ui2d
                0x1000fbec       0x24 CMakeFiles/picow_tcpip_server_background.dir/C_/Users/Matt/.pico-sdk/sdk/2.2.0/src/rp2_common/pico_double/double_aeabi_dcp.S.obj
                0x1000fbf4                uint2double
                0x1000fbf4                __wrap___aeabi_ui2d
 .text.__wrap___aeabi_d2iz
                0x1000fc10       0x24 CMakeFiles/picow_tcpip_server_background.dir/C_/Users/Matt/.pico-sdk/sdk/2.2.0/src/rp2_common/pico_double/double_aeabi_dcp.S.obj
                0x1000fc18                double2int_z
                0x1000fc18                __wrap___aeabi_d2iz
 .text.__wrap___aeabi_d2uiz
                0x1000fc34       0x24 CMakeFiles/picow_tcpip_server_background.dir/C_/Users/Matt/.pico-sdk/sdk/2.2.0/src/rp2_common/pico_double/double_aeabi_dcp.S.obj
                0x1000fc3c                double2uint
                0x1000fc3c                __wrap___aeabi_d2uiz
                0x1000fc3c                double2uint_z
 .text.__wrap___aeabi_dcmpun
                0x1000fc58       0x24 CMakeFiles/picow_tcpip_server_background.dir/C_/Users/Matt/.pico-sdk/sdk/2.2.0/src/rp2_common/pico_double/double_aeabi_dcp.S.obj
                0x1000fc60                __wrap___aeabi_dcmpun
 .text.__wrap___aeabi_dcmplt
                0x1000fc7c       0x28 CMakeFiles/picow_tcpip_server_background.dir/C_/Users/Matt/.pico-sdk/sdk/2.2.0/src/rp2_common/pico_double/double_aeabi_dcp.S.obj
                0x1000fc84                __wrap___aeabi_dcmplt
 .text.__wrap___aeabi_dcmple
                0x1000fca4       0x28 CMakeFiles/picow_tcpip_server_background.dir/C_/Users/Matt/.pico-sdk/sdk/2.2.0/src/rp2_common/pico_double/double_aeabi_dcp.S.obj
                0x1000fcac                __wrap___aeabi_dcmple
 .text.__wrap___aeabi_dcmpge
                0x1000fccc       0x28 CMakeFiles/picow_tcpip_server_background.dir/C_/Users/Matt/.pico-sdk/sdk/2.2.0/src/rp2_common/pico_double/double_aeabi_dcp.S.obj
                0x1000fcd4                __wrap___aeabi_dcmpge
 .text.__wrap___aeabi_dcmpgt
                0x1000fcf4       0x28 CMakeFiles/picow_tcpip_server_background.dir/C_/Users/Matt/.pico-sdk/sdk/2.2.0/src/rp2_common/pico_double/double_aeabi_dcp.S.obj
                0x1000fcfc                __wrap___aeabi_dcmpgt
 .text._out_null
                0x1000fd1c        0x4 CMakeFiles/picow_tcpip_server_background.dir/C_/Users/Matt/.pico-sdk/sdk/2.2.0/src/rp2_common/pico_printf/printf.c.obj
 .text._out_rev
                0x1000fd20       0x9c CMakeFiles/picow_tcpip_server_background.dir/C_/Users/Matt/.pico-sdk/sdk/2.2.0/src/rp2_common/pico_printf/printf.c.obj
 .text._ntoa_format
                0x1000fdbc      0x1d4 CMakeFiles/picow_tcpip_server_background.dir/C_/Users/Matt/.pico-sdk/sdk/2.2.0/src/rp2_common/pico_printf/printf.c.obj
 .text._out_char
                0x1000ff90        0x8 CMakeFiles/picow_tcpip_server_background.dir/C_/Users/Matt/.pico-sdk/sdk/2.2.0/src/rp2_common/pico_printf/printf.c.obj
 .text._out_fct
                0x1000ff98        0xc CMakeFiles/picow_tcpip_server_background.dir/C_/Users/Matt/.pico-sdk/sdk/2.2.0/src/rp2_common/pico_printf/printf.c.obj
 *fill*         0x1000ffa4        0x4 
 .text._ftoa    0x1000ffa8      0x4bc CMakeFiles/picow_tcpip_server_background.dir/C_/Users/Matt/.pico-sdk/sdk/2.2.0/src/rp2_common/pico_printf/printf.c.obj
 *fill*         0x10010464        0x4 